Archive member included because of file (symbol)

/OPT/altera/12.1/nios2eds/bin/gnu/H-i686-pc-linux-gnu/bin/../lib/gcc/nios2-elf/4.1.2/../../../../nios2-elf/lib/libc.a(lib_a-ctime.o)
                              obj/default/hello_ucosii.o (ctime)
/OPT/altera/12.1/nios2eds/bin/gnu/H-i686-pc-linux-gnu/bin/../lib/gcc/nios2-elf/4.1.2/../../../../nios2-elf/lib/libc.a(lib_a-lcltime.o)
                              /OPT/altera/12.1/nios2eds/bin/gnu/H-i686-pc-linux-gnu/bin/../lib/gcc/nios2-elf/4.1.2/../../../../nios2-elf/lib/libc.a(lib_a-ctime.o) (localtime)
/OPT/altera/12.1/nios2eds/bin/gnu/H-i686-pc-linux-gnu/bin/../lib/gcc/nios2-elf/4.1.2/../../../../nios2-elf/lib/libc.a(lib_a-lcltime_r.o)
                              /OPT/altera/12.1/nios2eds/bin/gnu/H-i686-pc-linux-gnu/bin/../lib/gcc/nios2-elf/4.1.2/../../../../nios2-elf/lib/libc.a(lib_a-lcltime.o) (localtime_r)
/OPT/altera/12.1/nios2eds/bin/gnu/H-i686-pc-linux-gnu/bin/../lib/gcc/nios2-elf/4.1.2/../../../../nios2-elf/lib/libc.a(lib_a-malloc.o)
                              obj/default/hello_ucosii.o (free)
/OPT/altera/12.1/nios2eds/bin/gnu/H-i686-pc-linux-gnu/bin/../lib/gcc/nios2-elf/4.1.2/../../../../nios2-elf/lib/libc.a(lib_a-mallocr.o)
                              /OPT/altera/12.1/nios2eds/bin/gnu/H-i686-pc-linux-gnu/bin/../lib/gcc/nios2-elf/4.1.2/../../../../nios2-elf/lib/libc.a(lib_a-malloc.o) (_malloc_r)
/OPT/altera/12.1/nios2eds/bin/gnu/H-i686-pc-linux-gnu/bin/../lib/gcc/nios2-elf/4.1.2/../../../../nios2-elf/lib/libc.a(lib_a-mktm_r.o)
                              /OPT/altera/12.1/nios2eds/bin/gnu/H-i686-pc-linux-gnu/bin/../lib/gcc/nios2-elf/4.1.2/../../../../nios2-elf/lib/libc.a(lib_a-lcltime_r.o) (_mktm_r)
/OPT/altera/12.1/nios2eds/bin/gnu/H-i686-pc-linux-gnu/bin/../lib/gcc/nios2-elf/4.1.2/../../../../nios2-elf/lib/libc.a(lib_a-printf.o)
                              obj/default/hello_ucosii.o (printf)
/OPT/altera/12.1/nios2eds/bin/gnu/H-i686-pc-linux-gnu/bin/../lib/gcc/nios2-elf/4.1.2/../../../../nios2-elf/lib/libc.a(lib_a-puts.o)
                              obj/default/hello_ucosii.o (puts)
/OPT/altera/12.1/nios2eds/bin/gnu/H-i686-pc-linux-gnu/bin/../lib/gcc/nios2-elf/4.1.2/../../../../nios2-elf/lib/libc.a(lib_a-sbrkr.o)
                              /OPT/altera/12.1/nios2eds/bin/gnu/H-i686-pc-linux-gnu/bin/../lib/gcc/nios2-elf/4.1.2/../../../../nios2-elf/lib/libc.a(lib_a-mallocr.o) (_sbrk_r)
/OPT/altera/12.1/nios2eds/bin/gnu/H-i686-pc-linux-gnu/bin/../lib/gcc/nios2-elf/4.1.2/../../../../nios2-elf/lib/libc.a(lib_a-strlen.o)
                              /OPT/altera/12.1/nios2eds/bin/gnu/H-i686-pc-linux-gnu/bin/../lib/gcc/nios2-elf/4.1.2/../../../../nios2-elf/lib/libc.a(lib_a-puts.o) (strlen)
/OPT/altera/12.1/nios2eds/bin/gnu/H-i686-pc-linux-gnu/bin/../lib/gcc/nios2-elf/4.1.2/../../../../nios2-elf/lib/libc.a(lib_a-time.o)
                              obj/default/hello_ucosii.o (time)
/OPT/altera/12.1/nios2eds/bin/gnu/H-i686-pc-linux-gnu/bin/../lib/gcc/nios2-elf/4.1.2/../../../../nios2-elf/lib/libc.a(lib_a-tzlock.o)
                              /OPT/altera/12.1/nios2eds/bin/gnu/H-i686-pc-linux-gnu/bin/../lib/gcc/nios2-elf/4.1.2/../../../../nios2-elf/lib/libc.a(lib_a-mktm_r.o) (__tz_lock)
/OPT/altera/12.1/nios2eds/bin/gnu/H-i686-pc-linux-gnu/bin/../lib/gcc/nios2-elf/4.1.2/../../../../nios2-elf/lib/libc.a(lib_a-tzvars.o)
                              /OPT/altera/12.1/nios2eds/bin/gnu/H-i686-pc-linux-gnu/bin/../lib/gcc/nios2-elf/4.1.2/../../../../nios2-elf/lib/libc.a(lib_a-mktm_r.o) (_daylight)
/OPT/altera/12.1/nios2eds/bin/gnu/H-i686-pc-linux-gnu/bin/../lib/gcc/nios2-elf/4.1.2/../../../../nios2-elf/lib/libc.a(lib_a-vfprintf.o)
                              /OPT/altera/12.1/nios2eds/bin/gnu/H-i686-pc-linux-gnu/bin/../lib/gcc/nios2-elf/4.1.2/../../../../nios2-elf/lib/libc.a(lib_a-printf.o) (___vfprintf_internal_r)
/OPT/altera/12.1/nios2eds/bin/gnu/H-i686-pc-linux-gnu/bin/../lib/gcc/nios2-elf/4.1.2/../../../../nios2-elf/lib/libc.a(lib_a-wsetup.o)
                              /OPT/altera/12.1/nios2eds/bin/gnu/H-i686-pc-linux-gnu/bin/../lib/gcc/nios2-elf/4.1.2/../../../../nios2-elf/lib/libc.a(lib_a-vfprintf.o) (__swsetup_r)
/OPT/altera/12.1/nios2eds/bin/gnu/H-i686-pc-linux-gnu/bin/../lib/gcc/nios2-elf/4.1.2/../../../../nios2-elf/lib/libc.a(lib_a-asctime.o)
                              /OPT/altera/12.1/nios2eds/bin/gnu/H-i686-pc-linux-gnu/bin/../lib/gcc/nios2-elf/4.1.2/../../../../nios2-elf/lib/libc.a(lib_a-ctime.o) (asctime)
/OPT/altera/12.1/nios2eds/bin/gnu/H-i686-pc-linux-gnu/bin/../lib/gcc/nios2-elf/4.1.2/../../../../nios2-elf/lib/libc.a(lib_a-asctime_r.o)
                              /OPT/altera/12.1/nios2eds/bin/gnu/H-i686-pc-linux-gnu/bin/../lib/gcc/nios2-elf/4.1.2/../../../../nios2-elf/lib/libc.a(lib_a-asctime.o) (asctime_r)
/OPT/altera/12.1/nios2eds/bin/gnu/H-i686-pc-linux-gnu/bin/../lib/gcc/nios2-elf/4.1.2/../../../../nios2-elf/lib/libc.a(lib_a-dtoa.o)
[...]
Memory Configuration

Name             Origin             Length             Attributes
sdram_0          0x00800000         0x00800000
reset            0x01084000         0x00000020
onchip_memory2_0 0x01084020         0x00003fe0
*default*        0x00000000         0xffffffff

Linker script and memory map

LOAD ../vga_bsp//obj/HAL/src/crt0.o
LOAD obj/default/hello_ucosii.o
LOAD /OPT/altera/12.1/nios2eds/bin/gnu/H-i686-pc-linux-gnu/bin/../lib/gcc/nios2-elf/4.1.2/../../../../nios2-elf/lib/libstdc++.a
LOAD /OPT/altera/12.1/nios2eds/bin/gnu/H-i686-pc-linux-gnu/bin/../lib/gcc/nios2-elf/4.1.2/../../../../nios2-elf/lib/libm.a
LOAD /OPT/altera/12.1/nios2eds/bin/gnu/H-i686-pc-linux-gnu/bin/../lib/gcc/nios2-elf/4.1.2/libgcc.a
START GROUP
LOAD /OPT/altera/12.1/nios2eds/bin/gnu/H-i686-pc-linux-gnu/bin/../lib/gcc/nios2-elf/4.1.2/../../../../nios2-elf/lib/libc.a
LOAD /OPT/altera/12.1/nios2eds/bin/gnu/H-i686-pc-linux-gnu/bin/../lib/gcc/nios2-elf/4.1.2/libgcc.a
LOAD ../vga_bsp//libucosii_bsp.a
END GROUP
LOAD /OPT/altera/12.1/nios2eds/bin/gnu/H-i686-pc-linux-gnu/bin/../lib/gcc/nios2-elf/4.1.2/libgcc.a
                0x00800000                __alt_mem_sdram_0 = 0x800000
                0x01084000                __alt_mem_onchip_memory2_0 = 0x1084000

.entry          0x01084000       0x20
 *(.entry)
 .entry         0x01084000       0x20 ../vga_bsp//obj/HAL/src/crt0.o
                0x01084000                __reset

.exceptions     0x01084020      0x19c load address 0x00800000
                0x01084020                PROVIDE (__ram_exceptions_start, ABSOLUTE (.))
                0x01084020                . = ALIGN (0x20)
 *(.irq)
 *(.exceptions.entry.label)
 .exceptions.entry.label
                0x01084020        0x0 ../vga_bsp//libucosii_bsp.a(alt_irq_entry.o)
                0x01084020                alt_irq_entry
 .exceptions.entry.label
                0x01084020        0x0 ../vga_bsp//libucosii_bsp.a(alt_exception_entry.o)
                0x01084020                alt_exception
 *(.exceptions.entry.user)
 *(.exceptions.entry)
 .exceptions.entry
                0x01084020       0x54 ../vga_bsp//libucosii_bsp.a(alt_exception_entry.o)
 *(.exceptions.irqtest.user)
 *(.exceptions.irqtest)
 .exceptions.irqtest
                0x01084074       0x10 ../vga_bsp//libucosii_bsp.a(alt_irq_entry.o)
 *(.exceptions.irqhandler.user)
 *(.exceptions.irqhandler)
 .exceptions.irqhandler
                0x01084084        0x4 ../vga_bsp//libucosii_bsp.a(alt_irq_entry.o)
 *(.exceptions.irqreturn.user)
 *(.exceptions.irqreturn)
 .exceptions.irqreturn
                0x01084088        0x4 ../vga_bsp//libucosii_bsp.a(alt_irq_entry.o)
 *(.exceptions.notirq.label)
 .exceptions.notirq.label
                0x0108408c        0x0 ../vga_bsp//libucosii_bsp.a(alt_irq_entry.o)
 *(.exceptions.notirq.user)
 *(.exceptions.notirq)
 .exceptions.notirq
                0x0108408c        0x8 ../vga_bsp//libucosii_bsp.a(alt_exception_entry.o)
 *(.exceptions.soft.user)
 *(.exceptions.soft)
 *(.exceptions.unknown.user)
 *(.exceptions.unknown)
 .exceptions.unknown
                0x01084094        0x4 ../vga_bsp//libucosii_bsp.a(alt_exception_entry.o)
 *(.exceptions.exit.label)
 .exceptions.exit.label
                0x01084098        0x0 ../vga_bsp//libucosii_bsp.a(alt_irq_entry.o)
 .exceptions.exit.label
                0x01084098        0x0 ../vga_bsp//libucosii_bsp.a(alt_exception_entry.o)
 *(.exceptions.exit.user)
 *(.exceptions.exit)
 .exceptions.exit
                0x01084098       0x54 ../vga_bsp//libucosii_bsp.a(alt_exception_entry.o)
 *(.exceptions)
 .exceptions    0x010840ec       0xd0 ../vga_bsp//libucosii_bsp.a(alt_irq_handler.o)
                0x010840ec                alt_irq_handler
                0x010841bc                PROVIDE (__ram_exceptions_end, ABSOLUTE (.))
                0x00800000                PROVIDE (__flash_exceptions_start, LOADADDR (.exceptions))

.text           0x0080019c    0x1c0e0
                0x0080019c                PROVIDE (stext, ABSOLUTE (.))
 *(.interp)
 *(.hash)
 *(.dynsym)
 *(.dynstr)
 *(.gnu.version)
 *(.gnu.version_d)
 *(.gnu.version_r)
 *(.rel.init)
 *(.rela.init)
 *(.rel.text .rel.text.* .rel.gnu.linkonce.t.*)
 *(.rela.text .rela.text.* .rela.gnu.linkonce.t.*)
 *(.rel.fini)
 *(.rela.fini)
 *(.rel.rodata .rel.rodata.* .rel.gnu.linkonce.r.*)
 *(.rela.rodata .rela.rodata.* .rela.gnu.linkonce.r.*)
 *(.rel.data .rel.data.* .rel.gnu.linkonce.d.*)
 *(.rela.data .rela.data.* .rela.gnu.linkonce.d.*)
 *(.rel.tdata .rel.tdata.* .rel.gnu.linkonce.td.*)
 *(.rela.tdata .rela.tdata.* .rela.gnu.linkonce.td.*)
 *(.rel.tbss .rel.tbss.* .rel.gnu.linkonce.tb.*)
 *(.rela.tbss .rela.tbss.* .rela.gnu.linkonce.tb.*)
 *(.rel.ctors)
 *(.rela.ctors)
 *(.rel.dtors)
 *(.rela.dtors)
 *(.rel.got)
 *(.rela.got)
 *(.rel.sdata .rel.sdata.* .rel.gnu.linkonce.s.*)
 *(.rela.sdata .rela.sdata.* .rela.gnu.linkonce.s.*)
 *(.rel.sbss .rel.sbss.* .rel.gnu.linkonce.sb.*)
 *(.rela.sbss .rela.sbss.* .rela.gnu.linkonce.sb.*)
 *(.rel.sdata2 .rel.sdata2.* .rel.gnu.linkonce.s2.*)
 *(.rela.sdata2 .rela.sdata2.* .rela.gnu.linkonce.s2.*)
 *(.rel.sbss2 .rel.sbss2.* .rel.gnu.linkonce.sb2.*)
 *(.rela.sbss2 .rela.sbss2.* .rela.gnu.linkonce.sb2.*)
 *(.rel.bss .rel.bss.* .rel.gnu.linkonce.b.*)
 *(.rela.bss .rela.bss.* .rela.gnu.linkonce.b.*)
 *(.rel.plt)
 *(.rela.plt)
 *(.rel.dyn)
 *(.init)
 *(.plt)
 *(.text .stub .text.* .gnu.linkonce.t.*)
 .text          0x0080019c       0x4c ../vga_bsp//obj/HAL/src/crt0.o
                0x0080019c                _start
 .text          0x008001e8      0x440 obj/default/hello_ucosii.o
                0x008001e8                load_bmp
                0x0080038c                draw_bitmap
                0x00800434                main
 .text          0x00800628       0x1c /OPT/altera/12.1/nios2eds/bin/gnu/H-i686-pc-linux-gnu/bin/../lib/gcc/nios2-elf/4.1.2/../../../../nios2-elf/lib/libc.a(lib_a-ctime.o)
                0x00800628                ctime
 .text          0x00800644       0x14 /OPT/altera/12.1/nios2eds/bin/gnu/H-i686-pc-linux-gnu/bin/../lib/gcc/nios2-elf/4.1.2/../../../../nios2-elf/lib/libc.a(lib_a-lcltime.o)
                0x00800644                localtime
 .text          0x00800658        0x8 /OPT/altera/12.1/nios2eds/bin/gnu/H-i686-pc-linux-gnu/bin/../lib/gcc/nios2-elf/4.1.2/../../../../nios2-elf/lib/libc.a(lib_a-lcltime_r.o)
                0x00800658                localtime_r
 .text          0x00800660       0x28 /OPT/altera/12.1/nios2eds/bin/gnu/H-i686-pc-linux-gnu/bin/../lib/gcc/nios2-elf/4.1.2/../../../../nios2-elf/lib/libc.a(lib_a-malloc.o)
                0x00800660                free
                0x00800674                malloc
 .text          0x00800688      0x740 /OPT/altera/12.1/nios2eds/bin/gnu/H-i686-pc-linux-gnu/bin/../lib/gcc/nios2-elf/4.1.2/../../../../nios2-elf/lib/libc.a(lib_a-mallocr.o)
                0x00800688                _malloc_r
 .text          0x00800dc8      0x71c /OPT/altera/12.1/nios2eds/bin/gnu/H-i686-pc-linux-gnu/bin/../lib/gcc/nios2-elf/4.1.2/../../../../nios2-elf/lib/libc.a(lib_a-mktm_r.o)
                0x00800dc8                __tzcalc_limits
                0x00800ffc                _mktm_r
 .text          0x008014e4       0x78 /OPT/altera/12.1/nios2eds/bin/gnu/H-i686-pc-linux-gnu/bin/../lib/gcc/nios2-elf/4.1.2/../../../../nios2-elf/lib/libc.a(lib_a-printf.o)
                0x008014e4                printf
                0x00801528                _printf_r
 .text          0x0080155c       0xb4 /OPT/altera/12.1/nios2eds/bin/gnu/H-i686-pc-linux-gnu/bin/../lib/gcc/nios2-elf/4.1.2/../../../../nios2-elf/lib/libc.a(lib_a-puts.o)
                0x0080155c                _puts_r
                0x008015fc                puts
 .text          0x00801610       0x70 /OPT/altera/12.1/nios2eds/bin/gnu/H-i686-pc-linux-gnu/bin/../lib/gcc/nios2-elf/4.1.2/../../../../nios2-elf/lib/libc.a(lib_a-sbrkr.o)
                0x00801610                _sbrk_r
 .text          0x00801680       0x74 /OPT/altera/12.1/nios2eds/bin/gnu/H-i686-pc-linux-gnu/bin/../lib/gcc/nios2-elf/4.1.2/../../../../nios2-elf/lib/libc.a(lib_a-strlen.o)
                0x00801680                strlen
 .text          0x008016f4       0x5c /OPT/altera/12.1/nios2eds/bin/gnu/H-i686-pc-linux-gnu/bin/../lib/gcc/nios2-elf/4.1.2/../../../../nios2-elf/lib/libc.a(lib_a-time.o)
                0x008016f4                time
 .text          0x00801750        0x8 /OPT/altera/12.1/nios2eds/bin/gnu/H-i686-pc-linux-gnu/bin/../lib/gcc/nios2-elf/4.1.2/../../../../nios2-elf/lib/libc.a(lib_a-tzlock.o)
                0x00801750                __tz_lock
                0x00801754                __tz_unlock
 .text          0x00801758        0x0 /OPT/altera/12.1/nios2eds/bin/gnu/H-i686-pc-linux-gnu/bin/../lib/gcc/nios2-elf/4.1.2/../../../../nios2-elf/lib/libc.a(lib_a-tzvars.o)
 .text          0x00801758     0x1f28 /OPT/altera/12.1/nios2eds/bin/gnu/H-i686-pc-linux-gnu/bin/../lib/gcc/nios2-elf/4.1.2/../../../../nios2-elf/lib/libc.a(lib_a-vfprintf.o)
                0x008017b0                ___vfprintf_internal_r
                0x0080365c                __vfprintf_internal
 .text          0x00803680      0x13c /OPT/altera/12.1/nios2eds/bin/gnu/H-i686-pc-linux-gnu/bin/../lib/gcc/nios2-elf/4.1.2/../../../../nios2-elf/lib/libc.a(lib_a-wsetup.o)
                0x00803680                __swsetup_r
 .text          0x008037bc       0x14 /OPT/altera/12.1/nios2eds/bin/gnu/H-i686-pc-linux-gnu/bin/../lib/gcc/nios2-elf/4.1.2/../../../../nios2-elf/lib/libc.a(lib_a-asctime.o)
                0x008037bc                asctime
 .text          0x008037d0       0x90 /OPT/altera/12.1/nios2eds/bin/gnu/H-i686-pc-linux-gnu/bin/../lib/gcc/nios2-elf/4.1.2/../../../../nios2-elf/lib/libc.a(lib_a-asctime_r.o)
                0x008037d0                asctime_r
 .text          0x00803860     0x17cc /OPT/altera/12.1/nios2eds/bin/gnu/H-i686-pc-linux-gnu/bin/../lib/gcc/nios2-elf/4.1.2/../../../../nios2-elf/lib/libc.a(lib_a-dtoa.o)
                0x00803a78                _dtoa_r
 .text          0x0080502c      0x230 /OPT/altera/12.1/nios2eds/bin/gnu/H-i686-pc-linux-gnu/bin/../lib/gcc/nios2-elf/4.1.2/../../../../nios2-elf/lib/libc.a(lib_a-fflush.o)
                0x0080502c                _fflush_r
                0x00805228                fflush
 .text          0x0080525c      0x2c0 /OPT/altera/12.1/nios2eds/bin/gnu/H-i686-pc-linux-gnu/bin/../lib/gcc/nios2-elf/4.1.2/../../../../nios2-elf/lib/libc.a(lib_a-findfp.o)
                0x008052b4                __sfp_lock_acquire
                0x008052b8                __sfp_lock_release
                0x008052bc                __sinit_lock_acquire
                0x008052c0                __sinit_lock_release
                0x008052c4                __sinit
                0x00805378                __fp_unlock_all
                0x00805390                __fp_lock_all
                0x008053a8                _cleanup_r
                0x008053b4                _cleanup
                0x008053c4                __sfmoreglue
                0x0080542c                __sfp
 .text          0x0080551c      0x440 /OPT/altera/12.1/nios2eds/bin/gnu/H-i686-pc-linux-gnu/bin/../lib/gcc/nios2-elf/4.1.2/../../../../nios2-elf/lib/libc.a(lib_a-freer.o)
                0x0080551c                _malloc_trim_r
                0x00805648                _free_r
 .text          0x0080595c      0x49c /OPT/altera/12.1/nios2eds/bin/gnu/H-i686-pc-linux-gnu/bin/../lib/gcc/nios2-elf/4.1.2/../../../../nios2-elf/lib/libc.a(lib_a-fvwrite.o)
                0x0080595c                __sfvwrite_r
 .text          0x00805df8      0x180 /OPT/altera/12.1/nios2eds/bin/gnu/H-i686-pc-linux-gnu/bin/../lib/gcc/nios2-elf/4.1.2/../../../../nios2-elf/lib/libc.a(lib_a-fwalk.o)
                0x00805df8                _fwalk_reent
                0x00805ec0                _fwalk
 .text          0x00805f78       0x74 /OPT/altera/12.1/nios2eds/bin/gnu/H-i686-pc-linux-gnu/bin/../lib/gcc/nios2-elf/4.1.2/../../../../nios2-elf/lib/libc.a(lib_a-gettimeofdayr.o)
                0x00805f78                _gettimeofday_r
 .text          0x00805fec        0xc /OPT/altera/12.1/nios2eds/bin/gnu/H-i686-pc-linux-gnu/bin/../lib/gcc/nios2-elf/4.1.2/../../../../nios2-elf/lib/libc.a(lib_a-gettzinfo.o)
                0x00805fec                __gettzinfo
 .text          0x00805ff8        0x0 /OPT/altera/12.1/nios2eds/bin/gnu/H-i686-pc-linux-gnu/bin/../lib/gcc/nios2-elf/4.1.2/../../../../nios2-elf/lib/libc.a(lib_a-impure.o)
 .text          0x00805ff8        0x0 /OPT/altera/12.1/nios2eds/bin/gnu/H-i686-pc-linux-gnu/bin/../lib/gcc/nios2-elf/4.1.2/../../../../nios2-elf/lib/libc.a(lib_a-int_errno.o)
 .text          0x00805ff8       0xc4 /OPT/altera/12.1/nios2eds/bin/gnu/H-i686-pc-linux-gnu/bin/../lib/gcc/nios2-elf/4.1.2/../../../../nios2-elf/lib/libc.a(lib_a-locale.o)
                0x00805ff8                __locale_charset
                0x00806000                _localeconv_r
                0x0080600c                localeconv
                0x0080601c                _setlocale_r
                0x008060a0                setlocale
 .text          0x008060bc      0x194 /OPT/altera/12.1/nios2eds/bin/gnu/H-i686-pc-linux-gnu/bin/../lib/gcc/nios2-elf/4.1.2/../../../../nios2-elf/lib/libc.a(lib_a-makebuf.o)
                0x008060bc                __smakebuf_r
 .text          0x00806250       0xe4 /OPT/altera/12.1/nios2eds/bin/gnu/H-i686-pc-linux-gnu/bin/../lib/gcc/nios2-elf/4.1.2/../../../../nios2-elf/lib/libc.a(lib_a-memchr.o)
                0x00806250                memchr
 .text          0x00806334       0xa0 /OPT/altera/12.1/nios2eds/bin/gnu/H-i686-pc-linux-gnu/bin/../lib/gcc/nios2-elf/4.1.2/../../../../nios2-elf/lib/libc.a(lib_a-memcpy.o)
                0x00806334                memcpy
 .text          0x008063d4       0xe0 /OPT/altera/12.1/nios2eds/bin/gnu/H-i686-pc-linux-gnu/bin/../lib/gcc/nios2-elf/4.1.2/../../../../nios2-elf/lib/libc.a(lib_a-memmove.o)
                0x008063d4                memmove
 .text          0x008064b4       0x98 /OPT/altera/12.1/nios2eds/bin/gnu/H-i686-pc-linux-gnu/bin/../lib/gcc/nios2-elf/4.1.2/../../../../nios2-elf/lib/libc.a(lib_a-memset.o)
                0x008064b4                memset
 .text          0x0080654c      0xff4 /OPT/altera/12.1/nios2eds/bin/gnu/H-i686-pc-linux-gnu/bin/../lib/gcc/nios2-elf/4.1.2/../../../../nios2-elf/lib/libc.a(lib_a-mprec.o)
                0x0080654c                _Bfree
                0x00806574                __hi0bits
                0x008065e4                __lo0bits
                0x008066a8                __mcmp
                0x00806708                __ulp
                0x00806788                __b2d
                0x008068a8                __ratio
                0x00806958                _mprec_log10
                0x008069ec                __copybits
                0x00806a44                __any_on
                0x00806acc                _Balloc
                0x00806b88                __d2b
                0x00806d04                __mdiff
                0x00806e90                __lshift
                0x00806fdc                __multiply
                0x008071c4                __i2b
                0x00807200                __multadd
                0x00807300                __pow5mult
                0x00807420                __s2b
 .text          0x00807540      0x5f4 /OPT/altera/12.1/nios2eds/bin/gnu/H-i686-pc-linux-gnu/bin/../lib/gcc/nios2-elf/4.1.2/../../../../nios2-elf/lib/libc.a(lib_a-reallocr.o)
                0x00807540                _realloc_r
 .text          0x00807b34       0x40 /OPT/altera/12.1/nios2eds/bin/gnu/H-i686-pc-linux-gnu/bin/../lib/gcc/nios2-elf/4.1.2/../../../../nios2-elf/lib/libc.a(lib_a-s_isinfd.o)
                0x00807b34                __isinfd
 .text          0x00807b74       0x30 /OPT/altera/12.1/nios2eds/bin/gnu/H-i686-pc-linux-gnu/bin/../lib/gcc/nios2-elf/4.1.2/../../../../nios2-elf/lib/libc.a(lib_a-s_isnand.o)
                0x00807b74                __isnand
 .text          0x00807ba4       0xd4 /OPT/altera/12.1/nios2eds/bin/gnu/H-i686-pc-linux-gnu/bin/../lib/gcc/nios2-elf/4.1.2/../../../../nios2-elf/lib/libc.a(lib_a-sprintf.o)
                0x00807ba4                sprintf
                0x00807c18                _sprintf_r
 .text          0x00807c78      0x14c /OPT/altera/12.1/nios2eds/bin/gnu/H-i686-pc-linux-gnu/bin/../lib/gcc/nios2-elf/4.1.2/../../../../nios2-elf/lib/libc.a(lib_a-stdio.o)
                0x00807c78                __sclose
                0x00807c80                __sseek
                0x00807ce8                __swrite
                0x00807d64                __sread
 .text          0x00807dc4       0xbc /OPT/altera/12.1/nios2eds/bin/gnu/H-i686-pc-linux-gnu/bin/../lib/gcc/nios2-elf/4.1.2/../../../../nios2-elf/lib/libc.a(lib_a-strcmp.o)
                0x00807dc4                strcmp
 .text          0x00807e80       0x78 /OPT/altera/12.1/nios2eds/bin/gnu/H-i686-pc-linux-gnu/bin/../lib/gcc/nios2-elf/4.1.2/../../../../nios2-elf/lib/libc.a(lib_a-writer.o)
                0x00807e80                _write_r
 .text          0x00807ef8       0xb4 /OPT/altera/12.1/nios2eds/bin/gnu/H-i686-pc-linux-gnu/bin/../lib/gcc/nios2-elf/4.1.2/../../../../nios2-elf/lib/libc.a(lib_a-callocr.o)
                0x00807ef8                _calloc_r
 .text          0x00807fac       0x70 /OPT/altera/12.1/nios2eds/bin/gnu/H-i686-pc-linux-gnu/bin/../lib/gcc/nios2-elf/4.1.2/../../../../nios2-elf/lib/libc.a(lib_a-closer.o)
                0x00807fac                _close_r
 .text          0x0080801c      0x124 /OPT/altera/12.1/nios2eds/bin/gnu/H-i686-pc-linux-gnu/bin/../lib/gcc/nios2-elf/4.1.2/../../../../nios2-elf/lib/libc.a(lib_a-fclose.o)
                0x0080801c                _fclose_r
                0x0080812c                fclose
 .text          0x00808140       0x74 /OPT/altera/12.1/nios2eds/bin/gnu/H-i686-pc-linux-gnu/bin/../lib/gcc/nios2-elf/4.1.2/../../../../nios2-elf/lib/libc.a(lib_a-fstatr.o)
                0x00808140                _fstat_r
 .text          0x008081b4       0x70 /OPT/altera/12.1/nios2eds/bin/gnu/H-i686-pc-linux-gnu/bin/../lib/gcc/nios2-elf/4.1.2/../../../../nios2-elf/lib/libc.a(lib_a-isattyr.o)
                0x008081b4                _isatty_r
 .text          0x00808224       0x78 /OPT/altera/12.1/nios2eds/bin/gnu/H-i686-pc-linux-gnu/bin/../lib/gcc/nios2-elf/4.1.2/../../../../nios2-elf/lib/libc.a(lib_a-lseekr.o)
                0x00808224                _lseek_r
 .text          0x0080829c       0x78 /OPT/altera/12.1/nios2eds/bin/gnu/H-i686-pc-linux-gnu/bin/../lib/gcc/nios2-elf/4.1.2/../../../../nios2-elf/lib/libc.a(lib_a-readr.o)
                0x0080829c                _read_r
 .text          0x00808314      0x5dc /OPT/altera/12.1/nios2eds/bin/gnu/H-i686-pc-linux-gnu/bin/../lib/gcc/nios2-elf/4.1.2/libgcc.a(_udivdi3.o)
                0x00808314                __udivdi3
 .text          0x008088f0      0x5b0 /OPT/altera/12.1/nios2eds/bin/gnu/H-i686-pc-linux-gnu/bin/../lib/gcc/nios2-elf/4.1.2/libgcc.a(_umoddi3.o)
                0x008088f0                __umoddi3
 .text          0x00808ea0      0x504 /OPT/altera/12.1/nios2eds/bin/gnu/H-i686-pc-linux-gnu/bin/../lib/gcc/nios2-elf/4.1.2/libgcc.a(_addsub_df.o)
                0x008092b0                __subdf3
                0x00809330                __adddf3
 .text          0x008093a4      0x3c4 /OPT/altera/12.1/nios2eds/bin/gnu/H-i686-pc-linux-gnu/bin/../lib/gcc/nios2-elf/4.1.2/libgcc.a(_mul_df.o)
                0x008093a4                __muldf3
 .text          0x00809768      0x258 /OPT/altera/12.1/nios2eds/bin/gnu/H-i686-pc-linux-gnu/bin/../lib/gcc/nios2-elf/4.1.2/libgcc.a(_div_df.o)
                0x00809768                __divdf3
 .text          0x008099c0       0x88 /OPT/altera/12.1/nios2eds/bin/gnu/H-i686-pc-linux-gnu/bin/../lib/gcc/nios2-elf/4.1.2/libgcc.a(_eq_df.o)
                0x008099c0                __eqdf2
 .text          0x00809a48       0x88 /OPT/altera/12.1/nios2eds/bin/gnu/H-i686-pc-linux-gnu/bin/../lib/gcc/nios2-elf/4.1.2/libgcc.a(_ne_df.o)
                0x00809a48                __nedf2
 .text          0x00809ad0       0x88 /OPT/altera/12.1/nios2eds/bin/gnu/H-i686-pc-linux-gnu/bin/../lib/gcc/nios2-elf/4.1.2/libgcc.a(_gt_df.o)
                0x00809ad0                __gtdf2
 .text          0x00809b58       0x88 /OPT/altera/12.1/nios2eds/bin/gnu/H-i686-pc-linux-gnu/bin/../lib/gcc/nios2-elf/4.1.2/libgcc.a(_ge_df.o)
                0x00809b58                __gedf2
 .text          0x00809be0       0x88 /OPT/altera/12.1/nios2eds/bin/gnu/H-i686-pc-linux-gnu/bin/../lib/gcc/nios2-elf/4.1.2/libgcc.a(_lt_df.o)
                0x00809be0                __ltdf2
 .text          0x00809c68       0xf8 /OPT/altera/12.1/nios2eds/bin/gnu/H-i686-pc-linux-gnu/bin/../lib/gcc/nios2-elf/4.1.2/libgcc.a(_si_to_df.o)
                0x00809c68                __floatsidf
 .text          0x00809d60       0xd8 /OPT/altera/12.1/nios2eds/bin/gnu/H-i686-pc-linux-gnu/bin/../lib/gcc/nios2-elf/4.1.2/libgcc.a(_df_to_si.o)
                0x00809d60                __fixdfsi
 .text          0x00809e38        0x0 /OPT/altera/12.1/nios2eds/bin/gnu/H-i686-pc-linux-gnu/bin/../lib/gcc/nios2-elf/4.1.2/libgcc.a(_thenan_df.o)
 .text          0x00809e38      0x194 /OPT/altera/12.1/nios2eds/bin/gnu/H-i686-pc-linux-gnu/bin/../lib/gcc/nios2-elf/4.1.2/libgcc.a(_usi_to_df.o)
                0x00809e38                __floatunsidf
 .text          0x00809fcc      0x14c /OPT/altera/12.1/nios2eds/bin/gnu/H-i686-pc-linux-gnu/bin/../lib/gcc/nios2-elf/4.1.2/libgcc.a(lib2-divmod.o)
                0x0080a048                __divsi3
                0x0080a0a8                __modsi3
                0x0080a108                __udivsi3
                0x0080a110                __umodsi3
 .text          0x0080a118       0x98 /OPT/altera/12.1/nios2eds/bin/gnu/H-i686-pc-linux-gnu/bin/../lib/gcc/nios2-elf/4.1.2/libgcc.a(_muldi3.o)
                0x0080a118                __muldi3
 .text          0x0080a1b0        0x0 /OPT/altera/12.1/nios2eds/bin/gnu/H-i686-pc-linux-gnu/bin/../lib/gcc/nios2-elf/4.1.2/libgcc.a(_clz.o)
 .text          0x0080a1b0       0x80 /OPT/altera/12.1/nios2eds/bin/gnu/H-i686-pc-linux-gnu/bin/../lib/gcc/nios2-elf/4.1.2/libgcc.a(_clzsi2.o)
                0x0080a1b0                __clzsi2
 .text          0x0080a230      0x314 /OPT/altera/12.1/nios2eds/bin/gnu/H-i686-pc-linux-gnu/bin/../lib/gcc/nios2-elf/4.1.2/libgcc.a(_pack_df.o)
                0x0080a230                __pack_d
 .text          0x0080a544      0x138 /OPT/altera/12.1/nios2eds/bin/gnu/H-i686-pc-linux-gnu/bin/../lib/gcc/nios2-elf/4.1.2/libgcc.a(_unpack_df.o)
                0x0080a544                __unpack_d
 .text          0x0080a67c       0xc8 /OPT/altera/12.1/nios2eds/bin/gnu/H-i686-pc-linux-gnu/bin/../lib/gcc/nios2-elf/4.1.2/libgcc.a(_fpcmp_parts_df.o)
                0x0080a67c                __fpcmp_parts_d
 .text          0x0080a744      0x15c ../vga_bsp//libucosii_bsp.a(alt_close.o)
                0x0080a744                close
 .text          0x0080a8a0       0x2c ../vga_bsp//libucosii_bsp.a(alt_dev.o)
 .text          0x0080a8cc        0x0 ../vga_bsp//libucosii_bsp.a(alt_errno.o)
 .text          0x0080a8cc      0x134 ../vga_bsp//libucosii_bsp.a(alt_fstat.o)
                0x0080a8cc                fstat
 .text          0x0080aa00      0x21c ../vga_bsp//libucosii_bsp.a(alt_gettod.o)
                0x0080aa00                gettimeofday
 .text          0x0080ac1c      0x120 ../vga_bsp//libucosii_bsp.a(alt_isatty.o)
                0x0080ac1c                isatty
 .text          0x0080ad3c       0xec ../vga_bsp//libucosii_bsp.a(alt_load.o)
                0x0080ad3c                alt_load
 .text          0x0080ae28      0x150 ../vga_bsp//libucosii_bsp.a(alt_lseek.o)
                0x0080ae28                lseek
 .text          0x0080af78       0xc8 ../vga_bsp//libucosii_bsp.a(alt_main.o)
                0x0080af78                alt_main
 .text          0x0080b040      0x180 ../vga_bsp//libucosii_bsp.a(alt_read.o)
                0x0080b040                read
 .text          0x0080b1c0       0x60 ../vga_bsp//libucosii_bsp.a(alt_release_fd.o)
                0x0080b1c0                alt_release_fd
 .text          0x0080b220       0xbc ../vga_bsp//libucosii_bsp.a(alt_sbrk.o)
                0x0080b220                sbrk
 .text          0x0080b2dc      0x1a8 ../vga_bsp//libucosii_bsp.a(alt_tick.o)
                0x0080b2dc                alt_alarm_stop
                0x0080b374                alt_tick
 .text          0x0080b484      0x180 ../vga_bsp//libucosii_bsp.a(alt_write.o)
                0x0080b484                write
 .text          0x0080b604      0x108 ../vga_bsp//libucosii_bsp.a(alt_env_lock.o)
                0x0080b604                __env_lock
                0x0080b6b0                __env_unlock
 .text          0x0080b70c      0x1d8 ../vga_bsp//libucosii_bsp.a(alt_malloc_lock.o)
                0x0080b70c                __malloc_lock
                0x0080b814                __malloc_unlock
 .text          0x0080b8e4     0x2128 ../vga_bsp//libucosii_bsp.a(os_core.o)
                0x0080b8e4                OSEventNameGet
                0x0080ba14                OSEventNameSet
                0x0080bb58                OSEventPendMulti
                0x0080c20c                OSInit
                0x0080c260                OSIntEnter
                0x0080c2dc                OSIntExit
                0x0080c3dc                OSSchedLock
                0x0080c468                OSSchedUnlock
                0x0080c54c                OSStart
                0x0080c5bc                OSStatInit
                0x0080c668                OSTimeTick
                0x0080c8a8                OSVersion
                0x0080c8c8                OS_Dummy
                0x0080c8e4                OS_EventTaskRdy
                0x0080ca78                OS_EventTaskWait
                0x0080cb88                OS_EventTaskWaitMulti
                0x0080ccdc                OS_EventTaskRemove
                0x0080cd94                OS_EventTaskRemoveMulti
                0x0080ce98                OS_EventWaitListInit
                0x0080d264                OS_MemClr
                0x0080d2b8                OS_MemCopy
                0x0080d324                OS_Sched
                0x0080d468                OS_StrCopy
                0x0080d4e8                OS_StrLen
                0x0080d540                OS_TaskIdle
                0x0080d59c                OS_TaskStat
                0x0080d664                OS_TaskStatStkChk
                0x0080d72c                OS_TCBInit
 .text          0x0080da0c      0x18c ../vga_bsp//libucosii_bsp.a(os_dbg.o)
                0x0080da0c                OSDebugInit
 .text          0x0080db98     0x193c ../vga_bsp//libucosii_bsp.a(os_flag.o)
                0x0080db98                OSFlagAccept
                0x0080decc                OSFlagCreate
                0x0080e008                OSFlagDel
                0x0080e2b0                OSFlagNameGet
                0x0080e3f4                OSFlagNameSet
                0x0080e548                OSFlagPend
                0x0080eb8c                OSFlagPendGetFlagsRdy
                0x0080ebf4                OSFlagPost
                0x0080ef9c                OSFlagQuery
                0x0080f234                OS_FlagInit
                0x0080f428                OS_FlagUnlink
 .text          0x0080f4d4      0x808 ../vga_bsp//libucosii_bsp.a(os_mem.o)
                0x0080f4d4                OSMemCreate
                0x0080f6f0                OSMemGet
                0x0080f7f4                OSMemNameGet
                0x0080f900                OSMemNameSet
                0x0080fa20                OSMemPut
                0x0080fb10                OSMemQuery
                0x0080fc0c                OS_MemInit
 .text          0x0080fcdc     0x1334 ../vga_bsp//libucosii_bsp.a(os_q.o)
                0x0080fcdc                OSQAccept
                0x0080fe30                OSQCreate
                0x00810044                OSQDel
                0x00810344                OSQFlush
                0x0081040c                OSQPend
                0x0081072c                OSQPendAbort
                0x008108a8                OSQPost
                0x00810a28                OSQPostFront
                0x00810bb0                OSQPostOpt
                0x00810de4                OSQQuery
                0x00810f64                OS_QInit
 .text          0x00811010      0xbc8 ../vga_bsp//libucosii_bsp.a(os_sem.o)
                0x00811010                OSSemAccept
                0x008110d0                OSSemCreate
                0x008111e4                OSSemDel
                0x00811484                OSSemPend
                0x00811700                OSSemPendAbort
                0x0081187c                OSSemPost
                0x008119a4                OSSemQuery
                0x00811ad4                OSSemSet
 .text          0x00811bd8     0x1a40 ../vga_bsp//libucosii_bsp.a(os_task.o)
                0x00811bd8                OSTaskChangePrio
                0x0081214c                OSTaskCreate
                0x00812320                OSTaskCreateExt
                0x00812520                OSTaskDel
                0x0081292c                OSTaskDelReq
                0x00812a9c                OSTaskNameGet
                0x00812c54                OSTaskNameSet
                0x00812e18                OSTaskResume
                0x00813030                OSTaskStkChk
                0x0081322c                OSTaskSuspend
                0x00813458                OSTaskQuery
                0x0081359c                OS_TaskStkClr
 .text          0x00813618      0x598 ../vga_bsp//libucosii_bsp.a(os_time.o)
                0x00813618                OSTimeDly
                0x00813764                OSTimeDlyHMSM
                0x008138d8                OSTimeDlyResume
                0x00813ae8                OSTimeGet
                0x00813b4c                OSTimeSet
 .text          0x00813bb0      0x2e4 ../vga_bsp//libucosii_bsp.a(alt_sys_init.o)
                0x00813bb0                alt_irq_init
                0x00813be4                alt_sys_init
 .text          0x00813e94      0x148 ../vga_bsp//libucosii_bsp.a(altera_avalon_jtag_uart_fd.o)
                0x00813e94                altera_avalon_jtag_uart_read_fd
                0x00813eec                altera_avalon_jtag_uart_write_fd
                0x00813f44                altera_avalon_jtag_uart_close_fd
                0x00813f8c                altera_avalon_jtag_uart_ioctl_fd
 .text          0x00813fdc      0x584 ../vga_bsp//libucosii_bsp.a(altera_avalon_jtag_uart_init.o)
                0x00813fdc                altera_avalon_jtag_uart_init
                0x008144ec                altera_avalon_jtag_uart_close
 .text          0x00814560       0xf4 ../vga_bsp//libucosii_bsp.a(altera_avalon_jtag_uart_ioctl.o)
                0x00814560                altera_avalon_jtag_uart_ioctl
 .text          0x00814654      0x2c0 ../vga_bsp//libucosii_bsp.a(altera_avalon_jtag_uart_read.o)
                0x00814654                altera_avalon_jtag_uart_read
 .text          0x00814914      0x2dc ../vga_bsp//libucosii_bsp.a(altera_avalon_jtag_uart_write.o)
                0x00814914                altera_avalon_jtag_uart_write
 .text          0x00814bf0      0x100 ../vga_bsp//libucosii_bsp.a(altera_avalon_timer_sc.o)
                0x00814c60                alt_avalon_timer_sc_init
 .text          0x00814cf0      0x530 ../vga_bsp//libucosii_bsp.a(altera_up_avalon_character_lcd.o)
                0x00814cf0                get_DDRAM_addr
                0x00814d6c                alt_up_character_lcd_send_cmd
                0x00814da0                alt_up_character_lcd_init
                0x00814dd4                alt_up_character_lcd_open_dev
                0x00814e14                alt_up_character_lcd_write
                0x00814e8c                alt_up_character_lcd_string
                0x00814f04                alt_up_character_lcd_write_fd
                0x00814f50                alt_up_character_lcd_set_cursor_pos
                0x00814fc8                alt_up_character_lcd_shift_cursor
                0x00815078                alt_up_character_lcd_shift_display
                0x00815128                alt_up_character_lcd_erase_pos
                0x008151b8                alt_up_character_lcd_cursor_off
                0x008151ec                alt_up_character_lcd_cursor_blink_on
 .text          0x00815220     0x156c ../vga_bsp//libucosii_bsp.a(altera_up_avalon_video_pixel_buffer_dma.o)
                0x00815220                alt_up_pixel_buffer_dma_open_dev
                0x00815260                alt_up_pixel_buffer_dma_draw
                0x00815400                alt_up_pixel_buffer_dma_change_back_buffer_address
                0x00815458                alt_up_pixel_buffer_dma_swap_buffers
                0x008154b0                alt_up_pixel_buffer_dma_check_swap_buffers_status
                0x008154e4                alt_up_pixel_buffer_dma_clear_screen
                0x00815648                alt_up_pixel_buffer_dma_draw_box
                0x00815b3c                alt_up_pixel_buffer_dma_draw_hline
                0x00815e8c                alt_up_pixel_buffer_dma_draw_vline
                0x0081625c                alt_up_pixel_buffer_dma_draw_rectangle
                0x00816320                helper_plot_pixel
                0x008163f0                alt_up_pixel_buffer_dma_draw_line
 .text          0x0081678c     0x4428 ../vga_bsp//libucosii_bsp.a(altera_up_sd_card_avalon_interface.o)
                0x0081678c                Write_Sector_Data
                0x00816854                Save_Modified_Sector
                0x008168a4                Read_Sector_Data
                0x008169a0                get_cluster_flag
                0x00816a58                mark_cluster
                0x00816b3c                Check_for_Master_Boot_Record
                0x00816cec                Read_File_Record_At_Offset
                0x00816f70                Write_File_Record_At_Offset
                0x00817228                Check_for_DOS_FAT
                0x00817870                Look_for_FAT16
                0x00817968                filename_to_upper_case
                0x00817a38                check_file_name_for_FAT16_compliance
                0x00817cc8                get_dir_divider_location
                0x00817d88                match_file_record_to_name_ext
                0x00818074                get_home_directory_cluster_for_file
                0x00818588                find_file_in_directory
                0x008189ec                find_first_empty_cluster
                0x00818b90                find_first_empty_record_in_a_subdirectory
                0x00818ddc                find_first_empty_record_in_root_directory
                0x00818f08                convert_filename_to_name_extension
                0x008190c0                create_file
                0x00819394                copy_file_record_name_to_string
                0x008194e8                alt_up_sd_card_open_dev
                0x008195ac                alt_up_sd_card_is_Present
                0x00819674                alt_up_sd_card_is_FAT16
                0x008196e8                alt_up_sd_card_find_first
                0x008197bc                alt_up_sd_card_find_next
                0x00819b6c                alt_up_sd_card_fopen
                0x00819f14                alt_up_sd_card_set_attributes
                0x00819fa4                alt_up_sd_card_get_attributes
                0x0081a030                alt_up_sd_card_read
                0x0081a3c4                alt_up_sd_card_write
                0x0081a9e8                alt_up_sd_card_fclose
 .text          0x0081abb4      0x154 ../vga_bsp//libucosii_bsp.a(alt_alarm_start.o)
                0x0081abb4                alt_alarm_start
 .text          0x0081ad08       0x44 ../vga_bsp//libucosii_bsp.a(alt_dcache_flush_all.o)
                0x0081ad08                alt_dcache_flush_all
 .text          0x0081ad4c      0x114 ../vga_bsp//libucosii_bsp.a(alt_dev_llist_insert.o)
                0x0081ad4c                alt_dev_llist_insert
 .text          0x0081ae60       0x64 ../vga_bsp//libucosii_bsp.a(alt_do_ctors.o)
                0x0081ae60                _do_ctors
 .text          0x0081aec4       0x64 ../vga_bsp//libucosii_bsp.a(alt_do_dtors.o)
                0x0081aec4                _do_dtors
 .text          0x0081af28       0x94 ../vga_bsp//libucosii_bsp.a(alt_find_dev.o)
                0x0081af28                alt_find_dev
 .text          0x0081afbc       0x30 ../vga_bsp//libucosii_bsp.a(alt_icache_flush_all.o)
                0x0081afbc                alt_icache_flush_all
 .text          0x0081afec      0x1d4 ../vga_bsp//libucosii_bsp.a(alt_iic.o)
                0x0081afec                alt_ic_isr_register
                0x0081b03c                alt_ic_irq_enable
                0x0081b0d8                alt_ic_irq_disable
                0x0081b178                alt_ic_irq_enabled
 .text          0x0081b1c0       0xf8 ../vga_bsp//libucosii_bsp.a(alt_iic_isr_register.o)
                0x0081b1c0                alt_iic_isr_register
 .text          0x0081b2b8      0x13c ../vga_bsp//libucosii_bsp.a(alt_io_redirect.o)
                0x0081b37c                alt_io_redirect
 .text          0x0081b3f4        0x0 ../vga_bsp//libucosii_bsp.a(alt_irq_entry.o)
 .text          0x0081b3f4        0x0 ../vga_bsp//libucosii_bsp.a(alt_irq_handler.o)
 .text          0x0081b3f4        0x0 ../vga_bsp//libucosii_bsp.a(alt_irq_vars.o)
 .text          0x0081b3f4      0x2c4 ../vga_bsp//libucosii_bsp.a(alt_open.o)
                0x0081b4d0                open
 .text          0x0081b6b8       0x20 ../vga_bsp//libucosii_bsp.a(altera_nios2_qsys_irq.o)
                0x0081b6b8                altera_nios2_qsys_irq_init
 .text          0x0081b6d8       0xd0 ../vga_bsp//libucosii_bsp.a(os_cpu_a.o)
                0x0081b6d8                OSCtxSw
                0x0081b6d8                OSIntCtxSw
                0x0081b764                OSStartHighRdy
                0x0081b784                OSStartTsk
 .text          0x0081b7a8      0x418 ../vga_bsp//libucosii_bsp.a(os_cpu_c.o)
                0x0081b7a8                OSTaskStkInit
                0x0081bab8                OSTaskCreateHook
                0x0081bad8                OSTaskDelHook
                0x0081baf8                OSTaskSwHook
                0x0081bb14                OSTaskStatHook
                0x0081bb30                OSTimeTickHook
                0x0081bb4c                OSInitHookBegin
                0x0081bb68                OSInitHookEnd
                0x0081bb84                OSTaskIdleHook
                0x0081bba0                OSTCBInitHook
 .text          0x0081bbc0        0x0 ../vga_bsp//libucosii_bsp.a(alt_exception_entry.o)
 .text          0x0081bbc0      0x120 ../vga_bsp//libucosii_bsp.a(alt_find_file.o)
                0x0081bbc0                alt_find_file
 .text          0x0081bce0       0xf4 ../vga_bsp//libucosii_bsp.a(alt_get_fd.o)
                0x0081bce0                alt_get_fd
 .text          0x0081bdd4       0x90 ../vga_bsp//libucosii_bsp.a(alt_icache_flush.o)
                0x0081bdd4                alt_icache_flush
 .text          0x0081be64       0x14 /OPT/altera/12.1/nios2eds/bin/gnu/H-i686-pc-linux-gnu/bin/../lib/gcc/nios2-elf/4.1.2/../../../../nios2-elf/lib/libc.a(lib_a-atexit.o)
                0x0081be64                atexit
 .text          0x0081be78       0x38 /OPT/altera/12.1/nios2eds/bin/gnu/H-i686-pc-linux-gnu/bin/../lib/gcc/nios2-elf/4.1.2/../../../../nios2-elf/lib/libc.a(lib_a-exit.o)
                0x0081be78                exit
 .text          0x0081beb0       0x74 /OPT/altera/12.1/nios2eds/bin/gnu/H-i686-pc-linux-gnu/bin/../lib/gcc/nios2-elf/4.1.2/../../../../nios2-elf/lib/libc.a(lib_a-memcmp.o)
                0x0081beb0                memcmp
 .text          0x0081bf24      0x134 /OPT/altera/12.1/nios2eds/bin/gnu/H-i686-pc-linux-gnu/bin/../lib/gcc/nios2-elf/4.1.2/../../../../nios2-elf/lib/libc.a(lib_a-__atexit.o)
                0x0081bf24                __register_exitproc
 .text          0x0081c058      0x1b4 /OPT/altera/12.1/nios2eds/bin/gnu/H-i686-pc-linux-gnu/bin/../lib/gcc/nios2-elf/4.1.2/../../../../nios2-elf/lib/libc.a(lib_a-__call_atexit.o)
                0x0081c05c                __call_exitprocs
 .text          0x0081c20c       0x6c ../vga_bsp//libucosii_bsp.a(alt_exit.o)
                0x0081c24c                _exit
 *(.gnu.warning.*)
 *(.fini)
                0x0081c278                PROVIDE (__etext, ABSOLUTE (.))
                0x0081c278                PROVIDE (_etext, ABSOLUTE (.))
                0x0081c278                PROVIDE (etext, ABSOLUTE (.))
 *(.eh_frame_hdr)
                0x0081c278                . = ALIGN (0x4)
                0x0081c278                PROVIDE (__preinit_array_start, ABSOLUTE (.))
 *(.preinit_array)
                0x0081c278                PROVIDE (__preinit_array_end, ABSOLUTE (.))
                0x0081c278                PROVIDE (__init_array_start, ABSOLUTE (.))
 *(.init_array)
                0x0081c278                PROVIDE (__init_array_end, ABSOLUTE (.))
                0x0081c278                PROVIDE (__fini_array_start, ABSOLUTE (.))
 *(.fini_array)
                0x0081c278                PROVIDE (__fini_array_end, ABSOLUTE (.))
 *(.eh_frame)
 *(.gcc_except_table)
 *(.dynamic)
                0x0081c278                PROVIDE (__CTOR_LIST__, ABSOLUTE (.))
 *(.ctors)
 *(SORT(.ctors.*))
 .ctors.65535   0x0081c278        0x4 /OPT/altera/12.1/nios2eds/bin/gnu/H-i686-pc-linux-gnu/bin/../lib/gcc/nios2-elf/4.1.2/../../../../nios2-elf/lib/libc.a(lib_a-__call_atexit.o)
                0x0081c27c                PROVIDE (__CTOR_END__, ABSOLUTE (.))
                0x0081c27c                PROVIDE (__DTOR_LIST__, ABSOLUTE (.))
 *(.dtors)
 *(SORT(.dtors.*))
                0x0081c27c                PROVIDE (__DTOR_END__, ABSOLUTE (.))
 *(.jcr)
                0x0081c27c                . = ALIGN (0x4)

.rodata         0x0081c27c      0x6cc
                0x0081c27c                PROVIDE (__ram_rodata_start, ABSOLUTE (.))
                0x0081c27c                . = ALIGN (0x4)
 *(.rodata .rodata.* .gnu.linkonce.r.*)
 .rodata        0x0081c27c      0x140 obj/default/hello_ucosii.o
 .rodata        0x0081c3bc       0x60 /OPT/altera/12.1/nios2eds/bin/gnu/H-i686-pc-linux-gnu/bin/../lib/gcc/nios2-elf/4.1.2/../../../../nios2-elf/lib/libc.a(lib_a-mktm_r.o)
 .rodata.str1.4
                0x0081c41c        0x2 /OPT/altera/12.1/nios2eds/bin/gnu/H-i686-pc-linux-gnu/bin/../lib/gcc/nios2-elf/4.1.2/../../../../nios2-elf/lib/libc.a(lib_a-puts.o)
                                  0x4 (size before relaxing)
 *fill*         0x0081c41e        0x2 00
 .rodata.str1.4
                0x0081c420        0x4 /OPT/altera/12.1/nios2eds/bin/gnu/H-i686-pc-linux-gnu/bin/../lib/gcc/nios2-elf/4.1.2/../../../../nios2-elf/lib/libc.a(lib_a-tzvars.o)
 .rodata.str1.4
                0x0081c424       0x5e /OPT/altera/12.1/nios2eds/bin/gnu/H-i686-pc-linux-gnu/bin/../lib/gcc/nios2-elf/4.1.2/../../../../nios2-elf/lib/libc.a(lib_a-vfprintf.o)
                                 0x60 (size before relaxing)
 .rodata        0x0081c482       0x20 /OPT/altera/12.1/nios2eds/bin/gnu/H-i686-pc-linux-gnu/bin/../lib/gcc/nios2-elf/4.1.2/../../../../nios2-elf/lib/libc.a(lib_a-vfprintf.o)
 *fill*         0x0081c4a2        0x2 00
 .rodata.str1.4
                0x0081c4a4       0x20 /OPT/altera/12.1/nios2eds/bin/gnu/H-i686-pc-linux-gnu/bin/../lib/gcc/nios2-elf/4.1.2/../../../../nios2-elf/lib/libc.a(lib_a-asctime_r.o)
 .rodata        0x0081c4c4       0x39 /OPT/altera/12.1/nios2eds/bin/gnu/H-i686-pc-linux-gnu/bin/../lib/gcc/nios2-elf/4.1.2/../../../../nios2-elf/lib/libc.a(lib_a-asctime_r.o)
 *fill*         0x0081c4fd        0x3 00
 .rodata.str1.4
                0x0081c500       0x10 /OPT/altera/12.1/nios2eds/bin/gnu/H-i686-pc-linux-gnu/bin/../lib/gcc/nios2-elf/4.1.2/../../../../nios2-elf/lib/libc.a(lib_a-dtoa.o)
                                 0x14 (size before relaxing)
 .rodata.str1.4
                0x0081c510        0x2 /OPT/altera/12.1/nios2eds/bin/gnu/H-i686-pc-linux-gnu/bin/../lib/gcc/nios2-elf/4.1.2/../../../../nios2-elf/lib/libc.a(lib_a-impure.o)
                                  0x4 (size before relaxing)
 *fill*         0x0081c512        0x2 00
 .rodata.str1.4
                0x0081c514       0x10 /OPT/altera/12.1/nios2eds/bin/gnu/H-i686-pc-linux-gnu/bin/../lib/gcc/nios2-elf/4.1.2/../../../../nios2-elf/lib/libc.a(lib_a-locale.o)
                                 0x18 (size before relaxing)
 .rodata        0x0081c524       0x30 /OPT/altera/12.1/nios2eds/bin/gnu/H-i686-pc-linux-gnu/bin/../lib/gcc/nios2-elf/4.1.2/../../../../nios2-elf/lib/libc.a(lib_a-locale.o)
 .rodata        0x0081c554      0x124 /OPT/altera/12.1/nios2eds/bin/gnu/H-i686-pc-linux-gnu/bin/../lib/gcc/nios2-elf/4.1.2/../../../../nios2-elf/lib/libc.a(lib_a-mprec.o)
                0x0081c554                __mprec_tens
                0x0081c61c                __mprec_bigtens
                0x0081c644                __mprec_tinytens
 .rodata        0x0081c678       0x14 /OPT/altera/12.1/nios2eds/bin/gnu/H-i686-pc-linux-gnu/bin/../lib/gcc/nios2-elf/4.1.2/libgcc.a(_thenan_df.o)
                0x0081c678                __thenan_df
 .rodata        0x0081c68c      0x100 /OPT/altera/12.1/nios2eds/bin/gnu/H-i686-pc-linux-gnu/bin/../lib/gcc/nios2-elf/4.1.2/libgcc.a(_clz.o)
                0x0081c68c                __clz_tab
 .rodata        0x0081c78c        0xc ../vga_bsp//libucosii_bsp.a(alt_dev.o)
 .rodata        0x0081c798       0x14 ../vga_bsp//libucosii_bsp.a(alt_main.o)
 .rodata        0x0081c7ac      0x120 ../vga_bsp//libucosii_bsp.a(os_core.o)
                0x0081c7ac                OSUnMapTbl
 .rodata        0x0081c8cc       0x78 ../vga_bsp//libucosii_bsp.a(alt_sys_init.o)
 .rodata        0x0081c944        0x4 ../vga_bsp//libucosii_bsp.a(os_cpu_c.o)
 *(.rodata1)
                0x0081c948                . = ALIGN (0x4)
                0x0081c948                PROVIDE (__ram_rodata_end, ABSOLUTE (.))
                0x0081c27c                PROVIDE (__flash_rodata_start, LOADADDR (.rodata))

.rwdata         0x0081c948     0x1be0 load address 0x0081e528
                0x0081c948                PROVIDE (__ram_rwdata_start, ABSOLUTE (.))
                0x0081c948                . = ALIGN (0x4)
 *(.got.plt)
 *(.got)
 *(.data1)
 *(.data .data.* .gnu.linkonce.d.*)
 .data          0x0081c948        0x0 ../vga_bsp//obj/HAL/src/crt0.o
 .data          0x0081c948        0x0 obj/default/hello_ucosii.o
 .data          0x0081c948        0x0 /OPT/altera/12.1/nios2eds/bin/gnu/H-i686-pc-linux-gnu/bin/../lib/gcc/nios2-elf/4.1.2/../../../../nios2-elf/lib/libc.a(lib_a-ctime.o)
 .data          0x0081c948        0x0 /OPT/altera/12.1/nios2eds/bin/gnu/H-i686-pc-linux-gnu/bin/../lib/gcc/nios2-elf/4.1.2/../../../../nios2-elf/lib/libc.a(lib_a-lcltime.o)
 .data          0x0081c948        0x0 /OPT/altera/12.1/nios2eds/bin/gnu/H-i686-pc-linux-gnu/bin/../lib/gcc/nios2-elf/4.1.2/../../../../nios2-elf/lib/libc.a(lib_a-lcltime_r.o)
 .data          0x0081c948        0x0 /OPT/altera/12.1/nios2eds/bin/gnu/H-i686-pc-linux-gnu/bin/../lib/gcc/nios2-elf/4.1.2/../../../../nios2-elf/lib/libc.a(lib_a-malloc.o)
 .data          0x0081c948      0x408 /OPT/altera/12.1/nios2eds/bin/gnu/H-i686-pc-linux-gnu/bin/../lib/gcc/nios2-elf/4.1.2/../../../../nios2-elf/lib/libc.a(lib_a-mallocr.o)
                0x0081c948                __malloc_av_
 .data          0x0081cd50        0x0 /OPT/altera/12.1/nios2eds/bin/gnu/H-i686-pc-linux-gnu/bin/../lib/gcc/nios2-elf/4.1.2/../../../../nios2-elf/lib/libc.a(lib_a-mktm_r.o)
 .data          0x0081cd50        0x0 /OPT/altera/12.1/nios2eds/bin/gnu/H-i686-pc-linux-gnu/bin/../lib/gcc/nios2-elf/4.1.2/../../../../nios2-elf/lib/libc.a(lib_a-printf.o)
 .data          0x0081cd50        0x0 /OPT/altera/12.1/nios2eds/bin/gnu/H-i686-pc-linux-gnu/bin/../lib/gcc/nios2-elf/4.1.2/../../../../nios2-elf/lib/libc.a(lib_a-puts.o)
 .data          0x0081cd50        0x0 /OPT/altera/12.1/nios2eds/bin/gnu/H-i686-pc-linux-gnu/bin/../lib/gcc/nios2-elf/4.1.2/../../../../nios2-elf/lib/libc.a(lib_a-sbrkr.o)
 .data          0x0081cd50        0x0 /OPT/altera/12.1/nios2eds/bin/gnu/H-i686-pc-linux-gnu/bin/../lib/gcc/nios2-elf/4.1.2/../../../../nios2-elf/lib/libc.a(lib_a-strlen.o)
 .data          0x0081cd50        0x0 /OPT/altera/12.1/nios2eds/bin/gnu/H-i686-pc-linux-gnu/bin/../lib/gcc/nios2-elf/4.1.2/../../../../nios2-elf/lib/libc.a(lib_a-time.o)
 .data          0x0081cd50        0x0 /OPT/altera/12.1/nios2eds/bin/gnu/H-i686-pc-linux-gnu/bin/../lib/gcc/nios2-elf/4.1.2/../../../../nios2-elf/lib/libc.a(lib_a-tzlock.o)
 .data          0x0081cd50        0x0 /OPT/altera/12.1/nios2eds/bin/gnu/H-i686-pc-linux-gnu/bin/../lib/gcc/nios2-elf/4.1.2/../../../../nios2-elf/lib/libc.a(lib_a-tzvars.o)
 .data          0x0081cd50        0x0 /OPT/altera/12.1/nios2eds/bin/gnu/H-i686-pc-linux-gnu/bin/../lib/gcc/nios2-elf/4.1.2/../../../../nios2-elf/lib/libc.a(lib_a-vfprintf.o)
 .data          0x0081cd50        0x0 /OPT/altera/12.1/nios2eds/bin/gnu/H-i686-pc-linux-gnu/bin/../lib/gcc/nios2-elf/4.1.2/../../../../nios2-elf/lib/libc.a(lib_a-wsetup.o)
 .data          0x0081cd50        0x0 /OPT/altera/12.1/nios2eds/bin/gnu/H-i686-pc-linux-gnu/bin/../lib/gcc/nios2-elf/4.1.2/../../../../nios2-elf/lib/libc.a(lib_a-asctime.o)
 .data          0x0081cd50        0x0 /OPT/altera/12.1/nios2eds/bin/gnu/H-i686-pc-linux-gnu/bin/../lib/gcc/nios2-elf/4.1.2/../../../../nios2-elf/lib/libc.a(lib_a-asctime_r.o)
 .data          0x0081cd50        0x0 /OPT/altera/12.1/nios2eds/bin/gnu/H-i686-pc-linux-gnu/bin/../lib/gcc/nios2-elf/4.1.2/../../../../nios2-elf/lib/libc.a(lib_a-dtoa.o)
 .data          0x0081cd50        0x0 /OPT/altera/12.1/nios2eds/bin/gnu/H-i686-pc-linux-gnu/bin/../lib/gcc/nios2-elf/4.1.2/../../../../nios2-elf/lib/libc.a(lib_a-fflush.o)
 .data          0x0081cd50        0x0 /OPT/altera/12.1/nios2eds/bin/gnu/H-i686-pc-linux-gnu/bin/../lib/gcc/nios2-elf/4.1.2/../../../../nios2-elf/lib/libc.a(lib_a-findfp.o)
 .data          0x0081cd50        0x0 /OPT/altera/12.1/nios2eds/bin/gnu/H-i686-pc-linux-gnu/bin/../lib/gcc/nios2-elf/4.1.2/../../../../nios2-elf/lib/libc.a(lib_a-freer.o)
 .data          0x0081cd50        0x0 /OPT/altera/12.1/nios2eds/bin/gnu/H-i686-pc-linux-gnu/bin/../lib/gcc/nios2-elf/4.1.2/../../../../nios2-elf/lib/libc.a(lib_a-fvwrite.o)
 .data          0x0081cd50        0x0 /OPT/altera/12.1/nios2eds/bin/gnu/H-i686-pc-linux-gnu/bin/../lib/gcc/nios2-elf/4.1.2/../../../../nios2-elf/lib/libc.a(lib_a-fwalk.o)
 .data          0x0081cd50        0x0 /OPT/altera/12.1/nios2eds/bin/gnu/H-i686-pc-linux-gnu/bin/../lib/gcc/nios2-elf/4.1.2/../../../../nios2-elf/lib/libc.a(lib_a-gettimeofdayr.o)
 .data          0x0081cd50       0x40 /OPT/altera/12.1/nios2eds/bin/gnu/H-i686-pc-linux-gnu/bin/../lib/gcc/nios2-elf/4.1.2/../../../../nios2-elf/lib/libc.a(lib_a-gettzinfo.o)
 .data          0x0081cd90      0x400 /OPT/altera/12.1/nios2eds/bin/gnu/H-i686-pc-linux-gnu/bin/../lib/gcc/nios2-elf/4.1.2/../../../../nios2-elf/lib/libc.a(lib_a-impure.o)
 .data          0x0081d190        0x0 /OPT/altera/12.1/nios2eds/bin/gnu/H-i686-pc-linux-gnu/bin/../lib/gcc/nios2-elf/4.1.2/../../../../nios2-elf/lib/libc.a(lib_a-int_errno.o)
 .data          0x0081d190        0xc /OPT/altera/12.1/nios2eds/bin/gnu/H-i686-pc-linux-gnu/bin/../lib/gcc/nios2-elf/4.1.2/../../../../nios2-elf/lib/libc.a(lib_a-locale.o)
                0x0081d190                __lc_ctype
 .data          0x0081d19c        0x0 /OPT/altera/12.1/nios2eds/bin/gnu/H-i686-pc-linux-gnu/bin/../lib/gcc/nios2-elf/4.1.2/../../../../nios2-elf/lib/libc.a(lib_a-makebuf.o)
 .data          0x0081d19c        0x0 /OPT/altera/12.1/nios2eds/bin/gnu/H-i686-pc-linux-gnu/bin/../lib/gcc/nios2-elf/4.1.2/../../../../nios2-elf/lib/libc.a(lib_a-memchr.o)
 .data          0x0081d19c        0x0 /OPT/altera/12.1/nios2eds/bin/gnu/H-i686-pc-linux-gnu/bin/../lib/gcc/nios2-elf/4.1.2/../../../../nios2-elf/lib/libc.a(lib_a-memcpy.o)
 .data          0x0081d19c        0x0 /OPT/altera/12.1/nios2eds/bin/gnu/H-i686-pc-linux-gnu/bin/../lib/gcc/nios2-elf/4.1.2/../../../../nios2-elf/lib/libc.a(lib_a-memmove.o)
 .data          0x0081d19c        0x0 /OPT/altera/12.1/nios2eds/bin/gnu/H-i686-pc-linux-gnu/bin/../lib/gcc/nios2-elf/4.1.2/../../../../nios2-elf/lib/libc.a(lib_a-memset.o)
 .data          0x0081d19c        0x0 /OPT/altera/12.1/nios2eds/bin/gnu/H-i686-pc-linux-gnu/bin/../lib/gcc/nios2-elf/4.1.2/../../../../nios2-elf/lib/libc.a(lib_a-mprec.o)
 .data          0x0081d19c        0x0 /OPT/altera/12.1/nios2eds/bin/gnu/H-i686-pc-linux-gnu/bin/../lib/gcc/nios2-elf/4.1.2/../../../../nios2-elf/lib/libc.a(lib_a-reallocr.o)
 .data          0x0081d19c        0x0 /OPT/altera/12.1/nios2eds/bin/gnu/H-i686-pc-linux-gnu/bin/../lib/gcc/nios2-elf/4.1.2/../../../../nios2-elf/lib/libc.a(lib_a-s_isinfd.o)
 .data          0x0081d19c        0x0 /OPT/altera/12.1/nios2eds/bin/gnu/H-i686-pc-linux-gnu/bin/../lib/gcc/nios2-elf/4.1.2/../../../../nios2-elf/lib/libc.a(lib_a-s_isnand.o)
 .data          0x0081d19c        0x0 /OPT/altera/12.1/nios2eds/bin/gnu/H-i686-pc-linux-gnu/bin/../lib/gcc/nios2-elf/4.1.2/../../../../nios2-elf/lib/libc.a(lib_a-sprintf.o)
 .data          0x0081d19c        0x0 /OPT/altera/12.1/nios2eds/bin/gnu/H-i686-pc-linux-gnu/bin/../lib/gcc/nios2-elf/4.1.2/../../../../nios2-elf/lib/libc.a(lib_a-stdio.o)
 .data          0x0081d19c        0x0 /OPT/altera/12.1/nios2eds/bin/gnu/H-i686-pc-linux-gnu/bin/../lib/gcc/nios2-elf/4.1.2/../../../../nios2-elf/lib/libc.a(lib_a-strcmp.o)
 .data          0x0081d19c        0x0 /OPT/altera/12.1/nios2eds/bin/gnu/H-i686-pc-linux-gnu/bin/../lib/gcc/nios2-elf/4.1.2/../../../../nios2-elf/lib/libc.a(lib_a-writer.o)
 .data          0x0081d19c        0x0 /OPT/altera/12.1/nios2eds/bin/gnu/H-i686-pc-linux-gnu/bin/../lib/gcc/nios2-elf/4.1.2/../../../../nios2-elf/lib/libc.a(lib_a-callocr.o)
 .data          0x0081d19c        0x0 /OPT/altera/12.1/nios2eds/bin/gnu/H-i686-pc-linux-gnu/bin/../lib/gcc/nios2-elf/4.1.2/../../../../nios2-elf/lib/libc.a(lib_a-closer.o)
 .data          0x0081d19c        0x0 /OPT/altera/12.1/nios2eds/bin/gnu/H-i686-pc-linux-gnu/bin/../lib/gcc/nios2-elf/4.1.2/../../../../nios2-elf/lib/libc.a(lib_a-fclose.o)
 .data          0x0081d19c        0x0 /OPT/altera/12.1/nios2eds/bin/gnu/H-i686-pc-linux-gnu/bin/../lib/gcc/nios2-elf/4.1.2/../../../../nios2-elf/lib/libc.a(lib_a-fstatr.o)
 .data          0x0081d19c        0x0 /OPT/altera/12.1/nios2eds/bin/gnu/H-i686-pc-linux-gnu/bin/../lib/gcc/nios2-elf/4.1.2/../../../../nios2-elf/lib/libc.a(lib_a-isattyr.o)
 .data          0x0081d19c        0x0 /OPT/altera/12.1/nios2eds/bin/gnu/H-i686-pc-linux-gnu/bin/../lib/gcc/nios2-elf/4.1.2/../../../../nios2-elf/lib/libc.a(lib_a-lseekr.o)
 .data          0x0081d19c        0x0 /OPT/altera/12.1/nios2eds/bin/gnu/H-i686-pc-linux-gnu/bin/../lib/gcc/nios2-elf/4.1.2/../../../../nios2-elf/lib/libc.a(lib_a-readr.o)
 .data          0x0081d19c        0x0 /OPT/altera/12.1/nios2eds/bin/gnu/H-i686-pc-linux-gnu/bin/../lib/gcc/nios2-elf/4.1.2/libgcc.a(_udivdi3.o)
 .data          0x0081d19c        0x0 /OPT/altera/12.1/nios2eds/bin/gnu/H-i686-pc-linux-gnu/bin/../lib/gcc/nios2-elf/4.1.2/libgcc.a(_umoddi3.o)
 .data          0x0081d19c        0x0 /OPT/altera/12.1/nios2eds/bin/gnu/H-i686-pc-linux-gnu/bin/../lib/gcc/nios2-elf/4.1.2/libgcc.a(_addsub_df.o)
 .data          0x0081d19c        0x0 /OPT/altera/12.1/nios2eds/bin/gnu/H-i686-pc-linux-gnu/bin/../lib/gcc/nios2-elf/4.1.2/libgcc.a(_mul_df.o)
 .data          0x0081d19c        0x0 /OPT/altera/12.1/nios2eds/bin/gnu/H-i686-pc-linux-gnu/bin/../lib/gcc/nios2-elf/4.1.2/libgcc.a(_div_df.o)
 .data          0x0081d19c        0x0 /OPT/altera/12.1/nios2eds/bin/gnu/H-i686-pc-linux-gnu/bin/../lib/gcc/nios2-elf/4.1.2/libgcc.a(_eq_df.o)
 .data          0x0081d19c        0x0 /OPT/altera/12.1/nios2eds/bin/gnu/H-i686-pc-linux-gnu/bin/../lib/gcc/nios2-elf/4.1.2/libgcc.a(_ne_df.o)
 .data          0x0081d19c        0x0 /OPT/altera/12.1/nios2eds/bin/gnu/H-i686-pc-linux-gnu/bin/../lib/gcc/nios2-elf/4.1.2/libgcc.a(_gt_df.o)
 .data          0x0081d19c        0x0 /OPT/altera/12.1/nios2eds/bin/gnu/H-i686-pc-linux-gnu/bin/../lib/gcc/nios2-elf/4.1.2/libgcc.a(_ge_df.o)
 .data          0x0081d19c        0x0 /OPT/altera/12.1/nios2eds/bin/gnu/H-i686-pc-linux-gnu/bin/../lib/gcc/nios2-elf/4.1.2/libgcc.a(_lt_df.o)
 .data          0x0081d19c        0x0 /OPT/altera/12.1/nios2eds/bin/gnu/H-i686-pc-linux-gnu/bin/../lib/gcc/nios2-elf/4.1.2/libgcc.a(_si_to_df.o)
 .data          0x0081d19c        0x0 /OPT/altera/12.1/nios2eds/bin/gnu/H-i686-pc-linux-gnu/bin/../lib/gcc/nios2-elf/4.1.2/libgcc.a(_df_to_si.o)
 .data          0x0081d19c        0x0 /OPT/altera/12.1/nios2eds/bin/gnu/H-i686-pc-linux-gnu/bin/../lib/gcc/nios2-elf/4.1.2/libgcc.a(_thenan_df.o)
 .data          0x0081d19c        0x0 /OPT/altera/12.1/nios2eds/bin/gnu/H-i686-pc-linux-gnu/bin/../lib/gcc/nios2-elf/4.1.2/libgcc.a(_usi_to_df.o)
 .data          0x0081d19c        0x0 /OPT/altera/12.1/nios2eds/bin/gnu/H-i686-pc-linux-gnu/bin/../lib/gcc/nios2-elf/4.1.2/libgcc.a(lib2-divmod.o)
 .data          0x0081d19c        0x0 /OPT/altera/12.1/nios2eds/bin/gnu/H-i686-pc-linux-gnu/bin/../lib/gcc/nios2-elf/4.1.2/libgcc.a(_muldi3.o)
 .data          0x0081d19c        0x0 /OPT/altera/12.1/nios2eds/bin/gnu/H-i686-pc-linux-gnu/bin/../lib/gcc/nios2-elf/4.1.2/libgcc.a(_clz.o)
 .data          0x0081d19c        0x0 /OPT/altera/12.1/nios2eds/bin/gnu/H-i686-pc-linux-gnu/bin/../lib/gcc/nios2-elf/4.1.2/libgcc.a(_clzsi2.o)
 .data          0x0081d19c        0x0 /OPT/altera/12.1/nios2eds/bin/gnu/H-i686-pc-linux-gnu/bin/../lib/gcc/nios2-elf/4.1.2/libgcc.a(_pack_df.o)
 .data          0x0081d19c        0x0 /OPT/altera/12.1/nios2eds/bin/gnu/H-i686-pc-linux-gnu/bin/../lib/gcc/nios2-elf/4.1.2/libgcc.a(_unpack_df.o)
 .data          0x0081d19c        0x0 /OPT/altera/12.1/nios2eds/bin/gnu/H-i686-pc-linux-gnu/bin/../lib/gcc/nios2-elf/4.1.2/libgcc.a(_fpcmp_parts_df.o)
 .data          0x0081d19c        0x0 ../vga_bsp//libucosii_bsp.a(alt_close.o)
 .data          0x0081d19c      0x1a8 ../vga_bsp//libucosii_bsp.a(alt_dev.o)
                0x0081d19c                alt_dev_null
                0x0081d1c4                alt_fd_list
 .data          0x0081d344        0x0 ../vga_bsp//libucosii_bsp.a(alt_errno.o)
 .data          0x0081d344        0x0 ../vga_bsp//libucosii_bsp.a(alt_fstat.o)
 .data          0x0081d344        0x0 ../vga_bsp//libucosii_bsp.a(alt_gettod.o)
 .data          0x0081d344        0x0 ../vga_bsp//libucosii_bsp.a(alt_isatty.o)
 .data          0x0081d344        0x0 ../vga_bsp//libucosii_bsp.a(alt_load.o)
 .data          0x0081d344        0x0 ../vga_bsp//libucosii_bsp.a(alt_lseek.o)
 .data          0x0081d344        0x0 ../vga_bsp//libucosii_bsp.a(alt_main.o)
 .data          0x0081d344        0x0 ../vga_bsp//libucosii_bsp.a(alt_read.o)
 .data          0x0081d344        0x0 ../vga_bsp//libucosii_bsp.a(alt_release_fd.o)
 .data          0x0081d344        0x0 ../vga_bsp//libucosii_bsp.a(alt_sbrk.o)
 .data          0x0081d344        0x0 ../vga_bsp//libucosii_bsp.a(alt_tick.o)
 .data          0x0081d344        0x0 ../vga_bsp//libucosii_bsp.a(alt_write.o)
 .data          0x0081d344        0x0 ../vga_bsp//libucosii_bsp.a(alt_env_lock.o)
 .data          0x0081d344        0x0 ../vga_bsp//libucosii_bsp.a(alt_malloc_lock.o)
 .data          0x0081d344        0x0 ../vga_bsp//libucosii_bsp.a(os_core.o)
 .data          0x0081d344        0x0 ../vga_bsp//libucosii_bsp.a(os_dbg.o)
 .data          0x0081d344        0x0 ../vga_bsp//libucosii_bsp.a(os_flag.o)
 .data          0x0081d344        0x0 ../vga_bsp//libucosii_bsp.a(os_mem.o)
 .data          0x0081d344        0x0 ../vga_bsp//libucosii_bsp.a(os_q.o)
 .data          0x0081d344        0x0 ../vga_bsp//libucosii_bsp.a(os_sem.o)
 .data          0x0081d344        0x0 ../vga_bsp//libucosii_bsp.a(os_task.o)
 .data          0x0081d344        0x0 ../vga_bsp//libucosii_bsp.a(os_time.o)
 .data          0x0081d344     0x1118 ../vga_bsp//libucosii_bsp.a(alt_sys_init.o)
 .data          0x0081e45c        0x0 ../vga_bsp//libucosii_bsp.a(altera_avalon_jtag_uart_fd.o)
 .data          0x0081e45c        0x0 ../vga_bsp//libucosii_bsp.a(altera_avalon_jtag_uart_init.o)
 .data          0x0081e45c        0x0 ../vga_bsp//libucosii_bsp.a(altera_avalon_jtag_uart_ioctl.o)
 .data          0x0081e45c        0x0 ../vga_bsp//libucosii_bsp.a(altera_avalon_jtag_uart_read.o)
 .data          0x0081e45c        0x0 ../vga_bsp//libucosii_bsp.a(altera_avalon_jtag_uart_write.o)
 .data          0x0081e45c        0x0 ../vga_bsp//libucosii_bsp.a(altera_avalon_timer_sc.o)
 .data          0x0081e45c        0x0 ../vga_bsp//libucosii_bsp.a(altera_up_avalon_character_lcd.o)
 .data          0x0081e45c        0x0 ../vga_bsp//libucosii_bsp.a(altera_up_avalon_video_pixel_buffer_dma.o)
 .data          0x0081e45c        0x0 ../vga_bsp//libucosii_bsp.a(altera_up_sd_card_avalon_interface.o)
 .data          0x0081e45c        0x0 ../vga_bsp//libucosii_bsp.a(alt_alarm_start.o)
 .data          0x0081e45c        0x0 ../vga_bsp//libucosii_bsp.a(alt_dcache_flush_all.o)
 .data          0x0081e45c        0x0 ../vga_bsp//libucosii_bsp.a(alt_dev_llist_insert.o)
 .data          0x0081e45c        0x0 ../vga_bsp//libucosii_bsp.a(alt_do_ctors.o)
 .data          0x0081e45c        0x0 ../vga_bsp//libucosii_bsp.a(alt_do_dtors.o)
 .data          0x0081e45c        0x0 ../vga_bsp//libucosii_bsp.a(alt_find_dev.o)
 .data          0x0081e45c        0x0 ../vga_bsp//libucosii_bsp.a(alt_icache_flush_all.o)
 .data          0x0081e45c        0x0 ../vga_bsp//libucosii_bsp.a(alt_iic.o)
 .data          0x0081e45c        0x0 ../vga_bsp//libucosii_bsp.a(alt_iic_isr_register.o)
 .data          0x0081e45c        0x0 ../vga_bsp//libucosii_bsp.a(alt_io_redirect.o)
 .data          0x0081e45c        0x0 ../vga_bsp//libucosii_bsp.a(alt_irq_entry.o)
 .data          0x0081e45c        0x0 ../vga_bsp//libucosii_bsp.a(alt_irq_handler.o)
 .data          0x0081e45c        0x0 ../vga_bsp//libucosii_bsp.a(alt_irq_vars.o)
 .data          0x0081e45c        0x0 ../vga_bsp//libucosii_bsp.a(alt_open.o)
 .data          0x0081e45c        0x0 ../vga_bsp//libucosii_bsp.a(altera_nios2_qsys_irq.o)
 .data          0x0081e45c        0x0 ../vga_bsp//libucosii_bsp.a(os_cpu_a.o)
 .data          0x0081e45c        0x0 ../vga_bsp//libucosii_bsp.a(os_cpu_c.o)
 .data          0x0081e45c        0x0 ../vga_bsp//libucosii_bsp.a(alt_exception_entry.o)
 .data          0x0081e45c        0x0 ../vga_bsp//libucosii_bsp.a(alt_find_file.o)
 .data          0x0081e45c        0x0 ../vga_bsp//libucosii_bsp.a(alt_get_fd.o)
 .data          0x0081e45c        0x0 ../vga_bsp//libucosii_bsp.a(alt_icache_flush.o)
 .data          0x0081e45c        0x0 /OPT/altera/12.1/nios2eds/bin/gnu/H-i686-pc-linux-gnu/bin/../lib/gcc/nios2-elf/4.1.2/../../../../nios2-elf/lib/libc.a(lib_a-atexit.o)
 .data          0x0081e45c        0x0 /OPT/altera/12.1/nios2eds/bin/gnu/H-i686-pc-linux-gnu/bin/../lib/gcc/nios2-elf/4.1.2/../../../../nios2-elf/lib/libc.a(lib_a-exit.o)
 .data          0x0081e45c        0x0 /OPT/altera/12.1/nios2eds/bin/gnu/H-i686-pc-linux-gnu/bin/../lib/gcc/nios2-elf/4.1.2/../../../../nios2-elf/lib/libc.a(lib_a-memcmp.o)
 .data          0x0081e45c        0x0 /OPT/altera/12.1/nios2eds/bin/gnu/H-i686-pc-linux-gnu/bin/../lib/gcc/nios2-elf/4.1.2/../../../../nios2-elf/lib/libc.a(lib_a-__atexit.o)
 .data          0x0081e45c        0x0 /OPT/altera/12.1/nios2eds/bin/gnu/H-i686-pc-linux-gnu/bin/../lib/gcc/nios2-elf/4.1.2/../../../../nios2-elf/lib/libc.a(lib_a-__call_atexit.o)
 .data          0x0081e45c        0x0 ../vga_bsp//libucosii_bsp.a(alt_exit.o)
                0x0082645c                _gp = ABSOLUTE ((. + 0x8000))
                0x0082645c                PROVIDE (gp, _gp)
 *(.rwdata .rwdata.*)
 *(.sdata .sdata.* .gnu.linkonce.s.*)
 .sdata         0x0081e45c        0x8 /OPT/altera/12.1/nios2eds/bin/gnu/H-i686-pc-linux-gnu/bin/../lib/gcc/nios2-elf/4.1.2/../../../../nios2-elf/lib/libc.a(lib_a-mallocr.o)
                0x0081e45c                __malloc_trim_threshold
                0x0081e460                __malloc_sbrk_base
 .sdata         0x0081e464        0x8 /OPT/altera/12.1/nios2eds/bin/gnu/H-i686-pc-linux-gnu/bin/../lib/gcc/nios2-elf/4.1.2/../../../../nios2-elf/lib/libc.a(lib_a-mktm_r.o)
 .sdata         0x0081e46c        0x8 /OPT/altera/12.1/nios2eds/bin/gnu/H-i686-pc-linux-gnu/bin/../lib/gcc/nios2-elf/4.1.2/../../../../nios2-elf/lib/libc.a(lib_a-tzvars.o)
                0x0081e46c                _tzname
 .sdata         0x0081e474        0x8 /OPT/altera/12.1/nios2eds/bin/gnu/H-i686-pc-linux-gnu/bin/../lib/gcc/nios2-elf/4.1.2/../../../../nios2-elf/lib/libc.a(lib_a-impure.o)
                0x0081e474                _impure_ptr
                0x0081e478                _global_impure_ptr
 .sdata         0x0081e47c        0x8 /OPT/altera/12.1/nios2eds/bin/gnu/H-i686-pc-linux-gnu/bin/../lib/gcc/nios2-elf/4.1.2/../../../../nios2-elf/lib/libc.a(lib_a-locale.o)
                0x0081e47c                __mb_cur_max
 .sdata         0x0081e484       0x14 ../vga_bsp//libucosii_bsp.a(alt_dev.o)
                0x0081e484                alt_fs_list
                0x0081e48c                alt_dev_list
                0x0081e494                alt_max_fd
 .sdata         0x0081e498        0x4 ../vga_bsp//libucosii_bsp.a(alt_errno.o)
                0x0081e498                alt_errno
 .sdata         0x0081e49c        0x4 ../vga_bsp//libucosii_bsp.a(alt_sbrk.o)
 .sdata         0x0081e4a0        0x8 ../vga_bsp//libucosii_bsp.a(alt_tick.o)
                0x0081e4a0                alt_alarm_list
 .sdata         0x0081e4a8        0x4 ../vga_bsp//libucosii_bsp.a(alt_env_lock.o)
 .sdata         0x0081e4ac        0x4 ../vga_bsp//libucosii_bsp.a(alt_malloc_lock.o)
 .sdata         0x0081e4b0       0x74 ../vga_bsp//libucosii_bsp.a(os_dbg.o)
                0x0081e4b0                OSDebugEn
                0x0081e4b4                OSEndiannessTest
                0x0081e4b8                OSEventEn
                0x0081e4ba                OSEventMax
                0x0081e4bc                OSEventNameSize
                0x0081e4be                OSEventSize
                0x0081e4c0                OSEventTblSize
                0x0081e4c2                OSEventMultiEn
                0x0081e4c4                OSFlagEn
                0x0081e4c6                OSFlagGrpSize
                0x0081e4c8                OSFlagNodeSize
                0x0081e4ca                OSFlagWidth
                0x0081e4cc                OSFlagMax
                0x0081e4ce                OSFlagNameSize
                0x0081e4d0                OSLowestPrio
                0x0081e4d2                OSMboxEn
                0x0081e4d4                OSMemEn
                0x0081e4d6                OSMemMax
                0x0081e4d8                OSMemNameSize
                0x0081e4da                OSMemSize
                0x0081e4dc                OSMemTblSize
                0x0081e4de                OSMutexEn
                0x0081e4e0                OSPtrSize
                0x0081e4e2                OSQEn
                0x0081e4e4                OSQMax
                0x0081e4e6                OSQSize
                0x0081e4e8                OSRdyTblSize
                0x0081e4ea                OSSemEn
                0x0081e4ec                OSStkWidth
                0x0081e4ee                OSTaskCreateEn
                0x0081e4f0                OSTaskCreateExtEn
                0x0081e4f2                OSTaskDelEn
                0x0081e4f4                OSTaskIdleStkSize
                0x0081e4f6                OSTaskProfileEn
                0x0081e4f8                OSTaskMax
                0x0081e4fa                OSTaskNameSize
                0x0081e4fc                OSTaskStatEn
                0x0081e4fe                OSTaskStatStkSize
                0x0081e500                OSTaskStatStkChkEn
                0x0081e502                OSTaskSwHookEn
                0x0081e504                OSTCBPrioTblMax
                0x0081e506                OSTCBSize
                0x0081e508                OSTicksPerSec
                0x0081e50a                OSTimeTickHookEn
                0x0081e50c                OSVersionNbr
                0x0081e50e                OSTmrEn
                0x0081e510                OSTmrCfgMax
                0x0081e512                OSTmrCfgNameSize
                0x0081e514                OSTmrCfgWheelSize
                0x0081e516                OSTmrCfgTicksPerSec
                0x0081e518                OSTmrSize
                0x0081e51a                OSTmrTblSize
                0x0081e51c                OSTmrWheelSize
                0x0081e51e                OSTmrWheelTblSize
                0x0081e520                OSDataSize
 .sdata         0x0081e524        0x4 ../vga_bsp//libucosii_bsp.a(alt_irq_vars.o)
                0x0081e524                alt_priority_mask
 *(.sdata2 .sdata2.* .gnu.linkonce.s2.*)
                0x0081e528                . = ALIGN (0x4)
                0x0081e528                _edata = ABSOLUTE (.)
                0x0081e528                PROVIDE (edata, ABSOLUTE (.))
                0x0081e528                PROVIDE (__ram_rwdata_end, ABSOLUTE (.))
                0x0081e528                PROVIDE (__flash_rwdata_start, LOADADDR (.rwdata))

.bss            0x00820108     0x7b28
                0x00820108                __bss_start = ABSOLUTE (.)
                0x00820108                PROVIDE (__sbss_start, ABSOLUTE (.))
                0x00820108                PROVIDE (___sbss_start, ABSOLUTE (.))
 *(.dynsbss)
 *(.sbss .sbss.* .gnu.linkonce.sb.*)
 .sbss          0x00820108        0xc /OPT/altera/12.1/nios2eds/bin/gnu/H-i686-pc-linux-gnu/bin/../lib/gcc/nios2-elf/4.1.2/../../../../nios2-elf/lib/libc.a(lib_a-mallocr.o)
                0x00820108                __malloc_top_pad
                0x0082010c                __malloc_max_sbrked_mem
                0x00820110                __malloc_max_total_mem
 .sbss          0x00820114        0x8 /OPT/altera/12.1/nios2eds/bin/gnu/H-i686-pc-linux-gnu/bin/../lib/gcc/nios2-elf/4.1.2/../../../../nios2-elf/lib/libc.a(lib_a-tzvars.o)
                0x00820114                _daylight
                0x00820118                _timezone
 .sbss          0x0082011c        0x4 /OPT/altera/12.1/nios2eds/bin/gnu/H-i686-pc-linux-gnu/bin/../lib/gcc/nios2-elf/4.1.2/../../../../nios2-elf/lib/libc.a(lib_a-int_errno.o)
                0x0082011c                errno
 .sbss          0x00820120        0xc /OPT/altera/12.1/nios2eds/bin/gnu/H-i686-pc-linux-gnu/bin/../lib/gcc/nios2-elf/4.1.2/../../../../nios2-elf/lib/libc.a(lib_a-locale.o)
                0x00820120                __nlocale_changed
                0x00820124                __mlocale_changed
                0x00820128                _PathLocale
 .sbss          0x0082012c        0x4 ../vga_bsp//libucosii_bsp.a(alt_dev.o)
                0x0082012c                alt_fd_list_lock
 .sbss          0x00820130       0x10 ../vga_bsp//libucosii_bsp.a(alt_gettod.o)
                0x00820130                alt_timezone
                0x00820138                alt_resettime
 .sbss          0x00820140        0xc ../vga_bsp//libucosii_bsp.a(alt_main.o)
                0x00820140                alt_argc
                0x00820144                alt_argv
                0x00820148                alt_envp
 .sbss          0x0082014c        0x8 ../vga_bsp//libucosii_bsp.a(alt_tick.o)
                0x0082014c                _alt_tick_rate
                0x00820150                _alt_nticks
 .sbss          0x00820154        0x8 ../vga_bsp//libucosii_bsp.a(alt_env_lock.o)
                0x00820158                alt_envsem
 .sbss          0x0082015c        0x8 ../vga_bsp//libucosii_bsp.a(alt_malloc_lock.o)
                0x00820160                alt_heapsem
 .sbss          0x00820164       0x50 ../vga_bsp//libucosii_bsp.a(os_core.o)
                0x00820164                OSLockNesting
                0x00820165                OSRunning
                0x00820168                OSIdleCtr
                0x0082016c                OSPrioHighRdy
                0x0082016d                OSPrioCur
                0x00820170                OSTCBList
                0x00820174                OSTickStepState
                0x00820178                OSCtxSwCtr
                0x0082017c                OSIdleCtrMax
                0x00820180                OSTCBFreeList
                0x00820184                OSCPUUsage
                0x00820185                OSTaskCtr
                0x00820188                OSMemFreeList
                0x0082018c                OSTCBHighRdy
                0x00820190                OSQFreeList
                0x00820194                OSRdyGrp
                0x00820195                OSRdyTbl
                0x00820198                OSEventFreeList
                0x0082019c                OSIntNesting
                0x008201a0                OSTCBCur
                0x008201a4                OSTime
                0x008201a8                OSFlagFreeList
                0x008201ac                OSStatRdy
                0x008201b0                OSIdleCtrRun
 .sbss          0x008201b4       0x34 ../vga_bsp//libucosii_bsp.a(altera_up_sd_card_avalon_interface.o)
                0x008201b4                initialized
                0x008201b8                is_sd_card_formated_as_FAT16
                0x008201bc                aux_status_register
                0x008201c0                status_register
                0x008201c4                CSD_register_w0
                0x008201c8                command_register
                0x008201cc                command_argument_register
                0x008201d0                buffer_memory
                0x008201d4                fat_partition_offset_in_512_byte_sectors
                0x008201d8                fat_partition_size_in_512_byte_sectors
                0x008201dc                device_pointer
                0x008201e0                current_sector_modified
                0x008201e4                current_sector_index
 .sbss          0x008201e8        0x4 ../vga_bsp//libucosii_bsp.a(alt_irq_vars.o)
                0x008201e8                alt_irq_active
 *(.sbss2 .sbss2.* .gnu.linkonce.sb2.*)
 *(.scommon)
                0x008201ec                PROVIDE (__sbss_end, ABSOLUTE (.))
                0x008201ec                PROVIDE (___sbss_end, ABSOLUTE (.))
 *(.dynbss)
 *(.bss .bss.* .gnu.linkonce.b.*)
 .bss           0x008201ec        0x0 ../vga_bsp//obj/HAL/src/crt0.o
 .bss           0x008201ec        0x0 obj/default/hello_ucosii.o
 .bss           0x008201ec        0x0 /OPT/altera/12.1/nios2eds/bin/gnu/H-i686-pc-linux-gnu/bin/../lib/gcc/nios2-elf/4.1.2/../../../../nios2-elf/lib/libc.a(lib_a-ctime.o)
 .bss           0x008201ec        0x0 /OPT/altera/12.1/nios2eds/bin/gnu/H-i686-pc-linux-gnu/bin/../lib/gcc/nios2-elf/4.1.2/../../../../nios2-elf/lib/libc.a(lib_a-lcltime.o)
 .bss           0x008201ec        0x0 /OPT/altera/12.1/nios2eds/bin/gnu/H-i686-pc-linux-gnu/bin/../lib/gcc/nios2-elf/4.1.2/../../../../nios2-elf/lib/libc.a(lib_a-lcltime_r.o)
 .bss           0x008201ec        0x0 /OPT/altera/12.1/nios2eds/bin/gnu/H-i686-pc-linux-gnu/bin/../lib/gcc/nios2-elf/4.1.2/../../../../nios2-elf/lib/libc.a(lib_a-malloc.o)
 .bss           0x008201ec       0x28 /OPT/altera/12.1/nios2eds/bin/gnu/H-i686-pc-linux-gnu/bin/../lib/gcc/nios2-elf/4.1.2/../../../../nios2-elf/lib/libc.a(lib_a-mallocr.o)
                0x008201ec                __malloc_current_mallinfo
 .bss           0x00820214        0x0 /OPT/altera/12.1/nios2eds/bin/gnu/H-i686-pc-linux-gnu/bin/../lib/gcc/nios2-elf/4.1.2/../../../../nios2-elf/lib/libc.a(lib_a-mktm_r.o)
 .bss           0x00820214        0x0 /OPT/altera/12.1/nios2eds/bin/gnu/H-i686-pc-linux-gnu/bin/../lib/gcc/nios2-elf/4.1.2/../../../../nios2-elf/lib/libc.a(lib_a-printf.o)
 .bss           0x00820214        0x0 /OPT/altera/12.1/nios2eds/bin/gnu/H-i686-pc-linux-gnu/bin/../lib/gcc/nios2-elf/4.1.2/../../../../nios2-elf/lib/libc.a(lib_a-puts.o)
 .bss           0x00820214        0x0 /OPT/altera/12.1/nios2eds/bin/gnu/H-i686-pc-linux-gnu/bin/../lib/gcc/nios2-elf/4.1.2/../../../../nios2-elf/lib/libc.a(lib_a-sbrkr.o)
 .bss           0x00820214        0x0 /OPT/altera/12.1/nios2eds/bin/gnu/H-i686-pc-linux-gnu/bin/../lib/gcc/nios2-elf/4.1.2/../../../../nios2-elf/lib/libc.a(lib_a-strlen.o)
 .bss           0x00820214        0x0 /OPT/altera/12.1/nios2eds/bin/gnu/H-i686-pc-linux-gnu/bin/../lib/gcc/nios2-elf/4.1.2/../../../../nios2-elf/lib/libc.a(lib_a-time.o)
 .bss           0x00820214        0x0 /OPT/altera/12.1/nios2eds/bin/gnu/H-i686-pc-linux-gnu/bin/../lib/gcc/nios2-elf/4.1.2/../../../../nios2-elf/lib/libc.a(lib_a-tzlock.o)
 .bss           0x00820214        0x0 /OPT/altera/12.1/nios2eds/bin/gnu/H-i686-pc-linux-gnu/bin/../lib/gcc/nios2-elf/4.1.2/../../../../nios2-elf/lib/libc.a(lib_a-tzvars.o)
 .bss           0x00820214        0x0 /OPT/altera/12.1/nios2eds/bin/gnu/H-i686-pc-linux-gnu/bin/../lib/gcc/nios2-elf/4.1.2/../../../../nios2-elf/lib/libc.a(lib_a-vfprintf.o)
 .bss           0x00820214        0x0 /OPT/altera/12.1/nios2eds/bin/gnu/H-i686-pc-linux-gnu/bin/../lib/gcc/nios2-elf/4.1.2/../../../../nios2-elf/lib/libc.a(lib_a-wsetup.o)
 .bss           0x00820214        0x0 /OPT/altera/12.1/nios2eds/bin/gnu/H-i686-pc-linux-gnu/bin/../lib/gcc/nios2-elf/4.1.2/../../../../nios2-elf/lib/libc.a(lib_a-asctime.o)
 .bss           0x00820214        0x0 /OPT/altera/12.1/nios2eds/bin/gnu/H-i686-pc-linux-gnu/bin/../lib/gcc/nios2-elf/4.1.2/../../../../nios2-elf/lib/libc.a(lib_a-asctime_r.o)
 .bss           0x00820214        0x0 /OPT/altera/12.1/nios2eds/bin/gnu/H-i686-pc-linux-gnu/bin/../lib/gcc/nios2-elf/4.1.2/../../../../nios2-elf/lib/libc.a(lib_a-dtoa.o)
 .bss           0x00820214        0x0 /OPT/altera/12.1/nios2eds/bin/gnu/H-i686-pc-linux-gnu/bin/../lib/gcc/nios2-elf/4.1.2/../../../../nios2-elf/lib/libc.a(lib_a-fflush.o)
 .bss           0x00820214        0x0 /OPT/altera/12.1/nios2eds/bin/gnu/H-i686-pc-linux-gnu/bin/../lib/gcc/nios2-elf/4.1.2/../../../../nios2-elf/lib/libc.a(lib_a-findfp.o)
 .bss           0x00820214        0x0 /OPT/altera/12.1/nios2eds/bin/gnu/H-i686-pc-linux-gnu/bin/../lib/gcc/nios2-elf/4.1.2/../../../../nios2-elf/lib/libc.a(lib_a-freer.o)
 .bss           0x00820214        0x0 /OPT/altera/12.1/nios2eds/bin/gnu/H-i686-pc-linux-gnu/bin/../lib/gcc/nios2-elf/4.1.2/../../../../nios2-elf/lib/libc.a(lib_a-fvwrite.o)
 .bss           0x00820214        0x0 /OPT/altera/12.1/nios2eds/bin/gnu/H-i686-pc-linux-gnu/bin/../lib/gcc/nios2-elf/4.1.2/../../../../nios2-elf/lib/libc.a(lib_a-fwalk.o)
 .bss           0x00820214        0x0 /OPT/altera/12.1/nios2eds/bin/gnu/H-i686-pc-linux-gnu/bin/../lib/gcc/nios2-elf/4.1.2/../../../../nios2-elf/lib/libc.a(lib_a-gettimeofdayr.o)
 .bss           0x00820214        0x0 /OPT/altera/12.1/nios2eds/bin/gnu/H-i686-pc-linux-gnu/bin/../lib/gcc/nios2-elf/4.1.2/../../../../nios2-elf/lib/libc.a(lib_a-gettzinfo.o)
 .bss           0x00820214        0x0 /OPT/altera/12.1/nios2eds/bin/gnu/H-i686-pc-linux-gnu/bin/../lib/gcc/nios2-elf/4.1.2/../../../../nios2-elf/lib/libc.a(lib_a-impure.o)
 .bss           0x00820214        0x0 /OPT/altera/12.1/nios2eds/bin/gnu/H-i686-pc-linux-gnu/bin/../lib/gcc/nios2-elf/4.1.2/../../../../nios2-elf/lib/libc.a(lib_a-int_errno.o)
 .bss           0x00820214        0x0 /OPT/altera/12.1/nios2eds/bin/gnu/H-i686-pc-linux-gnu/bin/../lib/gcc/nios2-elf/4.1.2/../../../../nios2-elf/lib/libc.a(lib_a-locale.o)
 .bss           0x00820214        0x0 /OPT/altera/12.1/nios2eds/bin/gnu/H-i686-pc-linux-gnu/bin/../lib/gcc/nios2-elf/4.1.2/../../../../nios2-elf/lib/libc.a(lib_a-makebuf.o)
 .bss           0x00820214        0x0 /OPT/altera/12.1/nios2eds/bin/gnu/H-i686-pc-linux-gnu/bin/../lib/gcc/nios2-elf/4.1.2/../../../../nios2-elf/lib/libc.a(lib_a-memchr.o)
 .bss           0x00820214        0x0 /OPT/altera/12.1/nios2eds/bin/gnu/H-i686-pc-linux-gnu/bin/../lib/gcc/nios2-elf/4.1.2/../../../../nios2-elf/lib/libc.a(lib_a-memcpy.o)
 .bss           0x00820214        0x0 /OPT/altera/12.1/nios2eds/bin/gnu/H-i686-pc-linux-gnu/bin/../lib/gcc/nios2-elf/4.1.2/../../../../nios2-elf/lib/libc.a(lib_a-memmove.o)
 .bss           0x00820214        0x0 /OPT/altera/12.1/nios2eds/bin/gnu/H-i686-pc-linux-gnu/bin/../lib/gcc/nios2-elf/4.1.2/../../../../nios2-elf/lib/libc.a(lib_a-memset.o)
 .bss           0x00820214        0x0 /OPT/altera/12.1/nios2eds/bin/gnu/H-i686-pc-linux-gnu/bin/../lib/gcc/nios2-elf/4.1.2/../../../../nios2-elf/lib/libc.a(lib_a-mprec.o)
 .bss           0x00820214        0x0 /OPT/altera/12.1/nios2eds/bin/gnu/H-i686-pc-linux-gnu/bin/../lib/gcc/nios2-elf/4.1.2/../../../../nios2-elf/lib/libc.a(lib_a-reallocr.o)
 .bss           0x00820214        0x0 /OPT/altera/12.1/nios2eds/bin/gnu/H-i686-pc-linux-gnu/bin/../lib/gcc/nios2-elf/4.1.2/../../../../nios2-elf/lib/libc.a(lib_a-s_isinfd.o)
 .bss           0x00820214        0x0 /OPT/altera/12.1/nios2eds/bin/gnu/H-i686-pc-linux-gnu/bin/../lib/gcc/nios2-elf/4.1.2/../../../../nios2-elf/lib/libc.a(lib_a-s_isnand.o)
 .bss           0x00820214        0x0 /OPT/altera/12.1/nios2eds/bin/gnu/H-i686-pc-linux-gnu/bin/../lib/gcc/nios2-elf/4.1.2/../../../../nios2-elf/lib/libc.a(lib_a-sprintf.o)
 .bss           0x00820214        0x0 /OPT/altera/12.1/nios2eds/bin/gnu/H-i686-pc-linux-gnu/bin/../lib/gcc/nios2-elf/4.1.2/../../../../nios2-elf/lib/libc.a(lib_a-stdio.o)
 .bss           0x00820214        0x0 /OPT/altera/12.1/nios2eds/bin/gnu/H-i686-pc-linux-gnu/bin/../lib/gcc/nios2-elf/4.1.2/../../../../nios2-elf/lib/libc.a(lib_a-strcmp.o)
 .bss           0x00820214        0x0 /OPT/altera/12.1/nios2eds/bin/gnu/H-i686-pc-linux-gnu/bin/../lib/gcc/nios2-elf/4.1.2/../../../../nios2-elf/lib/libc.a(lib_a-writer.o)
 .bss           0x00820214        0x0 /OPT/altera/12.1/nios2eds/bin/gnu/H-i686-pc-linux-gnu/bin/../lib/gcc/nios2-elf/4.1.2/../../../../nios2-elf/lib/libc.a(lib_a-callocr.o)
 .bss           0x00820214        0x0 /OPT/altera/12.1/nios2eds/bin/gnu/H-i686-pc-linux-gnu/bin/../lib/gcc/nios2-elf/4.1.2/../../../../nios2-elf/lib/libc.a(lib_a-closer.o)
 .bss           0x00820214        0x0 /OPT/altera/12.1/nios2eds/bin/gnu/H-i686-pc-linux-gnu/bin/../lib/gcc/nios2-elf/4.1.2/../../../../nios2-elf/lib/libc.a(lib_a-fclose.o)
 .bss           0x00820214        0x0 /OPT/altera/12.1/nios2eds/bin/gnu/H-i686-pc-linux-gnu/bin/../lib/gcc/nios2-elf/4.1.2/../../../../nios2-elf/lib/libc.a(lib_a-fstatr.o)
 .bss           0x00820214        0x0 /OPT/altera/12.1/nios2eds/bin/gnu/H-i686-pc-linux-gnu/bin/../lib/gcc/nios2-elf/4.1.2/../../../../nios2-elf/lib/libc.a(lib_a-isattyr.o)
 .bss           0x00820214        0x0 /OPT/altera/12.1/nios2eds/bin/gnu/H-i686-pc-linux-gnu/bin/../lib/gcc/nios2-elf/4.1.2/../../../../nios2-elf/lib/libc.a(lib_a-lseekr.o)
 .bss           0x00820214        0x0 /OPT/altera/12.1/nios2eds/bin/gnu/H-i686-pc-linux-gnu/bin/../lib/gcc/nios2-elf/4.1.2/../../../../nios2-elf/lib/libc.a(lib_a-readr.o)
 .bss           0x00820214        0x0 /OPT/altera/12.1/nios2eds/bin/gnu/H-i686-pc-linux-gnu/bin/../lib/gcc/nios2-elf/4.1.2/libgcc.a(_udivdi3.o)
 .bss           0x00820214        0x0 /OPT/altera/12.1/nios2eds/bin/gnu/H-i686-pc-linux-gnu/bin/../lib/gcc/nios2-elf/4.1.2/libgcc.a(_umoddi3.o)
 .bss           0x00820214        0x0 /OPT/altera/12.1/nios2eds/bin/gnu/H-i686-pc-linux-gnu/bin/../lib/gcc/nios2-elf/4.1.2/libgcc.a(_addsub_df.o)
 .bss           0x00820214        0x0 /OPT/altera/12.1/nios2eds/bin/gnu/H-i686-pc-linux-gnu/bin/../lib/gcc/nios2-elf/4.1.2/libgcc.a(_mul_df.o)
 .bss           0x00820214        0x0 /OPT/altera/12.1/nios2eds/bin/gnu/H-i686-pc-linux-gnu/bin/../lib/gcc/nios2-elf/4.1.2/libgcc.a(_div_df.o)
 .bss           0x00820214        0x0 /OPT/altera/12.1/nios2eds/bin/gnu/H-i686-pc-linux-gnu/bin/../lib/gcc/nios2-elf/4.1.2/libgcc.a(_eq_df.o)
 .bss           0x00820214        0x0 /OPT/altera/12.1/nios2eds/bin/gnu/H-i686-pc-linux-gnu/bin/../lib/gcc/nios2-elf/4.1.2/libgcc.a(_ne_df.o)
 .bss           0x00820214        0x0 /OPT/altera/12.1/nios2eds/bin/gnu/H-i686-pc-linux-gnu/bin/../lib/gcc/nios2-elf/4.1.2/libgcc.a(_gt_df.o)
 .bss           0x00820214        0x0 /OPT/altera/12.1/nios2eds/bin/gnu/H-i686-pc-linux-gnu/bin/../lib/gcc/nios2-elf/4.1.2/libgcc.a(_ge_df.o)
 .bss           0x00820214        0x0 /OPT/altera/12.1/nios2eds/bin/gnu/H-i686-pc-linux-gnu/bin/../lib/gcc/nios2-elf/4.1.2/libgcc.a(_lt_df.o)
 .bss           0x00820214        0x0 /OPT/altera/12.1/nios2eds/bin/gnu/H-i686-pc-linux-gnu/bin/../lib/gcc/nios2-elf/4.1.2/libgcc.a(_si_to_df.o)
 .bss           0x00820214        0x0 /OPT/altera/12.1/nios2eds/bin/gnu/H-i686-pc-linux-gnu/bin/../lib/gcc/nios2-elf/4.1.2/libgcc.a(_df_to_si.o)
 .bss           0x00820214        0x0 /OPT/altera/12.1/nios2eds/bin/gnu/H-i686-pc-linux-gnu/bin/../lib/gcc/nios2-elf/4.1.2/libgcc.a(_thenan_df.o)
 .bss           0x00820214        0x0 /OPT/altera/12.1/nios2eds/bin/gnu/H-i686-pc-linux-gnu/bin/../lib/gcc/nios2-elf/4.1.2/libgcc.a(_usi_to_df.o)
 .bss           0x00820214        0x0 /OPT/altera/12.1/nios2eds/bin/gnu/H-i686-pc-linux-gnu/bin/../lib/gcc/nios2-elf/4.1.2/libgcc.a(lib2-divmod.o)
 .bss           0x00820214        0x0 /OPT/altera/12.1/nios2eds/bin/gnu/H-i686-pc-linux-gnu/bin/../lib/gcc/nios2-elf/4.1.2/libgcc.a(_muldi3.o)
 .bss           0x00820214        0x0 /OPT/altera/12.1/nios2eds/bin/gnu/H-i686-pc-linux-gnu/bin/../lib/gcc/nios2-elf/4.1.2/libgcc.a(_clz.o)
 .bss           0x00820214        0x0 /OPT/altera/12.1/nios2eds/bin/gnu/H-i686-pc-linux-gnu/bin/../lib/gcc/nios2-elf/4.1.2/libgcc.a(_clzsi2.o)
 .bss           0x00820214        0x0 /OPT/altera/12.1/nios2eds/bin/gnu/H-i686-pc-linux-gnu/bin/../lib/gcc/nios2-elf/4.1.2/libgcc.a(_pack_df.o)
 .bss           0x00820214        0x0 /OPT/altera/12.1/nios2eds/bin/gnu/H-i686-pc-linux-gnu/bin/../lib/gcc/nios2-elf/4.1.2/libgcc.a(_unpack_df.o)
 .bss           0x00820214        0x0 /OPT/altera/12.1/nios2eds/bin/gnu/H-i686-pc-linux-gnu/bin/../lib/gcc/nios2-elf/4.1.2/libgcc.a(_fpcmp_parts_df.o)
 .bss           0x00820214        0x0 ../vga_bsp//libucosii_bsp.a(alt_close.o)
 .bss           0x00820214        0x0 ../vga_bsp//libucosii_bsp.a(alt_dev.o)
 .bss           0x00820214        0x0 ../vga_bsp//libucosii_bsp.a(alt_errno.o)
 .bss           0x00820214        0x0 ../vga_bsp//libucosii_bsp.a(alt_fstat.o)
 .bss           0x00820214        0x0 ../vga_bsp//libucosii_bsp.a(alt_gettod.o)
 .bss           0x00820214        0x0 ../vga_bsp//libucosii_bsp.a(alt_isatty.o)
 .bss           0x00820214        0x0 ../vga_bsp//libucosii_bsp.a(alt_load.o)
 .bss           0x00820214        0x0 ../vga_bsp//libucosii_bsp.a(alt_lseek.o)
 .bss           0x00820214        0x0 ../vga_bsp//libucosii_bsp.a(alt_main.o)
 .bss           0x00820214        0x0 ../vga_bsp//libucosii_bsp.a(alt_read.o)
 .bss           0x00820214        0x0 ../vga_bsp//libucosii_bsp.a(alt_release_fd.o)
 .bss           0x00820214        0x0 ../vga_bsp//libucosii_bsp.a(alt_sbrk.o)
 .bss           0x00820214        0x0 ../vga_bsp//libucosii_bsp.a(alt_tick.o)
 .bss           0x00820214        0x0 ../vga_bsp//libucosii_bsp.a(alt_write.o)
 .bss           0x00820214        0x0 ../vga_bsp//libucosii_bsp.a(alt_env_lock.o)
 .bss           0x00820214        0x0 ../vga_bsp//libucosii_bsp.a(alt_malloc_lock.o)
 .bss           0x00820214        0x0 ../vga_bsp//libucosii_bsp.a(os_core.o)
 .bss           0x00820214        0x0 ../vga_bsp//libucosii_bsp.a(os_dbg.o)
 .bss           0x00820214        0x0 ../vga_bsp//libucosii_bsp.a(os_flag.o)
 .bss           0x00820214        0x0 ../vga_bsp//libucosii_bsp.a(os_mem.o)
 .bss           0x00820214        0x0 ../vga_bsp//libucosii_bsp.a(os_q.o)
 .bss           0x00820214        0x0 ../vga_bsp//libucosii_bsp.a(os_sem.o)
 .bss           0x00820214        0x0 ../vga_bsp//libucosii_bsp.a(os_task.o)
 .bss           0x00820214        0x0 ../vga_bsp//libucosii_bsp.a(os_time.o)
 .bss           0x00820214        0x0 ../vga_bsp//libucosii_bsp.a(alt_sys_init.o)
 .bss           0x00820214        0x0 ../vga_bsp//libucosii_bsp.a(altera_avalon_jtag_uart_fd.o)
 .bss           0x00820214        0x0 ../vga_bsp//libucosii_bsp.a(altera_avalon_jtag_uart_init.o)
 .bss           0x00820214        0x0 ../vga_bsp//libucosii_bsp.a(altera_avalon_jtag_uart_ioctl.o)
 .bss           0x00820214        0x0 ../vga_bsp//libucosii_bsp.a(altera_avalon_jtag_uart_read.o)
 .bss           0x00820214        0x0 ../vga_bsp//libucosii_bsp.a(altera_avalon_jtag_uart_write.o)
 .bss           0x00820214        0x0 ../vga_bsp//libucosii_bsp.a(altera_avalon_timer_sc.o)
 .bss           0x00820214        0x0 ../vga_bsp//libucosii_bsp.a(altera_up_avalon_character_lcd.o)
 .bss           0x00820214        0x0 ../vga_bsp//libucosii_bsp.a(altera_up_avalon_video_pixel_buffer_dma.o)
 .bss           0x00820214        0x0 ../vga_bsp//libucosii_bsp.a(altera_up_sd_card_avalon_interface.o)
 .bss           0x00820214        0x0 ../vga_bsp//libucosii_bsp.a(alt_alarm_start.o)
 .bss           0x00820214        0x0 ../vga_bsp//libucosii_bsp.a(alt_dcache_flush_all.o)
 .bss           0x00820214        0x0 ../vga_bsp//libucosii_bsp.a(alt_dev_llist_insert.o)
 .bss           0x00820214        0x0 ../vga_bsp//libucosii_bsp.a(alt_do_ctors.o)
 .bss           0x00820214        0x0 ../vga_bsp//libucosii_bsp.a(alt_do_dtors.o)
 .bss           0x00820214        0x0 ../vga_bsp//libucosii_bsp.a(alt_find_dev.o)
 .bss           0x00820214        0x0 ../vga_bsp//libucosii_bsp.a(alt_icache_flush_all.o)
 .bss           0x00820214        0x0 ../vga_bsp//libucosii_bsp.a(alt_iic.o)
 .bss           0x00820214        0x0 ../vga_bsp//libucosii_bsp.a(alt_iic_isr_register.o)
 .bss           0x00820214        0x0 ../vga_bsp//libucosii_bsp.a(alt_io_redirect.o)
 .bss           0x00820214        0x0 ../vga_bsp//libucosii_bsp.a(alt_irq_entry.o)
 .bss           0x00820214        0x0 ../vga_bsp//libucosii_bsp.a(alt_irq_handler.o)
 .bss           0x00820214        0x0 ../vga_bsp//libucosii_bsp.a(alt_irq_vars.o)
 .bss           0x00820214        0x0 ../vga_bsp//libucosii_bsp.a(alt_open.o)
 .bss           0x00820214        0x0 ../vga_bsp//libucosii_bsp.a(altera_nios2_qsys_irq.o)
 .bss           0x00820214        0x0 ../vga_bsp//libucosii_bsp.a(os_cpu_a.o)
 .bss           0x00820214        0x0 ../vga_bsp//libucosii_bsp.a(os_cpu_c.o)
 .bss           0x00820214        0x0 ../vga_bsp//libucosii_bsp.a(alt_exception_entry.o)
 .bss           0x00820214        0x0 ../vga_bsp//libucosii_bsp.a(alt_find_file.o)
 .bss           0x00820214        0x0 ../vga_bsp//libucosii_bsp.a(alt_get_fd.o)
 .bss           0x00820214        0x0 ../vga_bsp//libucosii_bsp.a(alt_icache_flush.o)
 .bss           0x00820214        0x0 /OPT/altera/12.1/nios2eds/bin/gnu/H-i686-pc-linux-gnu/bin/../lib/gcc/nios2-elf/4.1.2/../../../../nios2-elf/lib/libc.a(lib_a-atexit.o)
 .bss           0x00820214        0x0 /OPT/altera/12.1/nios2eds/bin/gnu/H-i686-pc-linux-gnu/bin/../lib/gcc/nios2-elf/4.1.2/../../../../nios2-elf/lib/libc.a(lib_a-exit.o)
 .bss           0x00820214        0x0 /OPT/altera/12.1/nios2eds/bin/gnu/H-i686-pc-linux-gnu/bin/../lib/gcc/nios2-elf/4.1.2/../../../../nios2-elf/lib/libc.a(lib_a-memcmp.o)
 .bss           0x00820214        0x0 /OPT/altera/12.1/nios2eds/bin/gnu/H-i686-pc-linux-gnu/bin/../lib/gcc/nios2-elf/4.1.2/../../../../nios2-elf/lib/libc.a(lib_a-__atexit.o)
 .bss           0x00820214        0x0 /OPT/altera/12.1/nios2eds/bin/gnu/H-i686-pc-linux-gnu/bin/../lib/gcc/nios2-elf/4.1.2/../../../../nios2-elf/lib/libc.a(lib_a-__call_atexit.o)
 .bss           0x00820214        0x0 ../vga_bsp//libucosii_bsp.a(alt_exit.o)
 *(COMMON)
 COMMON         0x00820214     0x4000 obj/default/hello_ucosii.o
                0x00820214                task1_stk
                0x00822214                task2_stk
 COMMON         0x00824214     0x3224 ../vga_bsp//libucosii_bsp.a(os_core.o)
                0x00824214                OSFlagTbl
                0x00824584                OSMemTbl
                0x008251b4                OSTaskStatStk
                0x008259b4                OSQTbl
                0x00825b94                OSTaskIdleStk
                0x00826394                OSEventTbl
                0x00826ed4                OSTCBTbl
                0x008273e4                OSTCBPrioTbl
 COMMON         0x00827438      0x568 ../vga_bsp//libucosii_bsp.a(altera_up_sd_card_avalon_interface.o)
                0x00827438                search_data
                0x0082744c                boot_sector_data
                0x008274a0                active_files
 COMMON         0x008279a0      0x100 ../vga_bsp//libucosii_bsp.a(alt_irq_handler.o)
                0x008279a0                alt_irq
 COMMON         0x00827aa0      0x190 /OPT/altera/12.1/nios2eds/bin/gnu/H-i686-pc-linux-gnu/bin/../lib/gcc/nios2-elf/4.1.2/../../../../nios2-elf/lib/libc.a(lib_a-atexit.o)
                0x00827aa0                _atexit0
                0x00827c30                . = ALIGN (0x4)
                0x00827c30                __bss_end = ABSOLUTE (.)

.sdram_0        0x00827c30        0x0
                0x00827c30                PROVIDE (_alt_partition_sdram_0_start, ABSOLUTE (.))
 *(.sdram_0. sdram_0.*)
                0x00827c30                . = ALIGN (0x4)
                0x00827c30                PROVIDE (_alt_partition_sdram_0_end, ABSOLUTE (.))
                0x00827c30                _end = ABSOLUTE (.)
                0x00827c30                end = ABSOLUTE (.)
                0x00827c30                __alt_stack_base = ABSOLUTE (.)
                0x00827c30                PROVIDE (_alt_partition_sdram_0_load_addr, LOADADDR (.sdram_0))

.onchip_memory2_0
                0x010841bc        0x0 load address 0x00827c30
                0x010841bc                PROVIDE (_alt_partition_onchip_memory2_0_start, ABSOLUTE (.))
 *(.onchip_memory2_0. onchip_memory2_0.*)
                0x010841bc                . = ALIGN (0x4)
                0x010841bc                PROVIDE (_alt_partition_onchip_memory2_0_end, ABSOLUTE (.))
                0x00827c30                PROVIDE (_alt_partition_onchip_memory2_0_load_addr, LOADADDR (.onchip_memory2_0))

.stab
 *(.stab)

.stabstr
 *(.stabstr)

.stab.excl