Archive member included because of file (symbol)

/OPT/altera/12.1/nios2eds/bin/gnu/H-i686-pc-linux-gnu/bin/../lib/gcc/nios2-elf/4.1.2/../../../../nios2-elf/lib/libc.a(lib_a-malloc.o)
                              obj/default/hello_ucosii.o (free)
/OPT/altera/12.1/nios2eds/bin/gnu/H-i686-pc-linux-gnu/bin/../lib/gcc/nios2-elf/4.1.2/../../../../nios2-elf/lib/libc.a(lib_a-mallocr.o)
                              /OPT/altera/12.1/nios2eds/bin/gnu/H-i686-pc-linux-gnu/bin/../lib/gcc/nios2-elf/4.1.2/../../../../nios2-elf/lib/libc.a(lib_a-malloc.o) (_malloc_r)
/OPT/altera/12.1/nios2eds/bin/gnu/H-i686-pc-linux-gnu/bin/../lib/gcc/nios2-elf/4.1.2/../../../../nios2-elf/lib/libc.a(lib_a-printf.o)
                              obj/default/hello_ucosii.o (printf)
/OPT/altera/12.1/nios2eds/bin/gnu/H-i686-pc-linux-gnu/bin/../lib/gcc/nios2-elf/4.1.2/../../../../nios2-elf/lib/libc.a(lib_a-puts.o)
                              obj/default/hello_ucosii.o (puts)
/OPT/altera/12.1/nios2eds/bin/gnu/H-i686-pc-linux-gnu/bin/../lib/gcc/nios2-elf/4.1.2/../../../../nios2-elf/lib/libc.a(lib_a-sbrkr.o)
                              /OPT/altera/12.1/nios2eds/bin/gnu/H-i686-pc-linux-gnu/bin/../lib/gcc/nios2-elf/4.1.2/../../../../nios2-elf/lib/libc.a(lib_a-mallocr.o) (_sbrk_r)
/OPT/altera/12.1/nios2eds/bin/gnu/H-i686-pc-linux-gnu/bin/../lib/gcc/nios2-elf/4.1.2/../../../../nios2-elf/lib/libc.a(lib_a-strlen.o)
                              /OPT/altera/12.1/nios2eds/bin/gnu/H-i686-pc-linux-gnu/bin/../lib/gcc/nios2-elf/4.1.2/../../../../nios2-elf/lib/libc.a(lib_a-puts.o) (strlen)
/OPT/altera/12.1/nios2eds/bin/gnu/H-i686-pc-linux-gnu/bin/../lib/gcc/nios2-elf/4.1.2/../../../../nios2-elf/lib/libc.a(lib_a-vfprintf.o)
                              /OPT/altera/12.1/nios2eds/bin/gnu/H-i686-pc-linux-gnu/bin/../lib/gcc/nios2-elf/4.1.2/../../../../nios2-elf/lib/libc.a(lib_a-printf.o) (___vfprintf_internal_r)
/OPT/altera/12.1/nios2eds/bin/gnu/H-i686-pc-linux-gnu/bin/../lib/gcc/nios2-elf/4.1.2/../../../../nios2-elf/lib/libc.a(lib_a-wsetup.o)
                              /OPT/altera/12.1/nios2eds/bin/gnu/H-i686-pc-linux-gnu/bin/../lib/gcc/nios2-elf/4.1.2/../../../../nios2-elf/lib/libc.a(lib_a-vfprintf.o) (__swsetup_r)
/OPT/altera/12.1/nios2eds/bin/gnu/H-i686-pc-linux-gnu/bin/../lib/gcc/nios2-elf/4.1.2/../../../../nios2-elf/lib/libc.a(lib_a-dtoa.o)
                              /OPT/altera/12.1/nios2eds/bin/gnu/H-i686-pc-linux-gnu/bin/../lib/gcc/nios2-elf/4.1.2/../../../../nios2-elf/lib/libc.a(lib_a-vfprintf.o) (_dtoa_r)
/OPT/altera/12.1/nios2eds/bin/gnu/H-i686-pc-linux-gnu/bin/../lib/gcc/nios2-elf/4.1.2/../../../../nios2-elf/lib/libc.a(lib_a-fflush.o)
                              /OPT/altera/12.1/nios2eds/bin/gnu/H-i686-pc-linux-gnu/bin/../lib/gcc/nios2-elf/4.1.2/../../../../nios2-elf/lib/libc.a(lib_a-vfprintf.o) (_fflush_r)
/OPT/altera/12.1/nios2eds/bin/gnu/H-i686-pc-linux-gnu/bin/../lib/gcc/nios2-elf/4.1.2/../../../../nios2-elf/lib/libc.a(lib_a-findfp.o)
                              /OPT/altera/12.1/nios2eds/bin/gnu/H-i686-pc-linux-gnu/bin/../lib/gcc/nios2-elf/4.1.2/../../../../nios2-elf/lib/libc.a(lib_a-vfprintf.o) (__sinit)
/OPT/altera/12.1/nios2eds/bin/gnu/H-i686-pc-linux-gnu/bin/../lib/gcc/nios2-elf/4.1.2/../../../../nios2-elf/lib/libc.a(lib_a-freer.o)
                              /OPT/altera/12.1/nios2eds/bin/gnu/H-i686-pc-linux-gnu/bin/../lib/gcc/nios2-elf/4.1.2/../../../../nios2-elf/lib/libc.a(lib_a-malloc.o) (_free_r)
/OPT/altera/12.1/nios2eds/bin/gnu/H-i686-pc-linux-gnu/bin/../lib/gcc/nios2-elf/4.1.2/../../../../nios2-elf/lib/libc.a(lib_a-fvwrite.o)
                              /OPT/altera/12.1/nios2eds/bin/gnu/H-i686-pc-linux-gnu/bin/../lib/gcc/nios2-elf/4.1.2/../../../../nios2-elf/lib/libc.a(lib_a-puts.o) (__sfvwrite_r)
/OPT/altera/12.1/nios2eds/bin/gnu/H-i686-pc-linux-gnu/bin/../lib/gcc/nios2-elf/4.1.2/../../../../nios2-elf/lib/libc.a(lib_a-fwalk.o)
                              /OPT/altera/12.1/nios2eds/bin/gnu/H-i686-pc-linux-gnu/bin/../lib/gcc/nios2-elf/4.1.2/../../../../nios2-elf/lib/libc.a(lib_a-fflush.o) (_fwalk_reent)
/OPT/altera/12.1/nios2eds/bin/gnu/H-i686-pc-linux-gnu/bin/../lib/gcc/nios2-elf/4.1.2/../../../../nios2-elf/lib/libc.a(lib_a-impure.o)
                              /OPT/altera/12.1/nios2eds/bin/gnu/H-i686-pc-linux-gnu/bin/../lib/gcc/nios2-elf/4.1.2/../../../../nios2-elf/lib/libc.a(lib_a-malloc.o) (_impure_ptr)
/OPT/altera/12.1/nios2eds/bin/gnu/H-i686-pc-linux-gnu/bin/../lib/gcc/nios2-elf/4.1.2/../../../../nios2-elf/lib/libc.a(lib_a-int_errno.o)
                              /OPT/altera/12.1/nios2eds/bin/gnu/H-i686-pc-linux-gnu/bin/../lib/gcc/nios2-elf/4.1.2/../../../../nios2-elf/lib/libc.a(lib_a-sbrkr.o) (errno)
/OPT/altera/12.1/nios2eds/bin/gnu/H-i686-pc-linux-gnu/bin/../lib/gcc/nios2-elf/4.1.2/../../../../nios2-elf/lib/libc.a(lib_a-locale.o)
[...]
Memory Configuration

Name             Origin             Length             Attributes
sdram_0          0x00800000         0x00800000
reset            0x01084000         0x00000020
onchip_memory2_0 0x01084020         0x00003fe0
*default*        0x00000000         0xffffffff

Linker script and memory map

LOAD ../vga_bsp//obj/HAL/src/crt0.o
LOAD obj/default/hello_ucosii.o
LOAD /OPT/altera/12.1/nios2eds/bin/gnu/H-i686-pc-linux-gnu/bin/../lib/gcc/nios2-elf/4.1.2/../../../../nios2-elf/lib/libstdc++.a
LOAD /OPT/altera/12.1/nios2eds/bin/gnu/H-i686-pc-linux-gnu/bin/../lib/gcc/nios2-elf/4.1.2/../../../../nios2-elf/lib/libm.a
LOAD /OPT/altera/12.1/nios2eds/bin/gnu/H-i686-pc-linux-gnu/bin/../lib/gcc/nios2-elf/4.1.2/libgcc.a
START GROUP
LOAD /OPT/altera/12.1/nios2eds/bin/gnu/H-i686-pc-linux-gnu/bin/../lib/gcc/nios2-elf/4.1.2/../../../../nios2-elf/lib/libc.a
LOAD /OPT/altera/12.1/nios2eds/bin/gnu/H-i686-pc-linux-gnu/bin/../lib/gcc/nios2-elf/4.1.2/libgcc.a
LOAD ../vga_bsp//libucosii_bsp.a
END GROUP
LOAD /OPT/altera/12.1/nios2eds/bin/gnu/H-i686-pc-linux-gnu/bin/../lib/gcc/nios2-elf/4.1.2/libgcc.a
                0x00800000                __alt_mem_sdram_0 = 0x800000
                0x01084000                __alt_mem_onchip_memory2_0 = 0x1084000

.entry          0x01084000       0x20
 *(.entry)
 .entry         0x01084000       0x20 ../vga_bsp//obj/HAL/src/crt0.o
                0x01084000                __reset

.exceptions     0x01084020      0x19c load address 0x00800000
                0x01084020                PROVIDE (__ram_exceptions_start, ABSOLUTE (.))
                0x01084020                . = ALIGN (0x20)
 *(.irq)
 *(.exceptions.entry.label)
 .exceptions.entry.label
                0x01084020        0x0 ../vga_bsp//libucosii_bsp.a(alt_irq_entry.o)
                0x01084020                alt_irq_entry
 .exceptions.entry.label
                0x01084020        0x0 ../vga_bsp//libucosii_bsp.a(alt_exception_entry.o)
                0x01084020                alt_exception
 *(.exceptions.entry.user)
 *(.exceptions.entry)
 .exceptions.entry
                0x01084020       0x54 ../vga_bsp//libucosii_bsp.a(alt_exception_entry.o)
 *(.exceptions.irqtest.user)
 *(.exceptions.irqtest)
 .exceptions.irqtest
                0x01084074       0x10 ../vga_bsp//libucosii_bsp.a(alt_irq_entry.o)
 *(.exceptions.irqhandler.user)
 *(.exceptions.irqhandler)
 .exceptions.irqhandler
                0x01084084        0x4 ../vga_bsp//libucosii_bsp.a(alt_irq_entry.o)
 *(.exceptions.irqreturn.user)
 *(.exceptions.irqreturn)
 .exceptions.irqreturn
                0x01084088        0x4 ../vga_bsp//libucosii_bsp.a(alt_irq_entry.o)
 *(.exceptions.notirq.label)
 .exceptions.notirq.label
                0x0108408c        0x0 ../vga_bsp//libucosii_bsp.a(alt_irq_entry.o)
 *(.exceptions.notirq.user)
 *(.exceptions.notirq)
 .exceptions.notirq
                0x0108408c        0x8 ../vga_bsp//libucosii_bsp.a(alt_exception_entry.o)
 *(.exceptions.soft.user)
 *(.exceptions.soft)
 *(.exceptions.unknown.user)
 *(.exceptions.unknown)
 .exceptions.unknown
                0x01084094        0x4 ../vga_bsp//libucosii_bsp.a(alt_exception_entry.o)
 *(.exceptions.exit.label)
 .exceptions.exit.label
                0x01084098        0x0 ../vga_bsp//libucosii_bsp.a(alt_irq_entry.o)
 .exceptions.exit.label
                0x01084098        0x0 ../vga_bsp//libucosii_bsp.a(alt_exception_entry.o)
 *(.exceptions.exit.user)
 *(.exceptions.exit)
 .exceptions.exit
                0x01084098       0x54 ../vga_bsp//libucosii_bsp.a(alt_exception_entry.o)
 *(.exceptions)
 .exceptions    0x010840ec       0xd0 ../vga_bsp//libucosii_bsp.a(alt_irq_handler.o)
                0x010840ec                alt_irq_handler
                0x010841bc                PROVIDE (__ram_exceptions_end, ABSOLUTE (.))
                0x00800000                PROVIDE (__flash_exceptions_start, LOADADDR (.exceptions))

.text           0x0080019c    0x1b474
                0x0080019c                PROVIDE (stext, ABSOLUTE (.))
 *(.interp)
 *(.hash)
 *(.dynsym)
 *(.dynstr)
 *(.gnu.version)
 *(.gnu.version_d)
 *(.gnu.version_r)
 *(.rel.init)
 *(.rela.init)
 *(.rel.text .rel.text.* .rel.gnu.linkonce.t.*)
 *(.rela.text .rela.text.* .rela.gnu.linkonce.t.*)
 *(.rel.fini)
 *(.rela.fini)
 *(.rel.rodata .rel.rodata.* .rel.gnu.linkonce.r.*)
 *(.rela.rodata .rela.rodata.* .rela.gnu.linkonce.r.*)
 *(.rel.data .rel.data.* .rel.gnu.linkonce.d.*)
 *(.rela.data .rela.data.* .rela.gnu.linkonce.d.*)
 *(.rel.tdata .rel.tdata.* .rel.gnu.linkonce.td.*)
 *(.rela.tdata .rela.tdata.* .rela.gnu.linkonce.td.*)
 *(.rel.tbss .rel.tbss.* .rel.gnu.linkonce.tb.*)
 *(.rela.tbss .rela.tbss.* .rela.gnu.linkonce.tb.*)
 *(.rel.ctors)
 *(.rela.ctors)
 *(.rel.dtors)
 *(.rela.dtors)
 *(.rel.got)
 *(.rela.got)
 *(.rel.sdata .rel.sdata.* .rel.gnu.linkonce.s.*)
 *(.rela.sdata .rela.sdata.* .rela.gnu.linkonce.s.*)
 *(.rel.sbss .rel.sbss.* .rel.gnu.linkonce.sb.*)
 *(.rela.sbss .rela.sbss.* .rela.gnu.linkonce.sb.*)
 *(.rel.sdata2 .rel.sdata2.* .rel.gnu.linkonce.s2.*)
 *(.rela.sdata2 .rela.sdata2.* .rela.gnu.linkonce.s2.*)
 *(.rel.sbss2 .rel.sbss2.* .rel.gnu.linkonce.sb2.*)
 *(.rela.sbss2 .rela.sbss2.* .rela.gnu.linkonce.sb2.*)
 *(.rel.bss .rel.bss.* .rel.gnu.linkonce.b.*)
 *(.rela.bss .rela.bss.* .rela.gnu.linkonce.b.*)
 *(.rel.plt)
 *(.rela.plt)
 *(.rel.dyn)
 *(.init)
 *(.plt)
 *(.text .stub .text.* .gnu.linkonce.t.*)
 .text          0x0080019c       0x4c ../vga_bsp//obj/HAL/src/crt0.o
                0x0080019c                _start
 .text          0x008001e8      0x3a0 obj/default/hello_ucosii.o
                0x008001e8                load_bmp
                0x00800334                draw_bitmap
                0x008003dc                main
 .text          0x00800588       0x28 /OPT/altera/12.1/nios2eds/bin/gnu/H-i686-pc-linux-gnu/bin/../lib/gcc/nios2-elf/4.1.2/../../../../nios2-elf/lib/libc.a(lib_a-malloc.o)
                0x00800588                free
                0x0080059c                malloc
 .text          0x008005b0      0x740 /OPT/altera/12.1/nios2eds/bin/gnu/H-i686-pc-linux-gnu/bin/../lib/gcc/nios2-elf/4.1.2/../../../../nios2-elf/lib/libc.a(lib_a-mallocr.o)
                0x008005b0                _malloc_r
 .text          0x00800cf0       0x78 /OPT/altera/12.1/nios2eds/bin/gnu/H-i686-pc-linux-gnu/bin/../lib/gcc/nios2-elf/4.1.2/../../../../nios2-elf/lib/libc.a(lib_a-printf.o)
                0x00800cf0                printf
                0x00800d34                _printf_r
 .text          0x00800d68       0xb4 /OPT/altera/12.1/nios2eds/bin/gnu/H-i686-pc-linux-gnu/bin/../lib/gcc/nios2-elf/4.1.2/../../../../nios2-elf/lib/libc.a(lib_a-puts.o)
                0x00800d68                _puts_r
                0x00800e08                puts
 .text          0x00800e1c       0x70 /OPT/altera/12.1/nios2eds/bin/gnu/H-i686-pc-linux-gnu/bin/../lib/gcc/nios2-elf/4.1.2/../../../../nios2-elf/lib/libc.a(lib_a-sbrkr.o)
                0x00800e1c                _sbrk_r
 .text          0x00800e8c       0x74 /OPT/altera/12.1/nios2eds/bin/gnu/H-i686-pc-linux-gnu/bin/../lib/gcc/nios2-elf/4.1.2/../../../../nios2-elf/lib/libc.a(lib_a-strlen.o)
                0x00800e8c                strlen
 .text          0x00800f00     0x1f28 /OPT/altera/12.1/nios2eds/bin/gnu/H-i686-pc-linux-gnu/bin/../lib/gcc/nios2-elf/4.1.2/../../../../nios2-elf/lib/libc.a(lib_a-vfprintf.o)
                0x00800f58                ___vfprintf_internal_r
                0x00802e04                __vfprintf_internal
 .text          0x00802e28      0x13c /OPT/altera/12.1/nios2eds/bin/gnu/H-i686-pc-linux-gnu/bin/../lib/gcc/nios2-elf/4.1.2/../../../../nios2-elf/lib/libc.a(lib_a-wsetup.o)
                0x00802e28                __swsetup_r
 .text          0x00802f64     0x17cc /OPT/altera/12.1/nios2eds/bin/gnu/H-i686-pc-linux-gnu/bin/../lib/gcc/nios2-elf/4.1.2/../../../../nios2-elf/lib/libc.a(lib_a-dtoa.o)
                0x0080317c                _dtoa_r
 .text          0x00804730      0x230 /OPT/altera/12.1/nios2eds/bin/gnu/H-i686-pc-linux-gnu/bin/../lib/gcc/nios2-elf/4.1.2/../../../../nios2-elf/lib/libc.a(lib_a-fflush.o)
                0x00804730                _fflush_r
                0x0080492c                fflush
 .text          0x00804960      0x2c0 /OPT/altera/12.1/nios2eds/bin/gnu/H-i686-pc-linux-gnu/bin/../lib/gcc/nios2-elf/4.1.2/../../../../nios2-elf/lib/libc.a(lib_a-findfp.o)
                0x008049b8                __sfp_lock_acquire
                0x008049bc                __sfp_lock_release
                0x008049c0                __sinit_lock_acquire
                0x008049c4                __sinit_lock_release
                0x008049c8                __sinit
                0x00804a7c                __fp_unlock_all
                0x00804a94                __fp_lock_all
                0x00804aac                _cleanup_r
                0x00804ab8                _cleanup
                0x00804ac8                __sfmoreglue
                0x00804b30                __sfp
 .text          0x00804c20      0x440 /OPT/altera/12.1/nios2eds/bin/gnu/H-i686-pc-linux-gnu/bin/../lib/gcc/nios2-elf/4.1.2/../../../../nios2-elf/lib/libc.a(lib_a-freer.o)
                0x00804c20                _malloc_trim_r
                0x00804d4c                _free_r
 .text          0x00805060      0x49c /OPT/altera/12.1/nios2eds/bin/gnu/H-i686-pc-linux-gnu/bin/../lib/gcc/nios2-elf/4.1.2/../../../../nios2-elf/lib/libc.a(lib_a-fvwrite.o)
                0x00805060                __sfvwrite_r
 .text          0x008054fc      0x180 /OPT/altera/12.1/nios2eds/bin/gnu/H-i686-pc-linux-gnu/bin/../lib/gcc/nios2-elf/4.1.2/../../../../nios2-elf/lib/libc.a(lib_a-fwalk.o)
                0x008054fc                _fwalk_reent
                0x008055c4                _fwalk
 .text          0x0080567c        0x0 /OPT/altera/12.1/nios2eds/bin/gnu/H-i686-pc-linux-gnu/bin/../lib/gcc/nios2-elf/4.1.2/../../../../nios2-elf/lib/libc.a(lib_a-impure.o)
 .text          0x0080567c        0x0 /OPT/altera/12.1/nios2eds/bin/gnu/H-i686-pc-linux-gnu/bin/../lib/gcc/nios2-elf/4.1.2/../../../../nios2-elf/lib/libc.a(lib_a-int_errno.o)
 .text          0x0080567c       0xc4 /OPT/altera/12.1/nios2eds/bin/gnu/H-i686-pc-linux-gnu/bin/../lib/gcc/nios2-elf/4.1.2/../../../../nios2-elf/lib/libc.a(lib_a-locale.o)
                0x0080567c                __locale_charset
                0x00805684                _localeconv_r
                0x00805690                localeconv
                0x008056a0                _setlocale_r
                0x00805724                setlocale
 .text          0x00805740      0x194 /OPT/altera/12.1/nios2eds/bin/gnu/H-i686-pc-linux-gnu/bin/../lib/gcc/nios2-elf/4.1.2/../../../../nios2-elf/lib/libc.a(lib_a-makebuf.o)
                0x00805740                __smakebuf_r
 .text          0x008058d4       0xe4 /OPT/altera/12.1/nios2eds/bin/gnu/H-i686-pc-linux-gnu/bin/../lib/gcc/nios2-elf/4.1.2/../../../../nios2-elf/lib/libc.a(lib_a-memchr.o)
                0x008058d4                memchr
 .text          0x008059b8       0xa0 /OPT/altera/12.1/nios2eds/bin/gnu/H-i686-pc-linux-gnu/bin/../lib/gcc/nios2-elf/4.1.2/../../../../nios2-elf/lib/libc.a(lib_a-memcpy.o)
                0x008059b8                memcpy
 .text          0x00805a58       0xe0 /OPT/altera/12.1/nios2eds/bin/gnu/H-i686-pc-linux-gnu/bin/../lib/gcc/nios2-elf/4.1.2/../../../../nios2-elf/lib/libc.a(lib_a-memmove.o)
                0x00805a58                memmove
 .text          0x00805b38       0x98 /OPT/altera/12.1/nios2eds/bin/gnu/H-i686-pc-linux-gnu/bin/../lib/gcc/nios2-elf/4.1.2/../../../../nios2-elf/lib/libc.a(lib_a-memset.o)
                0x00805b38                memset
 .text          0x00805bd0      0xff4 /OPT/altera/12.1/nios2eds/bin/gnu/H-i686-pc-linux-gnu/bin/../lib/gcc/nios2-elf/4.1.2/../../../../nios2-elf/lib/libc.a(lib_a-mprec.o)
                0x00805bd0                _Bfree
                0x00805bf8                __hi0bits
                0x00805c68                __lo0bits
                0x00805d2c                __mcmp
                0x00805d8c                __ulp
                0x00805e0c                __b2d
                0x00805f2c                __ratio
                0x00805fdc                _mprec_log10
                0x00806070                __copybits
                0x008060c8                __any_on
                0x00806150                _Balloc
                0x0080620c                __d2b
                0x00806388                __mdiff
                0x00806514                __lshift
                0x00806660                __multiply
                0x00806848                __i2b
                0x00806884                __multadd
                0x00806984                __pow5mult
                0x00806aa4                __s2b
 .text          0x00806bc4      0x5f4 /OPT/altera/12.1/nios2eds/bin/gnu/H-i686-pc-linux-gnu/bin/../lib/gcc/nios2-elf/4.1.2/../../../../nios2-elf/lib/libc.a(lib_a-reallocr.o)
                0x00806bc4                _realloc_r
 .text          0x008071b8       0x40 /OPT/altera/12.1/nios2eds/bin/gnu/H-i686-pc-linux-gnu/bin/../lib/gcc/nios2-elf/4.1.2/../../../../nios2-elf/lib/libc.a(lib_a-s_isinfd.o)
                0x008071b8                __isinfd
 .text          0x008071f8       0x30 /OPT/altera/12.1/nios2eds/bin/gnu/H-i686-pc-linux-gnu/bin/../lib/gcc/nios2-elf/4.1.2/../../../../nios2-elf/lib/libc.a(lib_a-s_isnand.o)
                0x008071f8                __isnand
 .text          0x00807228      0x14c /OPT/altera/12.1/nios2eds/bin/gnu/H-i686-pc-linux-gnu/bin/../lib/gcc/nios2-elf/4.1.2/../../../../nios2-elf/lib/libc.a(lib_a-stdio.o)
                0x00807228                __sclose
                0x00807230                __sseek
                0x00807298                __swrite
                0x00807314                __sread
 .text          0x00807374       0xbc /OPT/altera/12.1/nios2eds/bin/gnu/H-i686-pc-linux-gnu/bin/../lib/gcc/nios2-elf/4.1.2/../../../../nios2-elf/lib/libc.a(lib_a-strcmp.o)
                0x00807374                strcmp
 .text          0x00807430       0x78 /OPT/altera/12.1/nios2eds/bin/gnu/H-i686-pc-linux-gnu/bin/../lib/gcc/nios2-elf/4.1.2/../../../../nios2-elf/lib/libc.a(lib_a-writer.o)
                0x00807430                _write_r
 .text          0x008074a8       0xb4 /OPT/altera/12.1/nios2eds/bin/gnu/H-i686-pc-linux-gnu/bin/../lib/gcc/nios2-elf/4.1.2/../../../../nios2-elf/lib/libc.a(lib_a-callocr.o)
                0x008074a8                _calloc_r
 .text          0x0080755c       0x70 /OPT/altera/12.1/nios2eds/bin/gnu/H-i686-pc-linux-gnu/bin/../lib/gcc/nios2-elf/4.1.2/../../../../nios2-elf/lib/libc.a(lib_a-closer.o)
                0x0080755c                _close_r
 .text          0x008075cc      0x124 /OPT/altera/12.1/nios2eds/bin/gnu/H-i686-pc-linux-gnu/bin/../lib/gcc/nios2-elf/4.1.2/../../../../nios2-elf/lib/libc.a(lib_a-fclose.o)
                0x008075cc                _fclose_r
                0x008076dc                fclose
 .text          0x008076f0       0x74 /OPT/altera/12.1/nios2eds/bin/gnu/H-i686-pc-linux-gnu/bin/../lib/gcc/nios2-elf/4.1.2/../../../../nios2-elf/lib/libc.a(lib_a-fstatr.o)
                0x008076f0                _fstat_r
 .text          0x00807764       0x70 /OPT/altera/12.1/nios2eds/bin/gnu/H-i686-pc-linux-gnu/bin/../lib/gcc/nios2-elf/4.1.2/../../../../nios2-elf/lib/libc.a(lib_a-isattyr.o)
                0x00807764                _isatty_r
 .text          0x008077d4       0x78 /OPT/altera/12.1/nios2eds/bin/gnu/H-i686-pc-linux-gnu/bin/../lib/gcc/nios2-elf/4.1.2/../../../../nios2-elf/lib/libc.a(lib_a-lseekr.o)
                0x008077d4                _lseek_r
 .text          0x0080784c       0x78 /OPT/altera/12.1/nios2eds/bin/gnu/H-i686-pc-linux-gnu/bin/../lib/gcc/nios2-elf/4.1.2/../../../../nios2-elf/lib/libc.a(lib_a-readr.o)
                0x0080784c                _read_r
 .text          0x008078c4      0x5dc /OPT/altera/12.1/nios2eds/bin/gnu/H-i686-pc-linux-gnu/bin/../lib/gcc/nios2-elf/4.1.2/libgcc.a(_udivdi3.o)
                0x008078c4                __udivdi3
 .text          0x00807ea0      0x5b0 /OPT/altera/12.1/nios2eds/bin/gnu/H-i686-pc-linux-gnu/bin/../lib/gcc/nios2-elf/4.1.2/libgcc.a(_umoddi3.o)
                0x00807ea0                __umoddi3
 .text          0x00808450      0x504 /OPT/altera/12.1/nios2eds/bin/gnu/H-i686-pc-linux-gnu/bin/../lib/gcc/nios2-elf/4.1.2/libgcc.a(_addsub_df.o)
                0x00808860                __subdf3
                0x008088e0                __adddf3
 .text          0x00808954      0x3c4 /OPT/altera/12.1/nios2eds/bin/gnu/H-i686-pc-linux-gnu/bin/../lib/gcc/nios2-elf/4.1.2/libgcc.a(_mul_df.o)
                0x00808954                __muldf3
 .text          0x00808d18      0x258 /OPT/altera/12.1/nios2eds/bin/gnu/H-i686-pc-linux-gnu/bin/../lib/gcc/nios2-elf/4.1.2/libgcc.a(_div_df.o)
                0x00808d18                __divdf3
 .text          0x00808f70       0x88 /OPT/altera/12.1/nios2eds/bin/gnu/H-i686-pc-linux-gnu/bin/../lib/gcc/nios2-elf/4.1.2/libgcc.a(_eq_df.o)
                0x00808f70                __eqdf2
 .text          0x00808ff8       0x88 /OPT/altera/12.1/nios2eds/bin/gnu/H-i686-pc-linux-gnu/bin/../lib/gcc/nios2-elf/4.1.2/libgcc.a(_ne_df.o)
                0x00808ff8                __nedf2
 .text          0x00809080       0x88 /OPT/altera/12.1/nios2eds/bin/gnu/H-i686-pc-linux-gnu/bin/../lib/gcc/nios2-elf/4.1.2/libgcc.a(_gt_df.o)
                0x00809080                __gtdf2
 .text          0x00809108       0x88 /OPT/altera/12.1/nios2eds/bin/gnu/H-i686-pc-linux-gnu/bin/../lib/gcc/nios2-elf/4.1.2/libgcc.a(_ge_df.o)
                0x00809108                __gedf2
 .text          0x00809190       0x88 /OPT/altera/12.1/nios2eds/bin/gnu/H-i686-pc-linux-gnu/bin/../lib/gcc/nios2-elf/4.1.2/libgcc.a(_lt_df.o)
                0x00809190                __ltdf2
 .text          0x00809218       0xf8 /OPT/altera/12.1/nios2eds/bin/gnu/H-i686-pc-linux-gnu/bin/../lib/gcc/nios2-elf/4.1.2/libgcc.a(_si_to_df.o)
                0x00809218                __floatsidf
 .text          0x00809310       0xd8 /OPT/altera/12.1/nios2eds/bin/gnu/H-i686-pc-linux-gnu/bin/../lib/gcc/nios2-elf/4.1.2/libgcc.a(_df_to_si.o)
                0x00809310                __fixdfsi
 .text          0x008093e8        0x0 /OPT/altera/12.1/nios2eds/bin/gnu/H-i686-pc-linux-gnu/bin/../lib/gcc/nios2-elf/4.1.2/libgcc.a(_thenan_df.o)
 .text          0x008093e8      0x194 /OPT/altera/12.1/nios2eds/bin/gnu/H-i686-pc-linux-gnu/bin/../lib/gcc/nios2-elf/4.1.2/libgcc.a(_usi_to_df.o)
                0x008093e8                __floatunsidf
 .text          0x0080957c      0x14c /OPT/altera/12.1/nios2eds/bin/gnu/H-i686-pc-linux-gnu/bin/../lib/gcc/nios2-elf/4.1.2/libgcc.a(lib2-divmod.o)
                0x008095f8                __divsi3
                0x00809658                __modsi3
                0x008096b8                __udivsi3
                0x008096c0                __umodsi3
 .text          0x008096c8       0x98 /OPT/altera/12.1/nios2eds/bin/gnu/H-i686-pc-linux-gnu/bin/../lib/gcc/nios2-elf/4.1.2/libgcc.a(_muldi3.o)
                0x008096c8                __muldi3
 .text          0x00809760        0x0 /OPT/altera/12.1/nios2eds/bin/gnu/H-i686-pc-linux-gnu/bin/../lib/gcc/nios2-elf/4.1.2/libgcc.a(_clz.o)
 .text          0x00809760       0x80 /OPT/altera/12.1/nios2eds/bin/gnu/H-i686-pc-linux-gnu/bin/../lib/gcc/nios2-elf/4.1.2/libgcc.a(_clzsi2.o)
                0x00809760                __clzsi2
 .text          0x008097e0      0x314 /OPT/altera/12.1/nios2eds/bin/gnu/H-i686-pc-linux-gnu/bin/../lib/gcc/nios2-elf/4.1.2/libgcc.a(_pack_df.o)
                0x008097e0                __pack_d
 .text          0x00809af4      0x138 /OPT/altera/12.1/nios2eds/bin/gnu/H-i686-pc-linux-gnu/bin/../lib/gcc/nios2-elf/4.1.2/libgcc.a(_unpack_df.o)
                0x00809af4                __unpack_d
 .text          0x00809c2c       0xc8 /OPT/altera/12.1/nios2eds/bin/gnu/H-i686-pc-linux-gnu/bin/../lib/gcc/nios2-elf/4.1.2/libgcc.a(_fpcmp_parts_df.o)
                0x00809c2c                __fpcmp_parts_d
 .text          0x00809cf4      0x15c ../vga_bsp//libucosii_bsp.a(alt_close.o)
                0x00809cf4                close
 .text          0x00809e50       0x2c ../vga_bsp//libucosii_bsp.a(alt_dev.o)
 .text          0x00809e7c        0x0 ../vga_bsp//libucosii_bsp.a(alt_errno.o)
 .text          0x00809e7c      0x134 ../vga_bsp//libucosii_bsp.a(alt_fstat.o)
                0x00809e7c                fstat
 .text          0x00809fb0      0x120 ../vga_bsp//libucosii_bsp.a(alt_isatty.o)
                0x00809fb0                isatty
 .text          0x0080a0d0       0xec ../vga_bsp//libucosii_bsp.a(alt_load.o)
                0x0080a0d0                alt_load
 .text          0x0080a1bc      0x150 ../vga_bsp//libucosii_bsp.a(alt_lseek.o)
                0x0080a1bc                lseek
 .text          0x0080a30c       0xc8 ../vga_bsp//libucosii_bsp.a(alt_main.o)
                0x0080a30c                alt_main
 .text          0x0080a3d4      0x180 ../vga_bsp//libucosii_bsp.a(alt_read.o)
                0x0080a3d4                read
 .text          0x0080a554       0x60 ../vga_bsp//libucosii_bsp.a(alt_release_fd.o)
                0x0080a554                alt_release_fd
 .text          0x0080a5b4       0xbc ../vga_bsp//libucosii_bsp.a(alt_sbrk.o)
                0x0080a5b4                sbrk
 .text          0x0080a670      0x180 ../vga_bsp//libucosii_bsp.a(alt_write.o)
                0x0080a670                write
 .text          0x0080a7f0      0x108 ../vga_bsp//libucosii_bsp.a(alt_env_lock.o)
                0x0080a7f0                __env_lock
                0x0080a89c                __env_unlock
 .text          0x0080a8f8      0x1d8 ../vga_bsp//libucosii_bsp.a(alt_malloc_lock.o)
                0x0080a8f8                __malloc_lock
                0x0080aa00                __malloc_unlock
 .text          0x0080aad0     0x2128 ../vga_bsp//libucosii_bsp.a(os_core.o)
                0x0080aad0                OSEventNameGet
                0x0080ac00                OSEventNameSet
                0x0080ad44                OSEventPendMulti
                0x0080b3f8                OSInit
                0x0080b44c                OSIntEnter
                0x0080b4c8                OSIntExit
                0x0080b5c8                OSSchedLock
                0x0080b654                OSSchedUnlock
                0x0080b738                OSStart
                0x0080b7a8                OSStatInit
                0x0080b854                OSTimeTick
                0x0080ba94                OSVersion
                0x0080bab4                OS_Dummy
                0x0080bad0                OS_EventTaskRdy
                0x0080bc64                OS_EventTaskWait
                0x0080bd74                OS_EventTaskWaitMulti
                0x0080bec8                OS_EventTaskRemove
                0x0080bf80                OS_EventTaskRemoveMulti
                0x0080c084                OS_EventWaitListInit
                0x0080c450                OS_MemClr
                0x0080c4a4                OS_MemCopy
                0x0080c510                OS_Sched
                0x0080c654                OS_StrCopy
                0x0080c6d4                OS_StrLen
                0x0080c72c                OS_TaskIdle
                0x0080c788                OS_TaskStat
                0x0080c850                OS_TaskStatStkChk
                0x0080c918                OS_TCBInit
 .text          0x0080cbf8      0x18c ../vga_bsp//libucosii_bsp.a(os_dbg.o)
                0x0080cbf8                OSDebugInit
 .text          0x0080cd84     0x193c ../vga_bsp//libucosii_bsp.a(os_flag.o)
                0x0080cd84                OSFlagAccept
                0x0080d0b8                OSFlagCreate
                0x0080d1f4                OSFlagDel
                0x0080d49c                OSFlagNameGet
                0x0080d5e0                OSFlagNameSet
                0x0080d734                OSFlagPend
                0x0080dd78                OSFlagPendGetFlagsRdy
                0x0080dde0                OSFlagPost
                0x0080e188                OSFlagQuery
                0x0080e420                OS_FlagInit
                0x0080e614                OS_FlagUnlink
 .text          0x0080e6c0      0x808 ../vga_bsp//libucosii_bsp.a(os_mem.o)
                0x0080e6c0                OSMemCreate
                0x0080e8dc                OSMemGet
                0x0080e9e0                OSMemNameGet
                0x0080eaec                OSMemNameSet
                0x0080ec0c                OSMemPut
                0x0080ecfc                OSMemQuery
                0x0080edf8                OS_MemInit
 .text          0x0080eec8     0x1334 ../vga_bsp//libucosii_bsp.a(os_q.o)
                0x0080eec8                OSQAccept
                0x0080f01c                OSQCreate
                0x0080f230                OSQDel
                0x0080f530                OSQFlush
                0x0080f5f8                OSQPend
                0x0080f918                OSQPendAbort
                0x0080fa94                OSQPost
                0x0080fc14                OSQPostFront
                0x0080fd9c                OSQPostOpt
                0x0080ffd0                OSQQuery
                0x00810150                OS_QInit
 .text          0x008101fc      0xbc8 ../vga_bsp//libucosii_bsp.a(os_sem.o)
                0x008101fc                OSSemAccept
                0x008102bc                OSSemCreate
                0x008103d0                OSSemDel
                0x00810670                OSSemPend
                0x008108ec                OSSemPendAbort
                0x00810a68                OSSemPost
                0x00810b90                OSSemQuery
                0x00810cc0                OSSemSet
 .text          0x00810dc4     0x1a40 ../vga_bsp//libucosii_bsp.a(os_task.o)
                0x00810dc4                OSTaskChangePrio
                0x00811338                OSTaskCreate
                0x0081150c                OSTaskCreateExt
                0x0081170c                OSTaskDel
                0x00811b18                OSTaskDelReq
                0x00811c88                OSTaskNameGet
                0x00811e40                OSTaskNameSet
                0x00812004                OSTaskResume
                0x0081221c                OSTaskStkChk
                0x00812418                OSTaskSuspend
                0x00812644                OSTaskQuery
                0x00812788                OS_TaskStkClr
 .text          0x00812804      0x598 ../vga_bsp//libucosii_bsp.a(os_time.o)
                0x00812804                OSTimeDly
                0x00812950                OSTimeDlyHMSM
                0x00812ac4                OSTimeDlyResume
                0x00812cd4                OSTimeGet
                0x00812d38                OSTimeSet
 .text          0x00812d9c      0x2e4 ../vga_bsp//libucosii_bsp.a(alt_sys_init.o)
                0x00812d9c                alt_irq_init
                0x00812dd0                alt_sys_init
 .text          0x00813080      0x148 ../vga_bsp//libucosii_bsp.a(altera_avalon_jtag_uart_fd.o)
                0x00813080                altera_avalon_jtag_uart_read_fd
                0x008130d8                altera_avalon_jtag_uart_write_fd
                0x00813130                altera_avalon_jtag_uart_close_fd
                0x00813178                altera_avalon_jtag_uart_ioctl_fd
 .text          0x008131c8      0x584 ../vga_bsp//libucosii_bsp.a(altera_avalon_jtag_uart_init.o)
                0x008131c8                altera_avalon_jtag_uart_init
                0x008136d8                altera_avalon_jtag_uart_close
 .text          0x0081374c       0xf4 ../vga_bsp//libucosii_bsp.a(altera_avalon_jtag_uart_ioctl.o)
                0x0081374c                altera_avalon_jtag_uart_ioctl
 .text          0x00813840      0x2c0 ../vga_bsp//libucosii_bsp.a(altera_avalon_jtag_uart_read.o)
                0x00813840                altera_avalon_jtag_uart_read
 .text          0x00813b00      0x2dc ../vga_bsp//libucosii_bsp.a(altera_avalon_jtag_uart_write.o)
                0x00813b00                altera_avalon_jtag_uart_write
 .text          0x00813ddc      0x100 ../vga_bsp//libucosii_bsp.a(altera_avalon_timer_sc.o)
                0x00813e4c                alt_avalon_timer_sc_init
 .text          0x00813edc      0x530 ../vga_bsp//libucosii_bsp.a(altera_up_avalon_character_lcd.o)
                0x00813edc                get_DDRAM_addr
                0x00813f58                alt_up_character_lcd_send_cmd
                0x00813f8c                alt_up_character_lcd_init
                0x00813fc0                alt_up_character_lcd_open_dev
                0x00814000                alt_up_character_lcd_write
                0x00814078                alt_up_character_lcd_string
                0x008140f0                alt_up_character_lcd_write_fd
                0x0081413c                alt_up_character_lcd_set_cursor_pos
                0x008141b4                alt_up_character_lcd_shift_cursor
                0x00814264                alt_up_character_lcd_shift_display
                0x00814314                alt_up_character_lcd_erase_pos
                0x008143a4                alt_up_character_lcd_cursor_off
                0x008143d8                alt_up_character_lcd_cursor_blink_on
 .text          0x0081440c     0x156c ../vga_bsp//libucosii_bsp.a(altera_up_avalon_video_pixel_buffer_dma.o)
                0x0081440c                alt_up_pixel_buffer_dma_open_dev
                0x0081444c                alt_up_pixel_buffer_dma_draw
                0x008145ec                alt_up_pixel_buffer_dma_change_back_buffer_address
                0x00814644                alt_up_pixel_buffer_dma_swap_buffers
                0x0081469c                alt_up_pixel_buffer_dma_check_swap_buffers_status
                0x008146d0                alt_up_pixel_buffer_dma_clear_screen
                0x00814834                alt_up_pixel_buffer_dma_draw_box
                0x00814d28                alt_up_pixel_buffer_dma_draw_hline
                0x00815078                alt_up_pixel_buffer_dma_draw_vline
                0x00815448                alt_up_pixel_buffer_dma_draw_rectangle
                0x0081550c                helper_plot_pixel
                0x008155dc                alt_up_pixel_buffer_dma_draw_line
 .text          0x00815978     0x4428 ../vga_bsp//libucosii_bsp.a(altera_up_sd_card_avalon_interface.o)
                0x00815978                Write_Sector_Data
                0x00815a40                Save_Modified_Sector
                0x00815a90                Read_Sector_Data
                0x00815b8c                get_cluster_flag
                0x00815c44                mark_cluster
                0x00815d28                Check_for_Master_Boot_Record
                0x00815ed8                Read_File_Record_At_Offset
                0x0081615c                Write_File_Record_At_Offset
                0x00816414                Check_for_DOS_FAT
                0x00816a5c                Look_for_FAT16
                0x00816b54                filename_to_upper_case
                0x00816c24                check_file_name_for_FAT16_compliance
                0x00816eb4                get_dir_divider_location
                0x00816f74                match_file_record_to_name_ext
                0x00817260                get_home_directory_cluster_for_file
                0x00817774                find_file_in_directory
                0x00817bd8                find_first_empty_cluster
                0x00817d7c                find_first_empty_record_in_a_subdirectory
                0x00817fc8                find_first_empty_record_in_root_directory
                0x008180f4                convert_filename_to_name_extension
                0x008182ac                create_file
                0x00818580                copy_file_record_name_to_string
                0x008186d4                alt_up_sd_card_open_dev
                0x00818798                alt_up_sd_card_is_Present
                0x00818860                alt_up_sd_card_is_FAT16
                0x008188d4                alt_up_sd_card_find_first
                0x008189a8                alt_up_sd_card_find_next
                0x00818d58                alt_up_sd_card_fopen
                0x00819100                alt_up_sd_card_set_attributes
                0x00819190                alt_up_sd_card_get_attributes
                0x0081921c                alt_up_sd_card_read
                0x008195b0                alt_up_sd_card_write
                0x00819bd4                alt_up_sd_card_fclose
 .text          0x00819da0      0x154 ../vga_bsp//libucosii_bsp.a(alt_alarm_start.o)
                0x00819da0                alt_alarm_start
 .text          0x00819ef4       0x44 ../vga_bsp//libucosii_bsp.a(alt_dcache_flush_all.o)
                0x00819ef4                alt_dcache_flush_all
 .text          0x00819f38      0x114 ../vga_bsp//libucosii_bsp.a(alt_dev_llist_insert.o)
                0x00819f38                alt_dev_llist_insert
 .text          0x0081a04c       0x64 ../vga_bsp//libucosii_bsp.a(alt_do_ctors.o)
                0x0081a04c                _do_ctors
 .text          0x0081a0b0       0x64 ../vga_bsp//libucosii_bsp.a(alt_do_dtors.o)
                0x0081a0b0                _do_dtors
 .text          0x0081a114       0x94 ../vga_bsp//libucosii_bsp.a(alt_find_dev.o)
                0x0081a114                alt_find_dev
 .text          0x0081a1a8       0x30 ../vga_bsp//libucosii_bsp.a(alt_icache_flush_all.o)
                0x0081a1a8                alt_icache_flush_all
 .text          0x0081a1d8      0x1d4 ../vga_bsp//libucosii_bsp.a(alt_iic.o)
                0x0081a1d8                alt_ic_isr_register
                0x0081a228                alt_ic_irq_enable
                0x0081a2c4                alt_ic_irq_disable
                0x0081a364                alt_ic_irq_enabled
 .text          0x0081a3ac       0xf8 ../vga_bsp//libucosii_bsp.a(alt_iic_isr_register.o)
                0x0081a3ac                alt_iic_isr_register
 .text          0x0081a4a4      0x13c ../vga_bsp//libucosii_bsp.a(alt_io_redirect.o)
                0x0081a568                alt_io_redirect
 .text          0x0081a5e0        0x0 ../vga_bsp//libucosii_bsp.a(alt_irq_entry.o)
 .text          0x0081a5e0        0x0 ../vga_bsp//libucosii_bsp.a(alt_irq_handler.o)
 .text          0x0081a5e0        0x0 ../vga_bsp//libucosii_bsp.a(alt_irq_vars.o)
 .text          0x0081a5e0      0x2c4 ../vga_bsp//libucosii_bsp.a(alt_open.o)
                0x0081a6bc                open
 .text          0x0081a8a4      0x1a8 ../vga_bsp//libucosii_bsp.a(alt_tick.o)
                0x0081a8a4                alt_alarm_stop
                0x0081a93c                alt_tick
 .text          0x0081aa4c       0x20 ../vga_bsp//libucosii_bsp.a(altera_nios2_qsys_irq.o)
                0x0081aa4c                altera_nios2_qsys_irq_init
 .text          0x0081aa6c       0xd0 ../vga_bsp//libucosii_bsp.a(os_cpu_a.o)
                0x0081aa6c                OSCtxSw
                0x0081aa6c                OSIntCtxSw
                0x0081aaf8                OSStartHighRdy
                0x0081ab18                OSStartTsk
 .text          0x0081ab3c      0x418 ../vga_bsp//libucosii_bsp.a(os_cpu_c.o)
                0x0081ab3c                OSTaskStkInit
                0x0081ae4c                OSTaskCreateHook
                0x0081ae6c                OSTaskDelHook
                0x0081ae8c                OSTaskSwHook
                0x0081aea8                OSTaskStatHook
                0x0081aec4                OSTimeTickHook
                0x0081aee0                OSInitHookBegin
                0x0081aefc                OSInitHookEnd
                0x0081af18                OSTaskIdleHook
                0x0081af34                OSTCBInitHook
 .text          0x0081af54        0x0 ../vga_bsp//libucosii_bsp.a(alt_exception_entry.o)
 .text          0x0081af54      0x120 ../vga_bsp//libucosii_bsp.a(alt_find_file.o)
                0x0081af54                alt_find_file
 .text          0x0081b074       0xf4 ../vga_bsp//libucosii_bsp.a(alt_get_fd.o)
                0x0081b074                alt_get_fd
 .text          0x0081b168       0x90 ../vga_bsp//libucosii_bsp.a(alt_icache_flush.o)
                0x0081b168                alt_icache_flush
 .text          0x0081b1f8       0x14 /OPT/altera/12.1/nios2eds/bin/gnu/H-i686-pc-linux-gnu/bin/../lib/gcc/nios2-elf/4.1.2/../../../../nios2-elf/lib/libc.a(lib_a-atexit.o)
                0x0081b1f8                atexit
 .text          0x0081b20c       0x38 /OPT/altera/12.1/nios2eds/bin/gnu/H-i686-pc-linux-gnu/bin/../lib/gcc/nios2-elf/4.1.2/../../../../nios2-elf/lib/libc.a(lib_a-exit.o)
                0x0081b20c                exit
 .text          0x0081b244       0x74 /OPT/altera/12.1/nios2eds/bin/gnu/H-i686-pc-linux-gnu/bin/../lib/gcc/nios2-elf/4.1.2/../../../../nios2-elf/lib/libc.a(lib_a-memcmp.o)
                0x0081b244                memcmp
 .text          0x0081b2b8      0x134 /OPT/altera/12.1/nios2eds/bin/gnu/H-i686-pc-linux-gnu/bin/../lib/gcc/nios2-elf/4.1.2/../../../../nios2-elf/lib/libc.a(lib_a-__atexit.o)
                0x0081b2b8                __register_exitproc
 .text          0x0081b3ec      0x1b4 /OPT/altera/12.1/nios2eds/bin/gnu/H-i686-pc-linux-gnu/bin/../lib/gcc/nios2-elf/4.1.2/../../../../nios2-elf/lib/libc.a(lib_a-__call_atexit.o)
                0x0081b3f0                __call_exitprocs
 .text          0x0081b5a0       0x6c ../vga_bsp//libucosii_bsp.a(alt_exit.o)
                0x0081b5e0                _exit
 *(.gnu.warning.*)
 *(.fini)
                0x0081b60c                PROVIDE (__etext, ABSOLUTE (.))
                0x0081b60c                PROVIDE (_etext, ABSOLUTE (.))
                0x0081b60c                PROVIDE (etext, ABSOLUTE (.))
 *(.eh_frame_hdr)
                0x0081b60c                . = ALIGN (0x4)
                0x0081b60c                PROVIDE (__preinit_array_start, ABSOLUTE (.))
 *(.preinit_array)
                0x0081b60c                PROVIDE (__preinit_array_end, ABSOLUTE (.))
                0x0081b60c                PROVIDE (__init_array_start, ABSOLUTE (.))
 *(.init_array)
                0x0081b60c                PROVIDE (__init_array_end, ABSOLUTE (.))
                0x0081b60c                PROVIDE (__fini_array_start, ABSOLUTE (.))
 *(.fini_array)
                0x0081b60c                PROVIDE (__fini_array_end, ABSOLUTE (.))
 *(.eh_frame)
 *(.gcc_except_table)
 *(.dynamic)
                0x0081b60c                PROVIDE (__CTOR_LIST__, ABSOLUTE (.))
 *(.ctors)
 *(SORT(.ctors.*))
 .ctors.65535   0x0081b60c        0x4 /OPT/altera/12.1/nios2eds/bin/gnu/H-i686-pc-linux-gnu/bin/../lib/gcc/nios2-elf/4.1.2/../../../../nios2-elf/lib/libc.a(lib_a-__call_atexit.o)
                0x0081b610                PROVIDE (__CTOR_END__, ABSOLUTE (.))
                0x0081b610                PROVIDE (__DTOR_LIST__, ABSOLUTE (.))
 *(.dtors)
 *(SORT(.dtors.*))
                0x0081b610                PROVIDE (__DTOR_END__, ABSOLUTE (.))
 *(.jcr)
                0x0081b610                . = ALIGN (0x4)

.rodata         0x0081b610      0x5e4
                0x0081b610                PROVIDE (__ram_rodata_start, ABSOLUTE (.))
                0x0081b610                . = ALIGN (0x4)
 *(.rodata .rodata.* .gnu.linkonce.r.*)
 .rodata        0x0081b610      0x118 obj/default/hello_ucosii.o
 .rodata.str1.4
                0x0081b728        0x2 /OPT/altera/12.1/nios2eds/bin/gnu/H-i686-pc-linux-gnu/bin/../lib/gcc/nios2-elf/4.1.2/../../../../nios2-elf/lib/libc.a(lib_a-puts.o)
                                  0x4 (size before relaxing)
 *fill*         0x0081b72a        0x2 00
 .rodata.str1.4
                0x0081b72c       0x5e /OPT/altera/12.1/nios2eds/bin/gnu/H-i686-pc-linux-gnu/bin/../lib/gcc/nios2-elf/4.1.2/../../../../nios2-elf/lib/libc.a(lib_a-vfprintf.o)
                                 0x60 (size before relaxing)
 .rodata        0x0081b78a       0x20 /OPT/altera/12.1/nios2eds/bin/gnu/H-i686-pc-linux-gnu/bin/../lib/gcc/nios2-elf/4.1.2/../../../../nios2-elf/lib/libc.a(lib_a-vfprintf.o)
 *fill*         0x0081b7aa        0x2 00
 .rodata.str1.4
                0x0081b7ac       0x10 /OPT/altera/12.1/nios2eds/bin/gnu/H-i686-pc-linux-gnu/bin/../lib/gcc/nios2-elf/4.1.2/../../../../nios2-elf/lib/libc.a(lib_a-dtoa.o)
                                 0x14 (size before relaxing)
 .rodata.str1.4
                0x0081b7bc        0x2 /OPT/altera/12.1/nios2eds/bin/gnu/H-i686-pc-linux-gnu/bin/../lib/gcc/nios2-elf/4.1.2/../../../../nios2-elf/lib/libc.a(lib_a-impure.o)
                                  0x4 (size before relaxing)
 *fill*         0x0081b7be        0x2 00
 .rodata.str1.4
                0x0081b7c0       0x10 /OPT/altera/12.1/nios2eds/bin/gnu/H-i686-pc-linux-gnu/bin/../lib/gcc/nios2-elf/4.1.2/../../../../nios2-elf/lib/libc.a(lib_a-locale.o)
                                 0x18 (size before relaxing)
 .rodata        0x0081b7d0       0x30 /OPT/altera/12.1/nios2eds/bin/gnu/H-i686-pc-linux-gnu/bin/../lib/gcc/nios2-elf/4.1.2/../../../../nios2-elf/lib/libc.a(lib_a-locale.o)
 .rodata        0x0081b800      0x124 /OPT/altera/12.1/nios2eds/bin/gnu/H-i686-pc-linux-gnu/bin/../lib/gcc/nios2-elf/4.1.2/../../../../nios2-elf/lib/libc.a(lib_a-mprec.o)
                0x0081b800                __mprec_tens
                0x0081b8c8                __mprec_bigtens
                0x0081b8f0                __mprec_tinytens
 .rodata        0x0081b924       0x14 /OPT/altera/12.1/nios2eds/bin/gnu/H-i686-pc-linux-gnu/bin/../lib/gcc/nios2-elf/4.1.2/libgcc.a(_thenan_df.o)
                0x0081b924                __thenan_df
 .rodata        0x0081b938      0x100 /OPT/altera/12.1/nios2eds/bin/gnu/H-i686-pc-linux-gnu/bin/../lib/gcc/nios2-elf/4.1.2/libgcc.a(_clz.o)
                0x0081b938                __clz_tab
 .rodata        0x0081ba38        0xc ../vga_bsp//libucosii_bsp.a(alt_dev.o)
 .rodata        0x0081ba44       0x14 ../vga_bsp//libucosii_bsp.a(alt_main.o)
 .rodata        0x0081ba58      0x120 ../vga_bsp//libucosii_bsp.a(os_core.o)
                0x0081ba58                OSUnMapTbl
 .rodata        0x0081bb78       0x78 ../vga_bsp//libucosii_bsp.a(alt_sys_init.o)
 .rodata        0x0081bbf0        0x4 ../vga_bsp//libucosii_bsp.a(os_cpu_c.o)
 *(.rodata1)
                0x0081bbf4                . = ALIGN (0x4)
                0x0081bbf4                PROVIDE (__ram_rodata_end, ABSOLUTE (.))
                0x0081b610                PROVIDE (__flash_rodata_start, LOADADDR (.rodata))

.rwdata         0x0081bbf4     0x1b90 load address 0x0081d784
                0x0081bbf4                PROVIDE (__ram_rwdata_start, ABSOLUTE (.))
                0x0081bbf4                . = ALIGN (0x4)
 *(.got.plt)
 *(.got)
 *(.data1)
 *(.data .data.* .gnu.linkonce.d.*)
 .data          0x0081bbf4        0x0 ../vga_bsp//obj/HAL/src/crt0.o
 .data          0x0081bbf4        0x0 obj/default/hello_ucosii.o
 .data          0x0081bbf4        0x0 /OPT/altera/12.1/nios2eds/bin/gnu/H-i686-pc-linux-gnu/bin/../lib/gcc/nios2-elf/4.1.2/../../../../nios2-elf/lib/libc.a(lib_a-malloc.o)
 .data          0x0081bbf4      0x408 /OPT/altera/12.1/nios2eds/bin/gnu/H-i686-pc-linux-gnu/bin/../lib/gcc/nios2-elf/4.1.2/../../../../nios2-elf/lib/libc.a(lib_a-mallocr.o)
                0x0081bbf4                __malloc_av_
 .data          0x0081bffc        0x0 /OPT/altera/12.1/nios2eds/bin/gnu/H-i686-pc-linux-gnu/bin/../lib/gcc/nios2-elf/4.1.2/../../../../nios2-elf/lib/libc.a(lib_a-printf.o)
 .data          0x0081bffc        0x0 /OPT/altera/12.1/nios2eds/bin/gnu/H-i686-pc-linux-gnu/bin/../lib/gcc/nios2-elf/4.1.2/../../../../nios2-elf/lib/libc.a(lib_a-puts.o)
 .data          0x0081bffc        0x0 /OPT/altera/12.1/nios2eds/bin/gnu/H-i686-pc-linux-gnu/bin/../lib/gcc/nios2-elf/4.1.2/../../../../nios2-elf/lib/libc.a(lib_a-sbrkr.o)
 .data          0x0081bffc        0x0 /OPT/altera/12.1/nios2eds/bin/gnu/H-i686-pc-linux-gnu/bin/../lib/gcc/nios2-elf/4.1.2/../../../../nios2-elf/lib/libc.a(lib_a-strlen.o)
 .data          0x0081bffc        0x0 /OPT/altera/12.1/nios2eds/bin/gnu/H-i686-pc-linux-gnu/bin/../lib/gcc/nios2-elf/4.1.2/../../../../nios2-elf/lib/libc.a(lib_a-vfprintf.o)
 .data          0x0081bffc        0x0 /OPT/altera/12.1/nios2eds/bin/gnu/H-i686-pc-linux-gnu/bin/../lib/gcc/nios2-elf/4.1.2/../../../../nios2-elf/lib/libc.a(lib_a-wsetup.o)
 .data          0x0081bffc        0x0 /OPT/altera/12.1/nios2eds/bin/gnu/H-i686-pc-linux-gnu/bin/../lib/gcc/nios2-elf/4.1.2/../../../../nios2-elf/lib/libc.a(lib_a-dtoa.o)
 .data          0x0081bffc        0x0 /OPT/altera/12.1/nios2eds/bin/gnu/H-i686-pc-linux-gnu/bin/../lib/gcc/nios2-elf/4.1.2/../../../../nios2-elf/lib/libc.a(lib_a-fflush.o)
 .data          0x0081bffc        0x0 /OPT/altera/12.1/nios2eds/bin/gnu/H-i686-pc-linux-gnu/bin/../lib/gcc/nios2-elf/4.1.2/../../../../nios2-elf/lib/libc.a(lib_a-findfp.o)
 .data          0x0081bffc        0x0 /OPT/altera/12.1/nios2eds/bin/gnu/H-i686-pc-linux-gnu/bin/../lib/gcc/nios2-elf/4.1.2/../../../../nios2-elf/lib/libc.a(lib_a-freer.o)
 .data          0x0081bffc        0x0 /OPT/altera/12.1/nios2eds/bin/gnu/H-i686-pc-linux-gnu/bin/../lib/gcc/nios2-elf/4.1.2/../../../../nios2-elf/lib/libc.a(lib_a-fvwrite.o)
 .data          0x0081bffc        0x0 /OPT/altera/12.1/nios2eds/bin/gnu/H-i686-pc-linux-gnu/bin/../lib/gcc/nios2-elf/4.1.2/../../../../nios2-elf/lib/libc.a(lib_a-fwalk.o)
 .data          0x0081bffc      0x400 /OPT/altera/12.1/nios2eds/bin/gnu/H-i686-pc-linux-gnu/bin/../lib/gcc/nios2-elf/4.1.2/../../../../nios2-elf/lib/libc.a(lib_a-impure.o)
 .data          0x0081c3fc        0x0 /OPT/altera/12.1/nios2eds/bin/gnu/H-i686-pc-linux-gnu/bin/../lib/gcc/nios2-elf/4.1.2/../../../../nios2-elf/lib/libc.a(lib_a-int_errno.o)
 .data          0x0081c3fc        0xc /OPT/altera/12.1/nios2eds/bin/gnu/H-i686-pc-linux-gnu/bin/../lib/gcc/nios2-elf/4.1.2/../../../../nios2-elf/lib/libc.a(lib_a-locale.o)
                0x0081c3fc                __lc_ctype
 .data          0x0081c408        0x0 /OPT/altera/12.1/nios2eds/bin/gnu/H-i686-pc-linux-gnu/bin/../lib/gcc/nios2-elf/4.1.2/../../../../nios2-elf/lib/libc.a(lib_a-makebuf.o)
 .data          0x0081c408        0x0 /OPT/altera/12.1/nios2eds/bin/gnu/H-i686-pc-linux-gnu/bin/../lib/gcc/nios2-elf/4.1.2/../../../../nios2-elf/lib/libc.a(lib_a-memchr.o)
 .data          0x0081c408        0x0 /OPT/altera/12.1/nios2eds/bin/gnu/H-i686-pc-linux-gnu/bin/../lib/gcc/nios2-elf/4.1.2/../../../../nios2-elf/lib/libc.a(lib_a-memcpy.o)
 .data          0x0081c408        0x0 /OPT/altera/12.1/nios2eds/bin/gnu/H-i686-pc-linux-gnu/bin/../lib/gcc/nios2-elf/4.1.2/../../../../nios2-elf/lib/libc.a(lib_a-memmove.o)
 .data          0x0081c408        0x0 /OPT/altera/12.1/nios2eds/bin/gnu/H-i686-pc-linux-gnu/bin/../lib/gcc/nios2-elf/4.1.2/../../../../nios2-elf/lib/libc.a(lib_a-memset.o)
 .data          0x0081c408        0x0 /OPT/altera/12.1/nios2eds/bin/gnu/H-i686-pc-linux-gnu/bin/../lib/gcc/nios2-elf/4.1.2/../../../../nios2-elf/lib/libc.a(lib_a-mprec.o)
 .data          0x0081c408        0x0 /OPT/altera/12.1/nios2eds/bin/gnu/H-i686-pc-linux-gnu/bin/../lib/gcc/nios2-elf/4.1.2/../../../../nios2-elf/lib/libc.a(lib_a-reallocr.o)
 .data          0x0081c408        0x0 /OPT/altera/12.1/nios2eds/bin/gnu/H-i686-pc-linux-gnu/bin/../lib/gcc/nios2-elf/4.1.2/../../../../nios2-elf/lib/libc.a(lib_a-s_isinfd.o)
 .data          0x0081c408        0x0 /OPT/altera/12.1/nios2eds/bin/gnu/H-i686-pc-linux-gnu/bin/../lib/gcc/nios2-elf/4.1.2/../../../../nios2-elf/lib/libc.a(lib_a-s_isnand.o)
 .data          0x0081c408        0x0 /OPT/altera/12.1/nios2eds/bin/gnu/H-i686-pc-linux-gnu/bin/../lib/gcc/nios2-elf/4.1.2/../../../../nios2-elf/lib/libc.a(lib_a-stdio.o)
 .data          0x0081c408        0x0 /OPT/altera/12.1/nios2eds/bin/gnu/H-i686-pc-linux-gnu/bin/../lib/gcc/nios2-elf/4.1.2/../../../../nios2-elf/lib/libc.a(lib_a-strcmp.o)
 .data          0x0081c408        0x0 /OPT/altera/12.1/nios2eds/bin/gnu/H-i686-pc-linux-gnu/bin/../lib/gcc/nios2-elf/4.1.2/../../../../nios2-elf/lib/libc.a(lib_a-writer.o)
 .data          0x0081c408        0x0 /OPT/altera/12.1/nios2eds/bin/gnu/H-i686-pc-linux-gnu/bin/../lib/gcc/nios2-elf/4.1.2/../../../../nios2-elf/lib/libc.a(lib_a-callocr.o)
 .data          0x0081c408        0x0 /OPT/altera/12.1/nios2eds/bin/gnu/H-i686-pc-linux-gnu/bin/../lib/gcc/nios2-elf/4.1.2/../../../../nios2-elf/lib/libc.a(lib_a-closer.o)
 .data          0x0081c408        0x0 /OPT/altera/12.1/nios2eds/bin/gnu/H-i686-pc-linux-gnu/bin/../lib/gcc/nios2-elf/4.1.2/../../../../nios2-elf/lib/libc.a(lib_a-fclose.o)
 .data          0x0081c408        0x0 /OPT/altera/12.1/nios2eds/bin/gnu/H-i686-pc-linux-gnu/bin/../lib/gcc/nios2-elf/4.1.2/../../../../nios2-elf/lib/libc.a(lib_a-fstatr.o)
 .data          0x0081c408        0x0 /OPT/altera/12.1/nios2eds/bin/gnu/H-i686-pc-linux-gnu/bin/../lib/gcc/nios2-elf/4.1.2/../../../../nios2-elf/lib/libc.a(lib_a-isattyr.o)
 .data          0x0081c408        0x0 /OPT/altera/12.1/nios2eds/bin/gnu/H-i686-pc-linux-gnu/bin/../lib/gcc/nios2-elf/4.1.2/../../../../nios2-elf/lib/libc.a(lib_a-lseekr.o)
 .data          0x0081c408        0x0 /OPT/altera/12.1/nios2eds/bin/gnu/H-i686-pc-linux-gnu/bin/../lib/gcc/nios2-elf/4.1.2/../../../../nios2-elf/lib/libc.a(lib_a-readr.o)
 .data          0x0081c408        0x0 /OPT/altera/12.1/nios2eds/bin/gnu/H-i686-pc-linux-gnu/bin/../lib/gcc/nios2-elf/4.1.2/libgcc.a(_udivdi3.o)
 .data          0x0081c408        0x0 /OPT/altera/12.1/nios2eds/bin/gnu/H-i686-pc-linux-gnu/bin/../lib/gcc/nios2-elf/4.1.2/libgcc.a(_umoddi3.o)
 .data          0x0081c408        0x0 /OPT/altera/12.1/nios2eds/bin/gnu/H-i686-pc-linux-gnu/bin/../lib/gcc/nios2-elf/4.1.2/libgcc.a(_addsub_df.o)
 .data          0x0081c408        0x0 /OPT/altera/12.1/nios2eds/bin/gnu/H-i686-pc-linux-gnu/bin/../lib/gcc/nios2-elf/4.1.2/libgcc.a(_mul_df.o)
 .data          0x0081c408        0x0 /OPT/altera/12.1/nios2eds/bin/gnu/H-i686-pc-linux-gnu/bin/../lib/gcc/nios2-elf/4.1.2/libgcc.a(_div_df.o)
 .data          0x0081c408        0x0 /OPT/altera/12.1/nios2eds/bin/gnu/H-i686-pc-linux-gnu/bin/../lib/gcc/nios2-elf/4.1.2/libgcc.a(_eq_df.o)
 .data          0x0081c408        0x0 /OPT/altera/12.1/nios2eds/bin/gnu/H-i686-pc-linux-gnu/bin/../lib/gcc/nios2-elf/4.1.2/libgcc.a(_ne_df.o)
 .data          0x0081c408        0x0 /OPT/altera/12.1/nios2eds/bin/gnu/H-i686-pc-linux-gnu/bin/../lib/gcc/nios2-elf/4.1.2/libgcc.a(_gt_df.o)
 .data          0x0081c408        0x0 /OPT/altera/12.1/nios2eds/bin/gnu/H-i686-pc-linux-gnu/bin/../lib/gcc/nios2-elf/4.1.2/libgcc.a(_ge_df.o)
 .data          0x0081c408        0x0 /OPT/altera/12.1/nios2eds/bin/gnu/H-i686-pc-linux-gnu/bin/../lib/gcc/nios2-elf/4.1.2/libgcc.a(_lt_df.o)
 .data          0x0081c408        0x0 /OPT/altera/12.1/nios2eds/bin/gnu/H-i686-pc-linux-gnu/bin/../lib/gcc/nios2-elf/4.1.2/libgcc.a(_si_to_df.o)
 .data          0x0081c408        0x0 /OPT/altera/12.1/nios2eds/bin/gnu/H-i686-pc-linux-gnu/bin/../lib/gcc/nios2-elf/4.1.2/libgcc.a(_df_to_si.o)
 .data          0x0081c408        0x0 /OPT/altera/12.1/nios2eds/bin/gnu/H-i686-pc-linux-gnu/bin/../lib/gcc/nios2-elf/4.1.2/libgcc.a(_thenan_df.o)
 .data          0x0081c408        0x0 /OPT/altera/12.1/nios2eds/bin/gnu/H-i686-pc-linux-gnu/bin/../lib/gcc/nios2-elf/4.1.2/libgcc.a(_usi_to_df.o)
 .data          0x0081c408        0x0 /OPT/altera/12.1/nios2eds/bin/gnu/H-i686-pc-linux-gnu/bin/../lib/gcc/nios2-elf/4.1.2/libgcc.a(lib2-divmod.o)
 .data          0x0081c408        0x0 /OPT/altera/12.1/nios2eds/bin/gnu/H-i686-pc-linux-gnu/bin/../lib/gcc/nios2-elf/4.1.2/libgcc.a(_muldi3.o)
 .data          0x0081c408        0x0 /OPT/altera/12.1/nios2eds/bin/gnu/H-i686-pc-linux-gnu/bin/../lib/gcc/nios2-elf/4.1.2/libgcc.a(_clz.o)
 .data          0x0081c408        0x0 /OPT/altera/12.1/nios2eds/bin/gnu/H-i686-pc-linux-gnu/bin/../lib/gcc/nios2-elf/4.1.2/libgcc.a(_clzsi2.o)
 .data          0x0081c408        0x0 /OPT/altera/12.1/nios2eds/bin/gnu/H-i686-pc-linux-gnu/bin/../lib/gcc/nios2-elf/4.1.2/libgcc.a(_pack_df.o)
 .data          0x0081c408        0x0 /OPT/altera/12.1/nios2eds/bin/gnu/H-i686-pc-linux-gnu/bin/../lib/gcc/nios2-elf/4.1.2/libgcc.a(_unpack_df.o)
 .data          0x0081c408        0x0 /OPT/altera/12.1/nios2eds/bin/gnu/H-i686-pc-linux-gnu/bin/../lib/gcc/nios2-elf/4.1.2/libgcc.a(_fpcmp_parts_df.o)
 .data          0x0081c408        0x0 ../vga_bsp//libucosii_bsp.a(alt_close.o)
 .data          0x0081c408      0x1a8 ../vga_bsp//libucosii_bsp.a(alt_dev.o)
                0x0081c408                alt_dev_null
                0x0081c430                alt_fd_list
 .data          0x0081c5b0        0x0 ../vga_bsp//libucosii_bsp.a(alt_errno.o)
 .data          0x0081c5b0        0x0 ../vga_bsp//libucosii_bsp.a(alt_fstat.o)
 .data          0x0081c5b0        0x0 ../vga_bsp//libucosii_bsp.a(alt_isatty.o)
 .data          0x0081c5b0        0x0 ../vga_bsp//libucosii_bsp.a(alt_load.o)
 .data          0x0081c5b0        0x0 ../vga_bsp//libucosii_bsp.a(alt_lseek.o)
 .data          0x0081c5b0        0x0 ../vga_bsp//libucosii_bsp.a(alt_main.o)
 .data          0x0081c5b0        0x0 ../vga_bsp//libucosii_bsp.a(alt_read.o)
 .data          0x0081c5b0        0x0 ../vga_bsp//libucosii_bsp.a(alt_release_fd.o)
 .data          0x0081c5b0        0x0 ../vga_bsp//libucosii_bsp.a(alt_sbrk.o)
 .data          0x0081c5b0        0x0 ../vga_bsp//libucosii_bsp.a(alt_write.o)
 .data          0x0081c5b0        0x0 ../vga_bsp//libucosii_bsp.a(alt_env_lock.o)
 .data          0x0081c5b0        0x0 ../vga_bsp//libucosii_bsp.a(alt_malloc_lock.o)
 .data          0x0081c5b0        0x0 ../vga_bsp//libucosii_bsp.a(os_core.o)
 .data          0x0081c5b0        0x0 ../vga_bsp//libucosii_bsp.a(os_dbg.o)
 .data          0x0081c5b0        0x0 ../vga_bsp//libucosii_bsp.a(os_flag.o)
 .data          0x0081c5b0        0x0 ../vga_bsp//libucosii_bsp.a(os_mem.o)
 .data          0x0081c5b0        0x0 ../vga_bsp//libucosii_bsp.a(os_q.o)
 .data          0x0081c5b0        0x0 ../vga_bsp//libucosii_bsp.a(os_sem.o)
 .data          0x0081c5b0        0x0 ../vga_bsp//libucosii_bsp.a(os_task.o)
 .data          0x0081c5b0        0x0 ../vga_bsp//libucosii_bsp.a(os_time.o)
 .data          0x0081c5b0     0x1118 ../vga_bsp//libucosii_bsp.a(alt_sys_init.o)
 .data          0x0081d6c8        0x0 ../vga_bsp//libucosii_bsp.a(altera_avalon_jtag_uart_fd.o)
 .data          0x0081d6c8        0x0 ../vga_bsp//libucosii_bsp.a(altera_avalon_jtag_uart_init.o)
 .data          0x0081d6c8        0x0 ../vga_bsp//libucosii_bsp.a(altera_avalon_jtag_uart_ioctl.o)
 .data          0x0081d6c8        0x0 ../vga_bsp//libucosii_bsp.a(altera_avalon_jtag_uart_read.o)
 .data          0x0081d6c8        0x0 ../vga_bsp//libucosii_bsp.a(altera_avalon_jtag_uart_write.o)
 .data          0x0081d6c8        0x0 ../vga_bsp//libucosii_bsp.a(altera_avalon_timer_sc.o)
 .data          0x0081d6c8        0x0 ../vga_bsp//libucosii_bsp.a(altera_up_avalon_character_lcd.o)
 .data          0x0081d6c8        0x0 ../vga_bsp//libucosii_bsp.a(altera_up_avalon_video_pixel_buffer_dma.o)
 .data          0x0081d6c8        0x0 ../vga_bsp//libucosii_bsp.a(altera_up_sd_card_avalon_interface.o)
 .data          0x0081d6c8        0x0 ../vga_bsp//libucosii_bsp.a(alt_alarm_start.o)
 .data          0x0081d6c8        0x0 ../vga_bsp//libucosii_bsp.a(alt_dcache_flush_all.o)
 .data          0x0081d6c8        0x0 ../vga_bsp//libucosii_bsp.a(alt_dev_llist_insert.o)
 .data          0x0081d6c8        0x0 ../vga_bsp//libucosii_bsp.a(alt_do_ctors.o)
 .data          0x0081d6c8        0x0 ../vga_bsp//libucosii_bsp.a(alt_do_dtors.o)
 .data          0x0081d6c8        0x0 ../vga_bsp//libucosii_bsp.a(alt_find_dev.o)
 .data          0x0081d6c8        0x0 ../vga_bsp//libucosii_bsp.a(alt_icache_flush_all.o)
 .data          0x0081d6c8        0x0 ../vga_bsp//libucosii_bsp.a(alt_iic.o)
 .data          0x0081d6c8        0x0 ../vga_bsp//libucosii_bsp.a(alt_iic_isr_register.o)
 .data          0x0081d6c8        0x0 ../vga_bsp//libucosii_bsp.a(alt_io_redirect.o)
 .data          0x0081d6c8        0x0 ../vga_bsp//libucosii_bsp.a(alt_irq_entry.o)
 .data          0x0081d6c8        0x0 ../vga_bsp//libucosii_bsp.a(alt_irq_handler.o)
 .data          0x0081d6c8        0x0 ../vga_bsp//libucosii_bsp.a(alt_irq_vars.o)
 .data          0x0081d6c8        0x0 ../vga_bsp//libucosii_bsp.a(alt_open.o)
 .data          0x0081d6c8        0x0 ../vga_bsp//libucosii_bsp.a(alt_tick.o)
 .data          0x0081d6c8        0x0 ../vga_bsp//libucosii_bsp.a(altera_nios2_qsys_irq.o)
 .data          0x0081d6c8        0x0 ../vga_bsp//libucosii_bsp.a(os_cpu_a.o)
 .data          0x0081d6c8        0x0 ../vga_bsp//libucosii_bsp.a(os_cpu_c.o)
 .data          0x0081d6c8        0x0 ../vga_bsp//libucosii_bsp.a(alt_exception_entry.o)
 .data          0x0081d6c8        0x0 ../vga_bsp//libucosii_bsp.a(alt_find_file.o)
 .data          0x0081d6c8        0x0 ../vga_bsp//libucosii_bsp.a(alt_get_fd.o)
 .data          0x0081d6c8        0x0 ../vga_bsp//libucosii_bsp.a(alt_icache_flush.o)
 .data          0x0081d6c8        0x0 /OPT/altera/12.1/nios2eds/bin/gnu/H-i686-pc-linux-gnu/bin/../lib/gcc/nios2-elf/4.1.2/../../../../nios2-elf/lib/libc.a(lib_a-atexit.o)
 .data          0x0081d6c8        0x0 /OPT/altera/12.1/nios2eds/bin/gnu/H-i686-pc-linux-gnu/bin/../lib/gcc/nios2-elf/4.1.2/../../../../nios2-elf/lib/libc.a(lib_a-exit.o)
 .data          0x0081d6c8        0x0 /OPT/altera/12.1/nios2eds/bin/gnu/H-i686-pc-linux-gnu/bin/../lib/gcc/nios2-elf/4.1.2/../../../../nios2-elf/lib/libc.a(lib_a-memcmp.o)
 .data          0x0081d6c8        0x0 /OPT/altera/12.1/nios2eds/bin/gnu/H-i686-pc-linux-gnu/bin/../lib/gcc/nios2-elf/4.1.2/../../../../nios2-elf/lib/libc.a(lib_a-__atexit.o)
 .data          0x0081d6c8        0x0 /OPT/altera/12.1/nios2eds/bin/gnu/H-i686-pc-linux-gnu/bin/../lib/gcc/nios2-elf/4.1.2/../../../../nios2-elf/lib/libc.a(lib_a-__call_atexit.o)
 .data          0x0081d6c8        0x0 ../vga_bsp//libucosii_bsp.a(alt_exit.o)
                0x008256c8                _gp = ABSOLUTE ((. + 0x8000))
                0x008256c8                PROVIDE (gp, _gp)
 *(.rwdata .rwdata.*)
 *(.sdata .sdata.* .gnu.linkonce.s.*)
 .sdata         0x0081d6c8        0x8 /OPT/altera/12.1/nios2eds/bin/gnu/H-i686-pc-linux-gnu/bin/../lib/gcc/nios2-elf/4.1.2/../../../../nios2-elf/lib/libc.a(lib_a-mallocr.o)
                0x0081d6c8                __malloc_trim_threshold
                0x0081d6cc                __malloc_sbrk_base
 .sdata         0x0081d6d0        0x8 /OPT/altera/12.1/nios2eds/bin/gnu/H-i686-pc-linux-gnu/bin/../lib/gcc/nios2-elf/4.1.2/../../../../nios2-elf/lib/libc.a(lib_a-impure.o)
                0x0081d6d0                _impure_ptr
                0x0081d6d4                _global_impure_ptr
 .sdata         0x0081d6d8        0x8 /OPT/altera/12.1/nios2eds/bin/gnu/H-i686-pc-linux-gnu/bin/../lib/gcc/nios2-elf/4.1.2/../../../../nios2-elf/lib/libc.a(lib_a-locale.o)
                0x0081d6d8                __mb_cur_max
 .sdata         0x0081d6e0       0x14 ../vga_bsp//libucosii_bsp.a(alt_dev.o)
                0x0081d6e0                alt_fs_list
                0x0081d6e8                alt_dev_list
                0x0081d6f0                alt_max_fd
 .sdata         0x0081d6f4        0x4 ../vga_bsp//libucosii_bsp.a(alt_errno.o)
                0x0081d6f4                alt_errno
 .sdata         0x0081d6f8        0x4 ../vga_bsp//libucosii_bsp.a(alt_sbrk.o)
 .sdata         0x0081d6fc        0x4 ../vga_bsp//libucosii_bsp.a(alt_env_lock.o)
 .sdata         0x0081d700        0x4 ../vga_bsp//libucosii_bsp.a(alt_malloc_lock.o)
 .sdata         0x0081d704       0x74 ../vga_bsp//libucosii_bsp.a(os_dbg.o)
                0x0081d704                OSDebugEn
                0x0081d708                OSEndiannessTest
                0x0081d70c                OSEventEn
                0x0081d70e                OSEventMax
                0x0081d710                OSEventNameSize
                0x0081d712                OSEventSize
                0x0081d714                OSEventTblSize
                0x0081d716                OSEventMultiEn
                0x0081d718                OSFlagEn
                0x0081d71a                OSFlagGrpSize
                0x0081d71c                OSFlagNodeSize
                0x0081d71e                OSFlagWidth
                0x0081d720                OSFlagMax
                0x0081d722                OSFlagNameSize
                0x0081d724                OSLowestPrio
                0x0081d726                OSMboxEn
                0x0081d728                OSMemEn
                0x0081d72a                OSMemMax
                0x0081d72c                OSMemNameSize
                0x0081d72e                OSMemSize
                0x0081d730                OSMemTblSize
                0x0081d732                OSMutexEn
                0x0081d734                OSPtrSize
                0x0081d736                OSQEn
                0x0081d738                OSQMax
                0x0081d73a                OSQSize
                0x0081d73c                OSRdyTblSize
                0x0081d73e                OSSemEn
                0x0081d740                OSStkWidth
                0x0081d742                OSTaskCreateEn
                0x0081d744                OSTaskCreateExtEn
                0x0081d746                OSTaskDelEn
                0x0081d748                OSTaskIdleStkSize
                0x0081d74a                OSTaskProfileEn
                0x0081d74c                OSTaskMax
                0x0081d74e                OSTaskNameSize
                0x0081d750                OSTaskStatEn
                0x0081d752                OSTaskStatStkSize
                0x0081d754                OSTaskStatStkChkEn
                0x0081d756                OSTaskSwHookEn
                0x0081d758                OSTCBPrioTblMax
                0x0081d75a                OSTCBSize
                0x0081d75c                OSTicksPerSec
                0x0081d75e                OSTimeTickHookEn
                0x0081d760                OSVersionNbr
                0x0081d762                OSTmrEn
                0x0081d764                OSTmrCfgMax
                0x0081d766                OSTmrCfgNameSize
                0x0081d768                OSTmrCfgWheelSize
                0x0081d76a                OSTmrCfgTicksPerSec
                0x0081d76c                OSTmrSize
                0x0081d76e                OSTmrTblSize
                0x0081d770                OSTmrWheelSize
                0x0081d772                OSTmrWheelTblSize
                0x0081d774                OSDataSize
 .sdata         0x0081d778        0x4 ../vga_bsp//libucosii_bsp.a(alt_irq_vars.o)
                0x0081d778                alt_priority_mask
 .sdata         0x0081d77c        0x8 ../vga_bsp//libucosii_bsp.a(alt_tick.o)
                0x0081d77c                alt_alarm_list
 *(.sdata2 .sdata2.* .gnu.linkonce.s2.*)
                0x0081d784                . = ALIGN (0x4)
                0x0081d784                _edata = ABSOLUTE (.)
                0x0081d784                PROVIDE (edata, ABSOLUTE (.))
                0x0081d784                PROVIDE (__ram_rwdata_end, ABSOLUTE (.))
                0x0081d784                PROVIDE (__flash_rwdata_start, LOADADDR (.rwdata))

.bss            0x0081f314     0x7b10
                0x0081f314                __bss_start = ABSOLUTE (.)
                0x0081f314                PROVIDE (__sbss_start, ABSOLUTE (.))
                0x0081f314                PROVIDE (___sbss_start, ABSOLUTE (.))
 *(.dynsbss)
 *(.sbss .sbss.* .gnu.linkonce.sb.*)
 .sbss          0x0081f314        0xc /OPT/altera/12.1/nios2eds/bin/gnu/H-i686-pc-linux-gnu/bin/../lib/gcc/nios2-elf/4.1.2/../../../../nios2-elf/lib/libc.a(lib_a-mallocr.o)
                0x0081f314                __malloc_top_pad
                0x0081f318                __malloc_max_sbrked_mem
                0x0081f31c                __malloc_max_total_mem
 .sbss          0x0081f320        0x4 /OPT/altera/12.1/nios2eds/bin/gnu/H-i686-pc-linux-gnu/bin/../lib/gcc/nios2-elf/4.1.2/../../../../nios2-elf/lib/libc.a(lib_a-int_errno.o)
                0x0081f320                errno
 .sbss          0x0081f324        0xc /OPT/altera/12.1/nios2eds/bin/gnu/H-i686-pc-linux-gnu/bin/../lib/gcc/nios2-elf/4.1.2/../../../../nios2-elf/lib/libc.a(lib_a-locale.o)
                0x0081f324                __nlocale_changed
                0x0081f328                __mlocale_changed
                0x0081f32c                _PathLocale
 .sbss          0x0081f330        0x4 ../vga_bsp//libucosii_bsp.a(alt_dev.o)
                0x0081f330                alt_fd_list_lock
 .sbss          0x0081f334        0xc ../vga_bsp//libucosii_bsp.a(alt_main.o)
                0x0081f334                alt_argc
                0x0081f338                alt_argv
                0x0081f33c                alt_envp
 .sbss          0x0081f340        0x8 ../vga_bsp//libucosii_bsp.a(alt_env_lock.o)
                0x0081f344                alt_envsem
 .sbss          0x0081f348        0x8 ../vga_bsp//libucosii_bsp.a(alt_malloc_lock.o)
                0x0081f34c                alt_heapsem
 .sbss          0x0081f350       0x50 ../vga_bsp//libucosii_bsp.a(os_core.o)
                0x0081f350                OSLockNesting
                0x0081f351                OSRunning
                0x0081f354                OSIdleCtr
                0x0081f358                OSPrioHighRdy
                0x0081f359                OSPrioCur
                0x0081f35c                OSTCBList
                0x0081f360                OSTickStepState
                0x0081f364                OSCtxSwCtr
                0x0081f368                OSIdleCtrMax
                0x0081f36c                OSTCBFreeList
                0x0081f370                OSCPUUsage
                0x0081f371                OSTaskCtr
                0x0081f374                OSMemFreeList
                0x0081f378                OSTCBHighRdy
                0x0081f37c                OSQFreeList
                0x0081f380                OSRdyGrp
                0x0081f381                OSRdyTbl
                0x0081f384                OSEventFreeList
                0x0081f388                OSIntNesting
                0x0081f38c                OSTCBCur
                0x0081f390                OSTime
                0x0081f394                OSFlagFreeList
                0x0081f398                OSStatRdy
                0x0081f39c                OSIdleCtrRun
 .sbss          0x0081f3a0       0x34 ../vga_bsp//libucosii_bsp.a(altera_up_sd_card_avalon_interface.o)
                0x0081f3a0                initialized
                0x0081f3a4                is_sd_card_formated_as_FAT16
                0x0081f3a8                aux_status_register
                0x0081f3ac                status_register
                0x0081f3b0                CSD_register_w0
                0x0081f3b4                command_register
                0x0081f3b8                command_argument_register
                0x0081f3bc                buffer_memory
                0x0081f3c0                fat_partition_offset_in_512_byte_sectors
                0x0081f3c4                fat_partition_size_in_512_byte_sectors
                0x0081f3c8                device_pointer
                0x0081f3cc                current_sector_modified
                0x0081f3d0                current_sector_index
 .sbss          0x0081f3d4        0x4 ../vga_bsp//libucosii_bsp.a(alt_irq_vars.o)
                0x0081f3d4                alt_irq_active
 .sbss          0x0081f3d8        0x8 ../vga_bsp//libucosii_bsp.a(alt_tick.o)
                0x0081f3d8                _alt_tick_rate
                0x0081f3dc                _alt_nticks
 *(.sbss2 .sbss2.* .gnu.linkonce.sb2.*)
 *(.scommon)
                0x0081f3e0                PROVIDE (__sbss_end, ABSOLUTE (.))
                0x0081f3e0                PROVIDE (___sbss_end, ABSOLUTE (.))
 *(.dynbss)
 *(.bss .bss.* .gnu.linkonce.b.*)
 .bss           0x0081f3e0        0x0 ../vga_bsp//obj/HAL/src/crt0.o
 .bss           0x0081f3e0        0x0 obj/default/hello_ucosii.o
 .bss           0x0081f3e0        0x0 /OPT/altera/12.1/nios2eds/bin/gnu/H-i686-pc-linux-gnu/bin/../lib/gcc/nios2-elf/4.1.2/../../../../nios2-elf/lib/libc.a(lib_a-malloc.o)
 .bss           0x0081f3e0       0x28 /OPT/altera/12.1/nios2eds/bin/gnu/H-i686-pc-linux-gnu/bin/../lib/gcc/nios2-elf/4.1.2/../../../../nios2-elf/lib/libc.a(lib_a-mallocr.o)
                0x0081f3e0                __malloc_current_mallinfo
 .bss           0x0081f408        0x0 /OPT/altera/12.1/nios2eds/bin/gnu/H-i686-pc-linux-gnu/bin/../lib/gcc/nios2-elf/4.1.2/../../../../nios2-elf/lib/libc.a(lib_a-printf.o)
 .bss           0x0081f408        0x0 /OPT/altera/12.1/nios2eds/bin/gnu/H-i686-pc-linux-gnu/bin/../lib/gcc/nios2-elf/4.1.2/../../../../nios2-elf/lib/libc.a(lib_a-puts.o)
 .bss           0x0081f408        0x0 /OPT/altera/12.1/nios2eds/bin/gnu/H-i686-pc-linux-gnu/bin/../lib/gcc/nios2-elf/4.1.2/../../../../nios2-elf/lib/libc.a(lib_a-sbrkr.o)
 .bss           0x0081f408        0x0 /OPT/altera/12.1/nios2eds/bin/gnu/H-i686-pc-linux-gnu/bin/../lib/gcc/nios2-elf/4.1.2/../../../../nios2-elf/lib/libc.a(lib_a-strlen.o)
 .bss           0x0081f408        0x0 /OPT/altera/12.1/nios2eds/bin/gnu/H-i686-pc-linux-gnu/bin/../lib/gcc/nios2-elf/4.1.2/../../../../nios2-elf/lib/libc.a(lib_a-vfprintf.o)
 .bss           0x0081f408        0x0 /OPT/altera/12.1/nios2eds/bin/gnu/H-i686-pc-linux-gnu/bin/../lib/gcc/nios2-elf/4.1.2/../../../../nios2-elf/lib/libc.a(lib_a-wsetup.o)
 .bss           0x0081f408        0x0 /OPT/altera/12.1/nios2eds/bin/gnu/H-i686-pc-linux-gnu/bin/../lib/gcc/nios2-elf/4.1.2/../../../../nios2-elf/lib/libc.a(lib_a-dtoa.o)
 .bss           0x0081f408        0x0 /OPT/altera/12.1/nios2eds/bin/gnu/H-i686-pc-linux-gnu/bin/../lib/gcc/nios2-elf/4.1.2/../../../../nios2-elf/lib/libc.a(lib_a-fflush.o)
 .bss           0x0081f408        0x0 /OPT/altera/12.1/nios2eds/bin/gnu/H-i686-pc-linux-gnu/bin/../lib/gcc/nios2-elf/4.1.2/../../../../nios2-elf/lib/libc.a(lib_a-findfp.o)
 .bss           0x0081f408        0x0 /OPT/altera/12.1/nios2eds/bin/gnu/H-i686-pc-linux-gnu/bin/../lib/gcc/nios2-elf/4.1.2/../../../../nios2-elf/lib/libc.a(lib_a-freer.o)
 .bss           0x0081f408        0x0 /OPT/altera/12.1/nios2eds/bin/gnu/H-i686-pc-linux-gnu/bin/../lib/gcc/nios2-elf/4.1.2/../../../../nios2-elf/lib/libc.a(lib_a-fvwrite.o)
 .bss           0x0081f408        0x0 /OPT/altera/12.1/nios2eds/bin/gnu/H-i686-pc-linux-gnu/bin/../lib/gcc/nios2-elf/4.1.2/../../../../nios2-elf/lib/libc.a(lib_a-fwalk.o)
 .bss           0x0081f408        0x0 /OPT/altera/12.1/nios2eds/bin/gnu/H-i686-pc-linux-gnu/bin/../lib/gcc/nios2-elf/4.1.2/../../../../nios2-elf/lib/libc.a(lib_a-impure.o)
 .bss           0x0081f408        0x0 /OPT/altera/12.1/nios2eds/bin/gnu/H-i686-pc-linux-gnu/bin/../lib/gcc/nios2-elf/4.1.2/../../../../nios2-elf/lib/libc.a(lib_a-int_errno.o)
 .bss           0x0081f408        0x0 /OPT/altera/12.1/nios2eds/bin/gnu/H-i686-pc-linux-gnu/bin/../lib/gcc/nios2-elf/4.1.2/../../../../nios2-elf/lib/libc.a(lib_a-locale.o)
 .bss           0x0081f408        0x0 /OPT/altera/12.1/nios2eds/bin/gnu/H-i686-pc-linux-gnu/bin/../lib/gcc/nios2-elf/4.1.2/../../../../nios2-elf/lib/libc.a(lib_a-makebuf.o)
 .bss           0x0081f408        0x0 /OPT/altera/12.1/nios2eds/bin/gnu/H-i686-pc-linux-gnu/bin/../lib/gcc/nios2-elf/4.1.2/../../../../nios2-elf/lib/libc.a(lib_a-memchr.o)
 .bss           0x0081f408        0x0 /OPT/altera/12.1/nios2eds/bin/gnu/H-i686-pc-linux-gnu/bin/../lib/gcc/nios2-elf/4.1.2/../../../../nios2-elf/lib/libc.a(lib_a-memcpy.o)
 .bss           0x0081f408        0x0 /OPT/altera/12.1/nios2eds/bin/gnu/H-i686-pc-linux-gnu/bin/../lib/gcc/nios2-elf/4.1.2/../../../../nios2-elf/lib/libc.a(lib_a-memmove.o)
 .bss           0x0081f408        0x0 /OPT/altera/12.1/nios2eds/bin/gnu/H-i686-pc-linux-gnu/bin/../lib/gcc/nios2-elf/4.1.2/../../../../nios2-elf/lib/libc.a(lib_a-memset.o)
 .bss           0x0081f408        0x0 /OPT/altera/12.1/nios2eds/bin/gnu/H-i686-pc-linux-gnu/bin/../lib/gcc/nios2-elf/4.1.2/../../../../nios2-elf/lib/libc.a(lib_a-mprec.o)
 .bss           0x0081f408        0x0 /OPT/altera/12.1/nios2eds/bin/gnu/H-i686-pc-linux-gnu/bin/../lib/gcc/nios2-elf/4.1.2/../../../../nios2-elf/lib/libc.a(lib_a-reallocr.o)
 .bss           0x0081f408        0x0 /OPT/altera/12.1/nios2eds/bin/gnu/H-i686-pc-linux-gnu/bin/../lib/gcc/nios2-elf/4.1.2/../../../../nios2-elf/lib/libc.a(lib_a-s_isinfd.o)
 .bss           0x0081f408        0x0 /OPT/altera/12.1/nios2eds/bin/gnu/H-i686-pc-linux-gnu/bin/../lib/gcc/nios2-elf/4.1.2/../../../../nios2-elf/lib/libc.a(lib_a-s_isnand.o)
 .bss           0x0081f408        0x0 /OPT/altera/12.1/nios2eds/bin/gnu/H-i686-pc-linux-gnu/bin/../lib/gcc/nios2-elf/4.1.2/../../../../nios2-elf/lib/libc.a(lib_a-stdio.o)
 .bss           0x0081f408        0x0 /OPT/altera/12.1/nios2eds/bin/gnu/H-i686-pc-linux-gnu/bin/../lib/gcc/nios2-elf/4.1.2/../../../../nios2-elf/lib/libc.a(lib_a-strcmp.o)
 .bss           0x0081f408        0x0 /OPT/altera/12.1/nios2eds/bin/gnu/H-i686-pc-linux-gnu/bin/../lib/gcc/nios2-elf/4.1.2/../../../../nios2-elf/lib/libc.a(lib_a-writer.o)
 .bss           0x0081f408        0x0 /OPT/altera/12.1/nios2eds/bin/gnu/H-i686-pc-linux-gnu/bin/../lib/gcc/nios2-elf/4.1.2/../../../../nios2-elf/lib/libc.a(lib_a-callocr.o)
 .bss           0x0081f408        0x0 /OPT/altera/12.1/nios2eds/bin/gnu/H-i686-pc-linux-gnu/bin/../lib/gcc/nios2-elf/4.1.2/../../../../nios2-elf/lib/libc.a(lib_a-closer.o)
 .bss           0x0081f408        0x0 /OPT/altera/12.1/nios2eds/bin/gnu/H-i686-pc-linux-gnu/bin/../lib/gcc/nios2-elf/4.1.2/../../../../nios2-elf/lib/libc.a(lib_a-fclose.o)
 .bss           0x0081f408        0x0 /OPT/altera/12.1/nios2eds/bin/gnu/H-i686-pc-linux-gnu/bin/../lib/gcc/nios2-elf/4.1.2/../../../../nios2-elf/lib/libc.a(lib_a-fstatr.o)
 .bss           0x0081f408        0x0 /OPT/altera/12.1/nios2eds/bin/gnu/H-i686-pc-linux-gnu/bin/../lib/gcc/nios2-elf/4.1.2/../../../../nios2-elf/lib/libc.a(lib_a-isattyr.o)
 .bss           0x0081f408        0x0 /OPT/altera/12.1/nios2eds/bin/gnu/H-i686-pc-linux-gnu/bin/../lib/gcc/nios2-elf/4.1.2/../../../../nios2-elf/lib/libc.a(lib_a-lseekr.o)
 .bss           0x0081f408        0x0 /OPT/altera/12.1/nios2eds/bin/gnu/H-i686-pc-linux-gnu/bin/../lib/gcc/nios2-elf/4.1.2/../../../../nios2-elf/lib/libc.a(lib_a-readr.o)
 .bss           0x0081f408        0x0 /OPT/altera/12.1/nios2eds/bin/gnu/H-i686-pc-linux-gnu/bin/../lib/gcc/nios2-elf/4.1.2/libgcc.a(_udivdi3.o)
 .bss           0x0081f408        0x0 /OPT/altera/12.1/nios2eds/bin/gnu/H-i686-pc-linux-gnu/bin/../lib/gcc/nios2-elf/4.1.2/libgcc.a(_umoddi3.o)
 .bss           0x0081f408        0x0 /OPT/altera/12.1/nios2eds/bin/gnu/H-i686-pc-linux-gnu/bin/../lib/gcc/nios2-elf/4.1.2/libgcc.a(_addsub_df.o)
 .bss           0x0081f408        0x0 /OPT/altera/12.1/nios2eds/bin/gnu/H-i686-pc-linux-gnu/bin/../lib/gcc/nios2-elf/4.1.2/libgcc.a(_mul_df.o)
 .bss           0x0081f408        0x0 /OPT/altera/12.1/nios2eds/bin/gnu/H-i686-pc-linux-gnu/bin/../lib/gcc/nios2-elf/4.1.2/libgcc.a(_div_df.o)
 .bss           0x0081f408        0x0 /OPT/altera/12.1/nios2eds/bin/gnu/H-i686-pc-linux-gnu/bin/../lib/gcc/nios2-elf/4.1.2/libgcc.a(_eq_df.o)
 .bss           0x0081f408        0x0 /OPT/altera/12.1/nios2eds/bin/gnu/H-i686-pc-linux-gnu/bin/../lib/gcc/nios2-elf/4.1.2/libgcc.a(_ne_df.o)
 .bss           0x0081f408        0x0 /OPT/altera/12.1/nios2eds/bin/gnu/H-i686-pc-linux-gnu/bin/../lib/gcc/nios2-elf/4.1.2/libgcc.a(_gt_df.o)
 .bss           0x0081f408        0x0 /OPT/altera/12.1/nios2eds/bin/gnu/H-i686-pc-linux-gnu/bin/../lib/gcc/nios2-elf/4.1.2/libgcc.a(_ge_df.o)
 .bss           0x0081f408        0x0 /OPT/altera/12.1/nios2eds/bin/gnu/H-i686-pc-linux-gnu/bin/../lib/gcc/nios2-elf/4.1.2/libgcc.a(_lt_df.o)
 .bss           0x0081f408        0x0 /OPT/altera/12.1/nios2eds/bin/gnu/H-i686-pc-linux-gnu/bin/../lib/gcc/nios2-elf/4.1.2/libgcc.a(_si_to_df.o)
 .bss           0x0081f408        0x0 /OPT/altera/12.1/nios2eds/bin/gnu/H-i686-pc-linux-gnu/bin/../lib/gcc/nios2-elf/4.1.2/libgcc.a(_df_to_si.o)
 .bss           0x0081f408        0x0 /OPT/altera/12.1/nios2eds/bin/gnu/H-i686-pc-linux-gnu/bin/../lib/gcc/nios2-elf/4.1.2/libgcc.a(_thenan_df.o)
 .bss           0x0081f408        0x0 /OPT/altera/12.1/nios2eds/bin/gnu/H-i686-pc-linux-gnu/bin/../lib/gcc/nios2-elf/4.1.2/libgcc.a(_usi_to_df.o)
 .bss           0x0081f408        0x0 /OPT/altera/12.1/nios2eds/bin/gnu/H-i686-pc-linux-gnu/bin/../lib/gcc/nios2-elf/4.1.2/libgcc.a(lib2-divmod.o)
 .bss           0x0081f408        0x0 /OPT/altera/12.1/nios2eds/bin/gnu/H-i686-pc-linux-gnu/bin/../lib/gcc/nios2-elf/4.1.2/libgcc.a(_muldi3.o)
 .bss           0x0081f408        0x0 /OPT/altera/12.1/nios2eds/bin/gnu/H-i686-pc-linux-gnu/bin/../lib/gcc/nios2-elf/4.1.2/libgcc.a(_clz.o)
 .bss           0x0081f408        0x0 /OPT/altera/12.1/nios2eds/bin/gnu/H-i686-pc-linux-gnu/bin/../lib/gcc/nios2-elf/4.1.2/libgcc.a(_clzsi2.o)
 .bss           0x0081f408        0x0 /OPT/altera/12.1/nios2eds/bin/gnu/H-i686-pc-linux-gnu/bin/../lib/gcc/nios2-elf/4.1.2/libgcc.a(_pack_df.o)
 .bss           0x0081f408        0x0 /OPT/altera/12.1/nios2eds/bin/gnu/H-i686-pc-linux-gnu/bin/../lib/gcc/nios2-elf/4.1.2/libgcc.a(_unpack_df.o)
 .bss           0x0081f408        0x0 /OPT/altera/12.1/nios2eds/bin/gnu/H-i686-pc-linux-gnu/bin/../lib/gcc/nios2-elf/4.1.2/libgcc.a(_fpcmp_parts_df.o)
 .bss           0x0081f408        0x0 ../vga_bsp//libucosii_bsp.a(alt_close.o)
 .bss           0x0081f408        0x0 ../vga_bsp//libucosii_bsp.a(alt_dev.o)
 .bss           0x0081f408        0x0 ../vga_bsp//libucosii_bsp.a(alt_errno.o)
 .bss           0x0081f408        0x0 ../vga_bsp//libucosii_bsp.a(alt_fstat.o)
 .bss           0x0081f408        0x0 ../vga_bsp//libucosii_bsp.a(alt_isatty.o)
 .bss           0x0081f408        0x0 ../vga_bsp//libucosii_bsp.a(alt_load.o)
 .bss           0x0081f408        0x0 ../vga_bsp//libucosii_bsp.a(alt_lseek.o)
 .bss           0x0081f408        0x0 ../vga_bsp//libucosii_bsp.a(alt_main.o)
 .bss           0x0081f408        0x0 ../vga_bsp//libucosii_bsp.a(alt_read.o)
 .bss           0x0081f408        0x0 ../vga_bsp//libucosii_bsp.a(alt_release_fd.o)
 .bss           0x0081f408        0x0 ../vga_bsp//libucosii_bsp.a(alt_sbrk.o)
 .bss           0x0081f408        0x0 ../vga_bsp//libucosii_bsp.a(alt_write.o)
 .bss           0x0081f408        0x0 ../vga_bsp//libucosii_bsp.a(alt_env_lock.o)
 .bss           0x0081f408        0x0 ../vga_bsp//libucosii_bsp.a(alt_malloc_lock.o)
 .bss           0x0081f408        0x0 ../vga_bsp//libucosii_bsp.a(os_core.o)
 .bss           0x0081f408        0x0 ../vga_bsp//libucosii_bsp.a(os_dbg.o)
 .bss           0x0081f408        0x0 ../vga_bsp//libucosii_bsp.a(os_flag.o)
 .bss           0x0081f408        0x0 ../vga_bsp//libucosii_bsp.a(os_mem.o)
 .bss           0x0081f408        0x0 ../vga_bsp//libucosii_bsp.a(os_q.o)
 .bss           0x0081f408        0x0 ../vga_bsp//libucosii_bsp.a(os_sem.o)
 .bss           0x0081f408        0x0 ../vga_bsp//libucosii_bsp.a(os_task.o)
 .bss           0x0081f408        0x0 ../vga_bsp//libucosii_bsp.a(os_time.o)
 .bss           0x0081f408        0x0 ../vga_bsp//libucosii_bsp.a(alt_sys_init.o)
 .bss           0x0081f408        0x0 ../vga_bsp//libucosii_bsp.a(altera_avalon_jtag_uart_fd.o)
 .bss           0x0081f408        0x0 ../vga_bsp//libucosii_bsp.a(altera_avalon_jtag_uart_init.o)
 .bss           0x0081f408        0x0 ../vga_bsp//libucosii_bsp.a(altera_avalon_jtag_uart_ioctl.o)
 .bss           0x0081f408        0x0 ../vga_bsp//libucosii_bsp.a(altera_avalon_jtag_uart_read.o)
 .bss           0x0081f408        0x0 ../vga_bsp//libucosii_bsp.a(altera_avalon_jtag_uart_write.o)
 .bss           0x0081f408        0x0 ../vga_bsp//libucosii_bsp.a(altera_avalon_timer_sc.o)
 .bss           0x0081f408        0x0 ../vga_bsp//libucosii_bsp.a(altera_up_avalon_character_lcd.o)
 .bss           0x0081f408        0x0 ../vga_bsp//libucosii_bsp.a(altera_up_avalon_video_pixel_buffer_dma.o)
 .bss           0x0081f408        0x0 ../vga_bsp//libucosii_bsp.a(altera_up_sd_card_avalon_interface.o)
 .bss           0x0081f408        0x0 ../vga_bsp//libucosii_bsp.a(alt_alarm_start.o)
 .bss           0x0081f408        0x0 ../vga_bsp//libucosii_bsp.a(alt_dcache_flush_all.o)
 .bss           0x0081f408        0x0 ../vga_bsp//libucosii_bsp.a(alt_dev_llist_insert.o)
 .bss           0x0081f408        0x0 ../vga_bsp//libucosii_bsp.a(alt_do_ctors.o)
 .bss           0x0081f408        0x0 ../vga_bsp//libucosii_bsp.a(alt_do_dtors.o)
 .bss           0x0081f408        0x0 ../vga_bsp//libucosii_bsp.a(alt_find_dev.o)
 .bss           0x0081f408        0x0 ../vga_bsp//libucosii_bsp.a(alt_icache_flush_all.o)
 .bss           0x0081f408        0x0 ../vga_bsp//libucosii_bsp.a(alt_iic.o)
 .bss           0x0081f408        0x0 ../vga_bsp//libucosii_bsp.a(alt_iic_isr_register.o)
 .bss           0x0081f408        0x0 ../vga_bsp//libucosii_bsp.a(alt_io_redirect.o)
 .bss           0x0081f408        0x0 ../vga_bsp//libucosii_bsp.a(alt_irq_entry.o)
 .bss           0x0081f408        0x0 ../vga_bsp//libucosii_bsp.a(alt_irq_handler.o)
 .bss           0x0081f408        0x0 ../vga_bsp//libucosii_bsp.a(alt_irq_vars.o)
 .bss           0x0081f408        0x0 ../vga_bsp//libucosii_bsp.a(alt_open.o)
 .bss           0x0081f408        0x0 ../vga_bsp//libucosii_bsp.a(alt_tick.o)
 .bss           0x0081f408        0x0 ../vga_bsp//libucosii_bsp.a(altera_nios2_qsys_irq.o)
 .bss           0x0081f408        0x0 ../vga_bsp//libucosii_bsp.a(os_cpu_a.o)
 .bss           0x0081f408        0x0 ../vga_bsp//libucosii_bsp.a(os_cpu_c.o)
 .bss           0x0081f408        0x0 ../vga_bsp//libucosii_bsp.a(alt_exception_entry.o)
 .bss           0x0081f408        0x0 ../vga_bsp//libucosii_bsp.a(alt_find_file.o)
 .bss           0x0081f408        0x0 ../vga_bsp//libucosii_bsp.a(alt_get_fd.o)
 .bss           0x0081f408        0x0 ../vga_bsp//libucosii_bsp.a(alt_icache_flush.o)
 .bss           0x0081f408        0x0 /OPT/altera/12.1/nios2eds/bin/gnu/H-i686-pc-linux-gnu/bin/../lib/gcc/nios2-elf/4.1.2/../../../../nios2-elf/lib/libc.a(lib_a-atexit.o)
 .bss           0x0081f408        0x0 /OPT/altera/12.1/nios2eds/bin/gnu/H-i686-pc-linux-gnu/bin/../lib/gcc/nios2-elf/4.1.2/../../../../nios2-elf/lib/libc.a(lib_a-exit.o)
 .bss           0x0081f408        0x0 /OPT/altera/12.1/nios2eds/bin/gnu/H-i686-pc-linux-gnu/bin/../lib/gcc/nios2-elf/4.1.2/../../../../nios2-elf/lib/libc.a(lib_a-memcmp.o)
 .bss           0x0081f408        0x0 /OPT/altera/12.1/nios2eds/bin/gnu/H-i686-pc-linux-gnu/bin/../lib/gcc/nios2-elf/4.1.2/../../../../nios2-elf/lib/libc.a(lib_a-__atexit.o)
 .bss           0x0081f408        0x0 /OPT/altera/12.1/nios2eds/bin/gnu/H-i686-pc-linux-gnu/bin/../lib/gcc/nios2-elf/4.1.2/../../../../nios2-elf/lib/libc.a(lib_a-__call_atexit.o)
 .bss           0x0081f408        0x0 ../vga_bsp//libucosii_bsp.a(alt_exit.o)
 *(COMMON)
 COMMON         0x0081f408     0x4000 obj/default/hello_ucosii.o
                0x0081f408                task1_stk
                0x00821408                task2_stk
 COMMON         0x00823408     0x3224 ../vga_bsp//libucosii_bsp.a(os_core.o)
                0x00823408                OSFlagTbl
                0x00823778                OSMemTbl
                0x008243a8                OSTaskStatStk
                0x00824ba8                OSQTbl
                0x00824d88                OSTaskIdleStk
                0x00825588                OSEventTbl
                0x008260c8                OSTCBTbl
                0x008265d8                OSTCBPrioTbl
 COMMON         0x0082662c      0x568 ../vga_bsp//libucosii_bsp.a(altera_up_sd_card_avalon_interface.o)
                0x0082662c                search_data
                0x00826640                boot_sector_data
                0x00826694                active_files
 COMMON         0x00826b94      0x100 ../vga_bsp//libucosii_bsp.a(alt_irq_handler.o)
                0x00826b94                alt_irq
 COMMON         0x00826c94      0x190 /OPT/altera/12.1/nios2eds/bin/gnu/H-i686-pc-linux-gnu/bin/../lib/gcc/nios2-elf/4.1.2/../../../../nios2-elf/lib/libc.a(lib_a-atexit.o)
                0x00826c94                _atexit0
                0x00826e24                . = ALIGN (0x4)
                0x00826e24                __bss_end = ABSOLUTE (.)

.sdram_0        0x00826e24        0x0
                0x00826e24                PROVIDE (_alt_partition_sdram_0_start, ABSOLUTE (.))
 *(.sdram_0. sdram_0.*)
                0x00826e24                . = ALIGN (0x4)
                0x00826e24                PROVIDE (_alt_partition_sdram_0_end, ABSOLUTE (.))
                0x00826e24                _end = ABSOLUTE (.)
                0x00826e24                end = ABSOLUTE (.)
                0x00826e24                __alt_stack_base = ABSOLUTE (.)
                0x00826e24                PROVIDE (_alt_partition_sdram_0_load_addr, LOADADDR (.sdram_0))

.onchip_memory2_0
                0x010841bc        0x0 load address 0x00826e24
                0x010841bc                PROVIDE (_alt_partition_onchip_memory2_0_start, ABSOLUTE (.))
 *(.onchip_memory2_0. onchip_memory2_0.*)
                0x010841bc                . = ALIGN (0x4)
                0x010841bc                PROVIDE (_alt_partition_onchip_memory2_0_end, ABSOLUTE (.))
                0x00826e24                PROVIDE (_alt_partition_onchip_memory2_0_load_addr, LOADADDR (.onchip_memory2_0))

.stab
 *(.stab)

.stabstr
 *(.stabstr)

.stab.excl
 *(.stab.excl)

.stab.exclstr
 *(.stab.exclstr)

.stab.index
 *(.stab.index)

.stab.indexstr
 *(.stab.indexstr)

.comment        0x00000000       0x26
 *(.comment)
 .comment       0x00000000       0x26 obj/default/hello_ucosii.o
                                 0x27 (size before relaxing)
 .comment       0x00000000       0x27 /OPT/altera/12.1/nios2eds/bin/gnu/H-i686-pc-linux-gnu/bin/../lib/gcc/nios2-elf/4.1.2/../../../../nios2-elf/lib/libc.a(lib_a-malloc.o)
 .comment       0x00000000       0x27 /OPT/altera/12.1/nios2eds/bin/gnu/H-i686-pc-linux-gnu/bin/../lib/gcc/nios2-elf/4.1.2/../../../../nios2-elf/lib/libc.a(lib_a-mallocr.o)
 .comment       0x00000000       0x27 /OPT/altera/12.1/nios2eds/bin/gnu/H-i686-pc-linux-gnu/bin/../lib/gcc/nios2-elf/4.1.2/../../../../nios2-elf/lib/libc.a(lib_a-printf.o)
 .comment       0x00000000       0x27 /OPT/altera/12.1/nios2eds/bin/gnu/H-i686-pc-linux-gnu/bin/../lib/gcc/nios2-elf/4.1.2/../../../../nios2-elf/lib/libc.a(lib_a-puts.o)
 .comment       0x00000000       0x27 /OPT/altera/12.1/nios2eds/bin/gnu/H-i686-pc-linux-gnu/bin/../lib/gcc/nios2-elf/4.1.2/../../../../nios2-elf/lib/libc.a(lib_a-sbrkr.o)
 .comment       0x00000000       0x27 /OPT/altera/12.1/nios2eds/bin/gnu/H-i686-pc-linux-gnu/bin/../lib/gcc/nios2-elf/4.1.2/../../../../nios2-elf/lib/libc.a(lib_a-strlen.o)
 .comment       0x00000000       0x27 /OPT/altera/12.1/nios2eds/bin/gnu/H-i686-pc-linux-gnu/bin/../lib/gcc/nios2-elf/4.1.2/../../../../nios2-elf/lib/libc.a(lib_a-vfprintf.o)
 .comment       0x00000000       0x27 /OPT/altera/12.1/nios2eds/bin/gnu/H-i686-pc-linux-gnu/bin/../lib/gcc/nios2-elf/4.1.2/../../../../nios2-elf/lib/libc.a(lib_a-wsetup.o)
 .comment       0x00000000       0x27 /OPT/altera/12.1/nios2eds/bin/gnu/H-i686-pc-linux-gnu/bin/../lib/gcc/nios2-elf/4.1.2/../../../../nios2-elf/lib/libc.a(lib_a-dtoa.o)
 .comment       0x00000000       0x27 /OPT/altera/12.1/nios2eds/bin/gnu/H-i686-pc-linux-gnu/bin/../lib/gcc/nios2-elf/4.1.2/../../../../nios2-elf/lib/libc.a(lib_a-fflush.o)
 .comment       0x00000000       0x27 /OPT/altera/12.1/nios2eds/bin/gnu/H-i686-pc-linux-gnu/bin/../lib/gcc/nios2-elf/4.1.2/../../../../nios2-elf/lib/libc.a(lib_a-findfp.o)
 .comment       0x00000000       0x27 /OPT/altera/12.1/nios2eds/bin/gnu/H-i686-pc-linux-gnu/bin/../lib/gcc/nios2-elf/4.1.2/../../../../nios2-elf/lib/libc.a(lib_a-freer.o)
 .comment       0x00000000       0x27 /OPT/altera/12.1/nios2eds/bin/gnu/H-i686-pc-linux-gnu/bin/../lib/gcc/nios2-elf/4.1.2/../../../../nios2-elf/lib/libc.a(lib_a-fvwrite.o)
 .comment       0x00000000       0x27 /OPT/altera/12.1/nios2eds/bin/gnu/H-i686-pc-linux-gnu/bin/../lib/gcc/nios2-elf/4.1.2/../../../../nios2-elf/lib/libc.a(lib_a-fwalk.o)
 .comment       0x00000000       0x27 /OPT/altera/12.1/nios2eds/bin/gnu/H-i686-pc-linux-gnu/bin/../lib/gcc/nios2-elf/4.1.2/../../../../nios2-elf/lib/libc.a(lib_a-impure.o)
 .comment       0x00000000       0x27 /OPT/altera/12.1/nios2eds/bin/gnu/H-i686-pc-linux-gnu/bin/../lib/gcc/nios2-elf/4.1.2/../../../../nios2-elf/lib/libc.a(lib_a-int_errno.o)
 .comment       0x00000000       0x27 /OPT/altera/12.1/nios2eds/bin/gnu/H-i686-pc-linux-gnu/bin/../lib/gcc/nios2-elf/4.1.2/../../../../nios2-elf/lib/libc.a(lib_a-locale.o)
 .comment       0x00000000       0x27 /OPT/altera/12.1/nios2eds/bin/gnu/H-i686-pc-linux-gnu/bin/../lib/gcc/nios2-elf/4.1.2/../../../../nios2-elf/lib/libc.a(lib_a-makebuf.o)
 .comment       0x00000000       0x27 /OPT/altera/12.1/nios2eds/bin/gnu/H-i686-pc-linux-gnu/bin/../lib/gcc/nios2-elf/4.1.2/../../../../nios2-elf/lib/libc.a(lib_a-memchr.o)
 .comment       0x00000000       0x27 /OPT/altera/12.1/nios2eds/bin/gnu/H-i686-pc-linux-gnu/bin/../lib/gcc/nios2-elf/4.1.2/../../../../nios2-elf/lib/libc.a(lib_a-memcpy.o)
 .comment       0x00000000       0x27 /OPT/altera/12.1/nios2eds/bin/gnu/H-i686-pc-linux-gnu/bin/../lib/gcc/nios2-elf/4.1.2/../../../../nios2-elf/lib/libc.a(lib_a-memmove.o)
 .comment       0x00000000       0x27 /OPT/altera/12.1/nios2eds/bin/gnu/H-i686-pc-linux-gnu/bin/../lib/gcc/nios2-elf/4.1.2/../../../../nios2-elf/lib/libc.a(lib_a-memset.o)
 .comment       0x00000000       0x27 /OPT/altera/12.1/nios2eds/bin/gnu/H-i686-pc-linux-gnu/bin/../lib/gcc/nios2-elf/4.1.2/../../../../nios2-elf/lib/libc.a(lib_a-mprec.o)
 .comment       0x00000000       0x27 /OPT/altera/12.1/nios2eds/bin/gnu/H-i686-pc-linux-gnu/bin/../lib/gcc/nios2-elf/4.1.2/../../../../nios2-elf/lib/libc.a(lib_a-reallocr.o)
 .comment       0x00000000       0x27 /OPT/altera/12.1/nios2eds/bin/gnu/H-i686-pc-linux-gnu/bin/../lib/gcc/nios2-elf/4.1.2/../../../../nios2-elf/lib/libc.a(lib_a-s_isinfd.o)
 .comment       0x00000000       0x27 /OPT/altera/12.1/nios2eds/bin/gnu/H-i686-pc-linux-gnu/bin/../lib/gcc/nios2-elf/4.1.2/../../../../nios2-elf/lib/libc.a(lib_a-s_isnand.o)
 .comment       0x00000000       0x27 /OPT/altera/12.1/nios2eds/bin/gnu/H-i686-pc-linux-gnu/bin/../lib/gcc/nios2-elf/4.1.2/../../../../nios2-elf/lib/libc.a(lib_a-stdio.o)
 .comment       0x00000000       0x27 /OPT/altera/12.1/nios2eds/bin/gnu/H-i686-pc-linux-gnu/bin/../lib/gcc/nios2-elf/4.1.2/../../../../nios2-elf/lib/libc.a(lib_a-strcmp.o)
 .comment       0x00000000       0x27 /OPT/altera/12.1/nios2eds/bin/gnu/H-i686-pc-linux-gnu/bin/../lib/gcc/nios2-elf/4.1.2/../../../../nios2-elf/lib/libc.a(lib_a-writer.o)
 .comment       0x00000000       0x27 /OPT/altera/12.1/nios2eds/bin/gnu/H-i686-pc-linux-gnu/bin/../lib/gcc/nios2-elf/4.1.2/../../../../nios2-elf/lib/libc.a(lib_a-callocr.o)
 .comment       0x00000000       0x27 /OPT/altera/12.1/nios2eds/bin/gnu/H-i686-pc-linux-gnu/bin/../lib/gcc/nios2-elf/4.1.2/../../../../nios2-elf/lib/libc.a(lib_a-closer.o)
 .comment       0x00000000       0x27 /OPT/altera/12.1/nios2eds/bin/gnu/H-i686-pc-linux-gnu/bin/../lib/gcc/nios2-elf/4.1.2/../../../../nios2-elf/lib/libc.a(lib_a-fclose.o)
 .comment       0x00000000       0x27 /OPT/altera/12.1/nios2eds/bin/gnu/H-i686-pc-linux-gnu/bin/../lib/gcc/nios2-elf/4.1.2/../../../../nios2-elf/lib/libc.a(lib_a-fstatr.o)
 .comment       0x00000000       0x27 /OPT/altera/12.1/nios2eds/bin/gnu/H-i686-pc-linux-gnu/bin/../lib/gcc/nios2-elf/4.1.2/../../../../nios2-elf/lib/libc.a(lib_a-isattyr.o)
 .comment       0x00000000       0x27 /OPT/altera/12.1/nios2eds/bin/gnu/H-i686-pc-linux-gnu/bin/../lib/gcc/nios2-elf/4.1.2/../../../../nios2-elf/lib/libc.a(lib_a-lseekr.o)
 .comment       0x00000000       0x27 /OPT/altera/12.1/nios2eds/bin/gnu/H-i686-pc-linux-gnu/bin/../lib/gcc/nios2-elf/4.1.2/../../../../nios2-elf/lib/libc.a(lib_a-readr.o)
 .comment       0x00000000       0x27 /OPT/altera/12.1/nios2eds/bin/gnu/H-i686-pc-linux-gnu/bin/../lib/gcc/nios2-elf/4.1.2/libgcc.a(_udivdi3.o)
 .comment       0x00000000       0x27 /OPT/altera/12.1/nios2eds/bin/gnu/H-i686-pc-linux-gnu/bin/../lib/gcc/nios2-elf/4.1.2/libgcc.a(_umoddi3.o)
 .comment       0x00000000       0x27 /OPT/altera/12.1/nios2eds/bin/gnu/H-i686-pc-linux-gnu/bin/../lib/gcc/nios2-elf/4.1.2/libgcc.a(_addsub_df.o)
 .comment       0x00000000       0x27 /OPT/altera/12.1/nios2eds/bin/gnu/H-i686-pc-linux-gnu/bin/../lib/gcc/nios2-elf/4.1.2/libgcc.a(_mul_df.o)
 .comment       0x00000000       0x27 /OPT/altera/12.1/nios2eds/bin/gnu/H-i686-pc-linux-gnu/bin/../lib/gcc/nios2-elf/4.1.2/libgcc.a(_div_df.o)
 .comment       0x00000000       0x27 /OPT/altera/12.1/nios2eds/bin/gnu/H-i686-pc-linux-gnu/bin/../lib/gcc/nios2-elf/4.1.2/libgcc.a(_eq_df.o)
 .comment       0x00000000       0x27 /OPT/altera/12.1/nios2eds/bin/gnu/H-i686-pc-linux-gnu/bin/../lib/gcc/nios2-elf/4.1.2/libgcc.a(_ne_df.o)
 .comment       0x00000000       0x27 /OPT/altera/12.1/nios2eds/bin/gnu/H-i686-pc-linux-gnu/bin/../lib/gcc/nios2-elf/4.1.2/libgcc.a(_gt_df.o)
 .comment       0x00000000       0x27 /OPT/altera/12.1/nios2eds/bin/gnu/H-i686-pc-linux-gnu/bin/../lib/gcc/nios2-elf/4.1.2/libgcc.a(_ge_df.o)
 .comment       0x00000000       0x27 /OPT/altera/12.1/nios2eds/bin/gnu/H-i686-pc-linux-gnu/bin/../lib/gcc/nios2-elf/4.1.2/libgcc.a(_lt_df.o)
 .comment       0x00000000       0x27 /OPT/altera/12.1/nios2eds/bin/gnu/H-i686-pc-linux-gnu/bin/../lib/gcc/nios2-elf/4.1.2/libgcc.a(_si_to_df.o)
 .comment       0x00000000       0x27 /OPT/altera/12.1/nios2eds/bin/gnu/H-i686-pc-linux-gnu/bin/../lib/gcc/nios2-elf/4.1.2/libgcc.a(_df_to_si.o)
 .comment       0x00000000       0x27 /OPT/altera/12.1/nios2eds/bin/gnu/H-i686-pc-linux-gnu/bin/../lib/gcc/nios2-elf/4.1.2/libgcc.a(_thenan_df.o)
 .comment       0x00000000       0x27 /OPT/altera/12.1/nios2eds/bin/gnu/H-i686-pc-linux-gnu/bin/../lib/gcc/nios2-elf/4.1.2/libgcc.a(_usi_to_df.o)
 .comment       0x00000000       0x27 /OPT/altera/12.1/nios2eds/bin/gnu/H-i686-pc-linux-gnu/bin/../lib/gcc/nios2-elf/4.1.2/libgcc.a(lib2-divmod.o)
 .comment       0x00000000       0x27 /OPT/altera/12.1/nios2eds/bin/gnu/H-i686-pc-linux-gnu/bin/../lib/gcc/nios2-elf/4.1.2/libgcc.a(_muldi3.o)