Archive member included because of file (symbol)

/OPT/altera/12.1/nios2eds/bin/gnu/H-i686-pc-linux-gnu/bin/../lib/gcc/nios2-elf/4.1.2/../../../../nios2-elf/lib/libc.a(lib_a-malloc.o)
                              obj/default/hello_ucosii.o (free)
/OPT/altera/12.1/nios2eds/bin/gnu/H-i686-pc-linux-gnu/bin/../lib/gcc/nios2-elf/4.1.2/../../../../nios2-elf/lib/libc.a(lib_a-mallocr.o)
                              /OPT/altera/12.1/nios2eds/bin/gnu/H-i686-pc-linux-gnu/bin/../lib/gcc/nios2-elf/4.1.2/../../../../nios2-elf/lib/libc.a(lib_a-malloc.o) (_malloc_r)
/OPT/altera/12.1/nios2eds/bin/gnu/H-i686-pc-linux-gnu/bin/../lib/gcc/nios2-elf/4.1.2/../../../../nios2-elf/lib/libc.a(lib_a-printf.o)
                              obj/default/hello_ucosii.o (printf)
/OPT/altera/12.1/nios2eds/bin/gnu/H-i686-pc-linux-gnu/bin/../lib/gcc/nios2-elf/4.1.2/../../../../nios2-elf/lib/libc.a(lib_a-puts.o)
                              obj/default/hello_ucosii.o (puts)
/OPT/altera/12.1/nios2eds/bin/gnu/H-i686-pc-linux-gnu/bin/../lib/gcc/nios2-elf/4.1.2/../../../../nios2-elf/lib/libc.a(lib_a-sbrkr.o)
                              /OPT/altera/12.1/nios2eds/bin/gnu/H-i686-pc-linux-gnu/bin/../lib/gcc/nios2-elf/4.1.2/../../../../nios2-elf/lib/libc.a(lib_a-mallocr.o) (_sbrk_r)
/OPT/altera/12.1/nios2eds/bin/gnu/H-i686-pc-linux-gnu/bin/../lib/gcc/nios2-elf/4.1.2/../../../../nios2-elf/lib/libc.a(lib_a-strlen.o)
                              /OPT/altera/12.1/nios2eds/bin/gnu/H-i686-pc-linux-gnu/bin/../lib/gcc/nios2-elf/4.1.2/../../../../nios2-elf/lib/libc.a(lib_a-puts.o) (strlen)
/OPT/altera/12.1/nios2eds/bin/gnu/H-i686-pc-linux-gnu/bin/../lib/gcc/nios2-elf/4.1.2/../../../../nios2-elf/lib/libc.a(lib_a-vfprintf.o)
                              /OPT/altera/12.1/nios2eds/bin/gnu/H-i686-pc-linux-gnu/bin/../lib/gcc/nios2-elf/4.1.2/../../../../nios2-elf/lib/libc.a(lib_a-printf.o) (___vfprintf_internal_r)
/OPT/altera/12.1/nios2eds/bin/gnu/H-i686-pc-linux-gnu/bin/../lib/gcc/nios2-elf/4.1.2/../../../../nios2-elf/lib/libc.a(lib_a-wsetup.o)
                              /OPT/altera/12.1/nios2eds/bin/gnu/H-i686-pc-linux-gnu/bin/../lib/gcc/nios2-elf/4.1.2/../../../../nios2-elf/lib/libc.a(lib_a-vfprintf.o) (__swsetup_r)
/OPT/altera/12.1/nios2eds/bin/gnu/H-i686-pc-linux-gnu/bin/../lib/gcc/nios2-elf/4.1.2/../../../../nios2-elf/lib/libc.a(lib_a-dtoa.o)
                              /OPT/altera/12.1/nios2eds/bin/gnu/H-i686-pc-linux-gnu/bin/../lib/gcc/nios2-elf/4.1.2/../../../../nios2-elf/lib/libc.a(lib_a-vfprintf.o) (_dtoa_r)
/OPT/altera/12.1/nios2eds/bin/gnu/H-i686-pc-linux-gnu/bin/../lib/gcc/nios2-elf/4.1.2/../../../../nios2-elf/lib/libc.a(lib_a-fflush.o)
                              /OPT/altera/12.1/nios2eds/bin/gnu/H-i686-pc-linux-gnu/bin/../lib/gcc/nios2-elf/4.1.2/../../../../nios2-elf/lib/libc.a(lib_a-vfprintf.o) (_fflush_r)
/OPT/altera/12.1/nios2eds/bin/gnu/H-i686-pc-linux-gnu/bin/../lib/gcc/nios2-elf/4.1.2/../../../../nios2-elf/lib/libc.a(lib_a-findfp.o)
                              /OPT/altera/12.1/nios2eds/bin/gnu/H-i686-pc-linux-gnu/bin/../lib/gcc/nios2-elf/4.1.2/../../../../nios2-elf/lib/libc.a(lib_a-vfprintf.o) (__sinit)
/OPT/altera/12.1/nios2eds/bin/gnu/H-i686-pc-linux-gnu/bin/../lib/gcc/nios2-elf/4.1.2/../../../../nios2-elf/lib/libc.a(lib_a-freer.o)
                              /OPT/altera/12.1/nios2eds/bin/gnu/H-i686-pc-linux-gnu/bin/../lib/gcc/nios2-elf/4.1.2/../../../../nios2-elf/lib/libc.a(lib_a-malloc.o) (_free_r)
/OPT/altera/12.1/nios2eds/bin/gnu/H-i686-pc-linux-gnu/bin/../lib/gcc/nios2-elf/4.1.2/../../../../nios2-elf/lib/libc.a(lib_a-fvwrite.o)
                              /OPT/altera/12.1/nios2eds/bin/gnu/H-i686-pc-linux-gnu/bin/../lib/gcc/nios2-elf/4.1.2/../../../../nios2-elf/lib/libc.a(lib_a-puts.o) (__sfvwrite_r)
/OPT/altera/12.1/nios2eds/bin/gnu/H-i686-pc-linux-gnu/bin/../lib/gcc/nios2-elf/4.1.2/../../../../nios2-elf/lib/libc.a(lib_a-fwalk.o)
                              /OPT/altera/12.1/nios2eds/bin/gnu/H-i686-pc-linux-gnu/bin/../lib/gcc/nios2-elf/4.1.2/../../../../nios2-elf/lib/libc.a(lib_a-fflush.o) (_fwalk_reent)
/OPT/altera/12.1/nios2eds/bin/gnu/H-i686-pc-linux-gnu/bin/../lib/gcc/nios2-elf/4.1.2/../../../../nios2-elf/lib/libc.a(lib_a-impure.o)
                              /OPT/altera/12.1/nios2eds/bin/gnu/H-i686-pc-linux-gnu/bin/../lib/gcc/nios2-elf/4.1.2/../../../../nios2-elf/lib/libc.a(lib_a-malloc.o) (_impure_ptr)
/OPT/altera/12.1/nios2eds/bin/gnu/H-i686-pc-linux-gnu/bin/../lib/gcc/nios2-elf/4.1.2/../../../../nios2-elf/lib/libc.a(lib_a-int_errno.o)
                              /OPT/altera/12.1/nios2eds/bin/gnu/H-i686-pc-linux-gnu/bin/../lib/gcc/nios2-elf/4.1.2/../../../../nios2-elf/lib/libc.a(lib_a-sbrkr.o) (errno)
/OPT/altera/12.1/nios2eds/bin/gnu/H-i686-pc-linux-gnu/bin/../lib/gcc/nios2-elf/4.1.2/../../../../nios2-elf/lib/libc.a(lib_a-locale.o)
[...]
Memory Configuration

Name             Origin             Length             Attributes
sdram_0          0x00800000         0x00800000
reset            0x01084000         0x00000020
onchip_memory2_0 0x01084020         0x00003fe0
*default*        0x00000000         0xffffffff

Linker script and memory map

LOAD ../vga_bsp//obj/HAL/src/crt0.o
LOAD obj/default/hello_ucosii.o
LOAD /OPT/altera/12.1/nios2eds/bin/gnu/H-i686-pc-linux-gnu/bin/../lib/gcc/nios2-elf/4.1.2/../../../../nios2-elf/lib/libstdc++.a
LOAD /OPT/altera/12.1/nios2eds/bin/gnu/H-i686-pc-linux-gnu/bin/../lib/gcc/nios2-elf/4.1.2/../../../../nios2-elf/lib/libm.a
LOAD /OPT/altera/12.1/nios2eds/bin/gnu/H-i686-pc-linux-gnu/bin/../lib/gcc/nios2-elf/4.1.2/libgcc.a
START GROUP
LOAD /OPT/altera/12.1/nios2eds/bin/gnu/H-i686-pc-linux-gnu/bin/../lib/gcc/nios2-elf/4.1.2/../../../../nios2-elf/lib/libc.a
LOAD /OPT/altera/12.1/nios2eds/bin/gnu/H-i686-pc-linux-gnu/bin/../lib/gcc/nios2-elf/4.1.2/libgcc.a
LOAD ../vga_bsp//libucosii_bsp.a
END GROUP
LOAD /OPT/altera/12.1/nios2eds/bin/gnu/H-i686-pc-linux-gnu/bin/../lib/gcc/nios2-elf/4.1.2/libgcc.a
                0x00800000                __alt_mem_sdram_0 = 0x800000
                0x01084000                __alt_mem_onchip_memory2_0 = 0x1084000

.entry          0x01084000       0x20
 *(.entry)
 .entry         0x01084000       0x20 ../vga_bsp//obj/HAL/src/crt0.o
                0x01084000                __reset

.exceptions     0x01084020      0x19c load address 0x00800000
                0x01084020                PROVIDE (__ram_exceptions_start, ABSOLUTE (.))
                0x01084020                . = ALIGN (0x20)
 *(.irq)
 *(.exceptions.entry.label)
 .exceptions.entry.label
                0x01084020        0x0 ../vga_bsp//libucosii_bsp.a(alt_irq_entry.o)
                0x01084020                alt_irq_entry
 .exceptions.entry.label
                0x01084020        0x0 ../vga_bsp//libucosii_bsp.a(alt_exception_entry.o)
                0x01084020                alt_exception
 *(.exceptions.entry.user)
 *(.exceptions.entry)
 .exceptions.entry
                0x01084020       0x54 ../vga_bsp//libucosii_bsp.a(alt_exception_entry.o)
 *(.exceptions.irqtest.user)
 *(.exceptions.irqtest)
 .exceptions.irqtest
                0x01084074       0x10 ../vga_bsp//libucosii_bsp.a(alt_irq_entry.o)
 *(.exceptions.irqhandler.user)
 *(.exceptions.irqhandler)
 .exceptions.irqhandler
                0x01084084        0x4 ../vga_bsp//libucosii_bsp.a(alt_irq_entry.o)
 *(.exceptions.irqreturn.user)
 *(.exceptions.irqreturn)
 .exceptions.irqreturn
                0x01084088        0x4 ../vga_bsp//libucosii_bsp.a(alt_irq_entry.o)
 *(.exceptions.notirq.label)
 .exceptions.notirq.label
                0x0108408c        0x0 ../vga_bsp//libucosii_bsp.a(alt_irq_entry.o)
 *(.exceptions.notirq.user)
 *(.exceptions.notirq)
 .exceptions.notirq
                0x0108408c        0x8 ../vga_bsp//libucosii_bsp.a(alt_exception_entry.o)
 *(.exceptions.soft.user)
 *(.exceptions.soft)
 *(.exceptions.unknown.user)
 *(.exceptions.unknown)
 .exceptions.unknown
                0x01084094        0x4 ../vga_bsp//libucosii_bsp.a(alt_exception_entry.o)
 *(.exceptions.exit.label)
 .exceptions.exit.label
                0x01084098        0x0 ../vga_bsp//libucosii_bsp.a(alt_irq_entry.o)
 .exceptions.exit.label
                0x01084098        0x0 ../vga_bsp//libucosii_bsp.a(alt_exception_entry.o)
 *(.exceptions.exit.user)
 *(.exceptions.exit)
 .exceptions.exit
                0x01084098       0x54 ../vga_bsp//libucosii_bsp.a(alt_exception_entry.o)
 *(.exceptions)
 .exceptions    0x010840ec       0xd0 ../vga_bsp//libucosii_bsp.a(alt_irq_handler.o)
                0x010840ec                alt_irq_handler
                0x010841bc                PROVIDE (__ram_exceptions_end, ABSOLUTE (.))
                0x00800000                PROVIDE (__flash_exceptions_start, LOADADDR (.exceptions))

.text           0x0080019c    0x1b4cc
                0x0080019c                PROVIDE (stext, ABSOLUTE (.))
 *(.interp)
 *(.hash)
 *(.dynsym)
 *(.dynstr)
 *(.gnu.version)
 *(.gnu.version_d)
 *(.gnu.version_r)
 *(.rel.init)
 *(.rela.init)
 *(.rel.text .rel.text.* .rel.gnu.linkonce.t.*)
 *(.rela.text .rela.text.* .rela.gnu.linkonce.t.*)
 *(.rel.fini)
 *(.rela.fini)
 *(.rel.rodata .rel.rodata.* .rel.gnu.linkonce.r.*)
 *(.rela.rodata .rela.rodata.* .rela.gnu.linkonce.r.*)
 *(.rel.data .rel.data.* .rel.gnu.linkonce.d.*)
 *(.rela.data .rela.data.* .rela.gnu.linkonce.d.*)
 *(.rel.tdata .rel.tdata.* .rel.gnu.linkonce.td.*)
 *(.rela.tdata .rela.tdata.* .rela.gnu.linkonce.td.*)
 *(.rel.tbss .rel.tbss.* .rel.gnu.linkonce.tb.*)
 *(.rela.tbss .rela.tbss.* .rela.gnu.linkonce.tb.*)
 *(.rel.ctors)
 *(.rela.ctors)
 *(.rel.dtors)
 *(.rela.dtors)
 *(.rel.got)
 *(.rela.got)
 *(.rel.sdata .rel.sdata.* .rel.gnu.linkonce.s.*)
 *(.rela.sdata .rela.sdata.* .rela.gnu.linkonce.s.*)
 *(.rel.sbss .rel.sbss.* .rel.gnu.linkonce.sb.*)
 *(.rela.sbss .rela.sbss.* .rela.gnu.linkonce.sb.*)
 *(.rel.sdata2 .rel.sdata2.* .rel.gnu.linkonce.s2.*)
 *(.rela.sdata2 .rela.sdata2.* .rela.gnu.linkonce.s2.*)
 *(.rel.sbss2 .rel.sbss2.* .rel.gnu.linkonce.sb2.*)
 *(.rela.sbss2 .rela.sbss2.* .rela.gnu.linkonce.sb2.*)
 *(.rel.bss .rel.bss.* .rel.gnu.linkonce.b.*)
 *(.rela.bss .rela.bss.* .rela.gnu.linkonce.b.*)
 *(.rel.plt)
 *(.rela.plt)
 *(.rel.dyn)
 *(.init)
 *(.plt)
 *(.text .stub .text.* .gnu.linkonce.t.*)
 .text          0x0080019c       0x4c ../vga_bsp//obj/HAL/src/crt0.o
                0x0080019c                _start
 .text          0x008001e8      0x3f8 obj/default/hello_ucosii.o
                0x008001e8                load_bmp
                0x0080038c                draw_bitmap
                0x00800434                main
 .text          0x008005e0       0x28 /OPT/altera/12.1/nios2eds/bin/gnu/H-i686-pc-linux-gnu/bin/../lib/gcc/nios2-elf/4.1.2/../../../../nios2-elf/lib/libc.a(lib_a-malloc.o)
                0x008005e0                free
                0x008005f4                malloc
 .text          0x00800608      0x740 /OPT/altera/12.1/nios2eds/bin/gnu/H-i686-pc-linux-gnu/bin/../lib/gcc/nios2-elf/4.1.2/../../../../nios2-elf/lib/libc.a(lib_a-mallocr.o)
                0x00800608                _malloc_r
 .text          0x00800d48       0x78 /OPT/altera/12.1/nios2eds/bin/gnu/H-i686-pc-linux-gnu/bin/../lib/gcc/nios2-elf/4.1.2/../../../../nios2-elf/lib/libc.a(lib_a-printf.o)
                0x00800d48                printf
                0x00800d8c                _printf_r
 .text          0x00800dc0       0xb4 /OPT/altera/12.1/nios2eds/bin/gnu/H-i686-pc-linux-gnu/bin/../lib/gcc/nios2-elf/4.1.2/../../../../nios2-elf/lib/libc.a(lib_a-puts.o)
                0x00800dc0                _puts_r
                0x00800e60                puts
 .text          0x00800e74       0x70 /OPT/altera/12.1/nios2eds/bin/gnu/H-i686-pc-linux-gnu/bin/../lib/gcc/nios2-elf/4.1.2/../../../../nios2-elf/lib/libc.a(lib_a-sbrkr.o)
                0x00800e74                _sbrk_r
 .text          0x00800ee4       0x74 /OPT/altera/12.1/nios2eds/bin/gnu/H-i686-pc-linux-gnu/bin/../lib/gcc/nios2-elf/4.1.2/../../../../nios2-elf/lib/libc.a(lib_a-strlen.o)
                0x00800ee4                strlen
 .text          0x00800f58     0x1f28 /OPT/altera/12.1/nios2eds/bin/gnu/H-i686-pc-linux-gnu/bin/../lib/gcc/nios2-elf/4.1.2/../../../../nios2-elf/lib/libc.a(lib_a-vfprintf.o)
                0x00800fb0                ___vfprintf_internal_r
                0x00802e5c                __vfprintf_internal
 .text          0x00802e80      0x13c /OPT/altera/12.1/nios2eds/bin/gnu/H-i686-pc-linux-gnu/bin/../lib/gcc/nios2-elf/4.1.2/../../../../nios2-elf/lib/libc.a(lib_a-wsetup.o)
                0x00802e80                __swsetup_r
 .text          0x00802fbc     0x17cc /OPT/altera/12.1/nios2eds/bin/gnu/H-i686-pc-linux-gnu/bin/../lib/gcc/nios2-elf/4.1.2/../../../../nios2-elf/lib/libc.a(lib_a-dtoa.o)
                0x008031d4                _dtoa_r
 .text          0x00804788      0x230 /OPT/altera/12.1/nios2eds/bin/gnu/H-i686-pc-linux-gnu/bin/../lib/gcc/nios2-elf/4.1.2/../../../../nios2-elf/lib/libc.a(lib_a-fflush.o)
                0x00804788                _fflush_r
                0x00804984                fflush
 .text          0x008049b8      0x2c0 /OPT/altera/12.1/nios2eds/bin/gnu/H-i686-pc-linux-gnu/bin/../lib/gcc/nios2-elf/4.1.2/../../../../nios2-elf/lib/libc.a(lib_a-findfp.o)
                0x00804a10                __sfp_lock_acquire
                0x00804a14                __sfp_lock_release
                0x00804a18                __sinit_lock_acquire
                0x00804a1c                __sinit_lock_release
                0x00804a20                __sinit
                0x00804ad4                __fp_unlock_all
                0x00804aec                __fp_lock_all
                0x00804b04                _cleanup_r
                0x00804b10                _cleanup
                0x00804b20                __sfmoreglue
                0x00804b88                __sfp
 .text          0x00804c78      0x440 /OPT/altera/12.1/nios2eds/bin/gnu/H-i686-pc-linux-gnu/bin/../lib/gcc/nios2-elf/4.1.2/../../../../nios2-elf/lib/libc.a(lib_a-freer.o)
                0x00804c78                _malloc_trim_r
                0x00804da4                _free_r
 .text          0x008050b8      0x49c /OPT/altera/12.1/nios2eds/bin/gnu/H-i686-pc-linux-gnu/bin/../lib/gcc/nios2-elf/4.1.2/../../../../nios2-elf/lib/libc.a(lib_a-fvwrite.o)
                0x008050b8                __sfvwrite_r
 .text          0x00805554      0x180 /OPT/altera/12.1/nios2eds/bin/gnu/H-i686-pc-linux-gnu/bin/../lib/gcc/nios2-elf/4.1.2/../../../../nios2-elf/lib/libc.a(lib_a-fwalk.o)
                0x00805554                _fwalk_reent
                0x0080561c                _fwalk
 .text          0x008056d4        0x0 /OPT/altera/12.1/nios2eds/bin/gnu/H-i686-pc-linux-gnu/bin/../lib/gcc/nios2-elf/4.1.2/../../../../nios2-elf/lib/libc.a(lib_a-impure.o)
 .text          0x008056d4        0x0 /OPT/altera/12.1/nios2eds/bin/gnu/H-i686-pc-linux-gnu/bin/../lib/gcc/nios2-elf/4.1.2/../../../../nios2-elf/lib/libc.a(lib_a-int_errno.o)
 .text          0x008056d4       0xc4 /OPT/altera/12.1/nios2eds/bin/gnu/H-i686-pc-linux-gnu/bin/../lib/gcc/nios2-elf/4.1.2/../../../../nios2-elf/lib/libc.a(lib_a-locale.o)
                0x008056d4                __locale_charset
                0x008056dc                _localeconv_r
                0x008056e8                localeconv
                0x008056f8                _setlocale_r
                0x0080577c                setlocale
 .text          0x00805798      0x194 /OPT/altera/12.1/nios2eds/bin/gnu/H-i686-pc-linux-gnu/bin/../lib/gcc/nios2-elf/4.1.2/../../../../nios2-elf/lib/libc.a(lib_a-makebuf.o)
                0x00805798                __smakebuf_r
 .text          0x0080592c       0xe4 /OPT/altera/12.1/nios2eds/bin/gnu/H-i686-pc-linux-gnu/bin/../lib/gcc/nios2-elf/4.1.2/../../../../nios2-elf/lib/libc.a(lib_a-memchr.o)
                0x0080592c                memchr
 .text          0x00805a10       0xa0 /OPT/altera/12.1/nios2eds/bin/gnu/H-i686-pc-linux-gnu/bin/../lib/gcc/nios2-elf/4.1.2/../../../../nios2-elf/lib/libc.a(lib_a-memcpy.o)
                0x00805a10                memcpy
 .text          0x00805ab0       0xe0 /OPT/altera/12.1/nios2eds/bin/gnu/H-i686-pc-linux-gnu/bin/../lib/gcc/nios2-elf/4.1.2/../../../../nios2-elf/lib/libc.a(lib_a-memmove.o)
                0x00805ab0                memmove
 .text          0x00805b90       0x98 /OPT/altera/12.1/nios2eds/bin/gnu/H-i686-pc-linux-gnu/bin/../lib/gcc/nios2-elf/4.1.2/../../../../nios2-elf/lib/libc.a(lib_a-memset.o)
                0x00805b90                memset
 .text          0x00805c28      0xff4 /OPT/altera/12.1/nios2eds/bin/gnu/H-i686-pc-linux-gnu/bin/../lib/gcc/nios2-elf/4.1.2/../../../../nios2-elf/lib/libc.a(lib_a-mprec.o)
                0x00805c28                _Bfree
                0x00805c50                __hi0bits
                0x00805cc0                __lo0bits
                0x00805d84                __mcmp
                0x00805de4                __ulp
                0x00805e64                __b2d
                0x00805f84                __ratio
                0x00806034                _mprec_log10
                0x008060c8                __copybits
                0x00806120                __any_on
                0x008061a8                _Balloc
                0x00806264                __d2b
                0x008063e0                __mdiff
                0x0080656c                __lshift
                0x008066b8                __multiply
                0x008068a0                __i2b
                0x008068dc                __multadd
                0x008069dc                __pow5mult
                0x00806afc                __s2b
 .text          0x00806c1c      0x5f4 /OPT/altera/12.1/nios2eds/bin/gnu/H-i686-pc-linux-gnu/bin/../lib/gcc/nios2-elf/4.1.2/../../../../nios2-elf/lib/libc.a(lib_a-reallocr.o)
                0x00806c1c                _realloc_r
 .text          0x00807210       0x40 /OPT/altera/12.1/nios2eds/bin/gnu/H-i686-pc-linux-gnu/bin/../lib/gcc/nios2-elf/4.1.2/../../../../nios2-elf/lib/libc.a(lib_a-s_isinfd.o)
                0x00807210                __isinfd
 .text          0x00807250       0x30 /OPT/altera/12.1/nios2eds/bin/gnu/H-i686-pc-linux-gnu/bin/../lib/gcc/nios2-elf/4.1.2/../../../../nios2-elf/lib/libc.a(lib_a-s_isnand.o)
                0x00807250                __isnand
 .text          0x00807280      0x14c /OPT/altera/12.1/nios2eds/bin/gnu/H-i686-pc-linux-gnu/bin/../lib/gcc/nios2-elf/4.1.2/../../../../nios2-elf/lib/libc.a(lib_a-stdio.o)
                0x00807280                __sclose
                0x00807288                __sseek
                0x008072f0                __swrite
                0x0080736c                __sread
 .text          0x008073cc       0xbc /OPT/altera/12.1/nios2eds/bin/gnu/H-i686-pc-linux-gnu/bin/../lib/gcc/nios2-elf/4.1.2/../../../../nios2-elf/lib/libc.a(lib_a-strcmp.o)
                0x008073cc                strcmp
 .text          0x00807488       0x78 /OPT/altera/12.1/nios2eds/bin/gnu/H-i686-pc-linux-gnu/bin/../lib/gcc/nios2-elf/4.1.2/../../../../nios2-elf/lib/libc.a(lib_a-writer.o)
                0x00807488                _write_r
 .text          0x00807500       0xb4 /OPT/altera/12.1/nios2eds/bin/gnu/H-i686-pc-linux-gnu/bin/../lib/gcc/nios2-elf/4.1.2/../../../../nios2-elf/lib/libc.a(lib_a-callocr.o)
                0x00807500                _calloc_r
 .text          0x008075b4       0x70 /OPT/altera/12.1/nios2eds/bin/gnu/H-i686-pc-linux-gnu/bin/../lib/gcc/nios2-elf/4.1.2/../../../../nios2-elf/lib/libc.a(lib_a-closer.o)
                0x008075b4                _close_r
 .text          0x00807624      0x124 /OPT/altera/12.1/nios2eds/bin/gnu/H-i686-pc-linux-gnu/bin/../lib/gcc/nios2-elf/4.1.2/../../../../nios2-elf/lib/libc.a(lib_a-fclose.o)
                0x00807624                _fclose_r
                0x00807734                fclose
 .text          0x00807748       0x74 /OPT/altera/12.1/nios2eds/bin/gnu/H-i686-pc-linux-gnu/bin/../lib/gcc/nios2-elf/4.1.2/../../../../nios2-elf/lib/libc.a(lib_a-fstatr.o)
                0x00807748                _fstat_r
 .text          0x008077bc       0x70 /OPT/altera/12.1/nios2eds/bin/gnu/H-i686-pc-linux-gnu/bin/../lib/gcc/nios2-elf/4.1.2/../../../../nios2-elf/lib/libc.a(lib_a-isattyr.o)
                0x008077bc                _isatty_r
 .text          0x0080782c       0x78 /OPT/altera/12.1/nios2eds/bin/gnu/H-i686-pc-linux-gnu/bin/../lib/gcc/nios2-elf/4.1.2/../../../../nios2-elf/lib/libc.a(lib_a-lseekr.o)
                0x0080782c                _lseek_r
 .text          0x008078a4       0x78 /OPT/altera/12.1/nios2eds/bin/gnu/H-i686-pc-linux-gnu/bin/../lib/gcc/nios2-elf/4.1.2/../../../../nios2-elf/lib/libc.a(lib_a-readr.o)
                0x008078a4                _read_r
 .text          0x0080791c      0x5dc /OPT/altera/12.1/nios2eds/bin/gnu/H-i686-pc-linux-gnu/bin/../lib/gcc/nios2-elf/4.1.2/libgcc.a(_udivdi3.o)
                0x0080791c                __udivdi3
 .text          0x00807ef8      0x5b0 /OPT/altera/12.1/nios2eds/bin/gnu/H-i686-pc-linux-gnu/bin/../lib/gcc/nios2-elf/4.1.2/libgcc.a(_umoddi3.o)
                0x00807ef8                __umoddi3
 .text          0x008084a8      0x504 /OPT/altera/12.1/nios2eds/bin/gnu/H-i686-pc-linux-gnu/bin/../lib/gcc/nios2-elf/4.1.2/libgcc.a(_addsub_df.o)
                0x008088b8                __subdf3
                0x00808938                __adddf3
 .text          0x008089ac      0x3c4 /OPT/altera/12.1/nios2eds/bin/gnu/H-i686-pc-linux-gnu/bin/../lib/gcc/nios2-elf/4.1.2/libgcc.a(_mul_df.o)
                0x008089ac                __muldf3
 .text          0x00808d70      0x258 /OPT/altera/12.1/nios2eds/bin/gnu/H-i686-pc-linux-gnu/bin/../lib/gcc/nios2-elf/4.1.2/libgcc.a(_div_df.o)
                0x00808d70                __divdf3
 .text          0x00808fc8       0x88 /OPT/altera/12.1/nios2eds/bin/gnu/H-i686-pc-linux-gnu/bin/../lib/gcc/nios2-elf/4.1.2/libgcc.a(_eq_df.o)
                0x00808fc8                __eqdf2
 .text          0x00809050       0x88 /OPT/altera/12.1/nios2eds/bin/gnu/H-i686-pc-linux-gnu/bin/../lib/gcc/nios2-elf/4.1.2/libgcc.a(_ne_df.o)
                0x00809050                __nedf2
 .text          0x008090d8       0x88 /OPT/altera/12.1/nios2eds/bin/gnu/H-i686-pc-linux-gnu/bin/../lib/gcc/nios2-elf/4.1.2/libgcc.a(_gt_df.o)
                0x008090d8                __gtdf2
 .text          0x00809160       0x88 /OPT/altera/12.1/nios2eds/bin/gnu/H-i686-pc-linux-gnu/bin/../lib/gcc/nios2-elf/4.1.2/libgcc.a(_ge_df.o)
                0x00809160                __gedf2
 .text          0x008091e8       0x88 /OPT/altera/12.1/nios2eds/bin/gnu/H-i686-pc-linux-gnu/bin/../lib/gcc/nios2-elf/4.1.2/libgcc.a(_lt_df.o)
                0x008091e8                __ltdf2
 .text          0x00809270       0xf8 /OPT/altera/12.1/nios2eds/bin/gnu/H-i686-pc-linux-gnu/bin/../lib/gcc/nios2-elf/4.1.2/libgcc.a(_si_to_df.o)
                0x00809270                __floatsidf
 .text          0x00809368       0xd8 /OPT/altera/12.1/nios2eds/bin/gnu/H-i686-pc-linux-gnu/bin/../lib/gcc/nios2-elf/4.1.2/libgcc.a(_df_to_si.o)
                0x00809368                __fixdfsi
 .text          0x00809440        0x0 /OPT/altera/12.1/nios2eds/bin/gnu/H-i686-pc-linux-gnu/bin/../lib/gcc/nios2-elf/4.1.2/libgcc.a(_thenan_df.o)
 .text          0x00809440      0x194 /OPT/altera/12.1/nios2eds/bin/gnu/H-i686-pc-linux-gnu/bin/../lib/gcc/nios2-elf/4.1.2/libgcc.a(_usi_to_df.o)
                0x00809440                __floatunsidf
 .text          0x008095d4      0x14c /OPT/altera/12.1/nios2eds/bin/gnu/H-i686-pc-linux-gnu/bin/../lib/gcc/nios2-elf/4.1.2/libgcc.a(lib2-divmod.o)
                0x00809650                __divsi3
                0x008096b0                __modsi3
                0x00809710                __udivsi3
                0x00809718                __umodsi3
 .text          0x00809720       0x98 /OPT/altera/12.1/nios2eds/bin/gnu/H-i686-pc-linux-gnu/bin/../lib/gcc/nios2-elf/4.1.2/libgcc.a(_muldi3.o)
                0x00809720                __muldi3
 .text          0x008097b8        0x0 /OPT/altera/12.1/nios2eds/bin/gnu/H-i686-pc-linux-gnu/bin/../lib/gcc/nios2-elf/4.1.2/libgcc.a(_clz.o)
 .text          0x008097b8       0x80 /OPT/altera/12.1/nios2eds/bin/gnu/H-i686-pc-linux-gnu/bin/../lib/gcc/nios2-elf/4.1.2/libgcc.a(_clzsi2.o)
                0x008097b8                __clzsi2
 .text          0x00809838      0x314 /OPT/altera/12.1/nios2eds/bin/gnu/H-i686-pc-linux-gnu/bin/../lib/gcc/nios2-elf/4.1.2/libgcc.a(_pack_df.o)
                0x00809838                __pack_d
 .text          0x00809b4c      0x138 /OPT/altera/12.1/nios2eds/bin/gnu/H-i686-pc-linux-gnu/bin/../lib/gcc/nios2-elf/4.1.2/libgcc.a(_unpack_df.o)
                0x00809b4c                __unpack_d
 .text          0x00809c84       0xc8 /OPT/altera/12.1/nios2eds/bin/gnu/H-i686-pc-linux-gnu/bin/../lib/gcc/nios2-elf/4.1.2/libgcc.a(_fpcmp_parts_df.o)
                0x00809c84                __fpcmp_parts_d
 .text          0x00809d4c      0x15c ../vga_bsp//libucosii_bsp.a(alt_close.o)
                0x00809d4c                close
 .text          0x00809ea8       0x2c ../vga_bsp//libucosii_bsp.a(alt_dev.o)
 .text          0x00809ed4        0x0 ../vga_bsp//libucosii_bsp.a(alt_errno.o)
 .text          0x00809ed4      0x134 ../vga_bsp//libucosii_bsp.a(alt_fstat.o)
                0x00809ed4                fstat
 .text          0x0080a008      0x120 ../vga_bsp//libucosii_bsp.a(alt_isatty.o)
                0x0080a008                isatty
 .text          0x0080a128       0xec ../vga_bsp//libucosii_bsp.a(alt_load.o)
                0x0080a128                alt_load
 .text          0x0080a214      0x150 ../vga_bsp//libucosii_bsp.a(alt_lseek.o)
                0x0080a214                lseek
 .text          0x0080a364       0xc8 ../vga_bsp//libucosii_bsp.a(alt_main.o)
                0x0080a364                alt_main
 .text          0x0080a42c      0x180 ../vga_bsp//libucosii_bsp.a(alt_read.o)
                0x0080a42c                read
 .text          0x0080a5ac       0x60 ../vga_bsp//libucosii_bsp.a(alt_release_fd.o)
                0x0080a5ac                alt_release_fd
 .text          0x0080a60c       0xbc ../vga_bsp//libucosii_bsp.a(alt_sbrk.o)
                0x0080a60c                sbrk
 .text          0x0080a6c8      0x180 ../vga_bsp//libucosii_bsp.a(alt_write.o)
                0x0080a6c8                write
 .text          0x0080a848      0x108 ../vga_bsp//libucosii_bsp.a(alt_env_lock.o)
                0x0080a848                __env_lock
                0x0080a8f4                __env_unlock
 .text          0x0080a950      0x1d8 ../vga_bsp//libucosii_bsp.a(alt_malloc_lock.o)
                0x0080a950                __malloc_lock
                0x0080aa58                __malloc_unlock
 .text          0x0080ab28     0x2128 ../vga_bsp//libucosii_bsp.a(os_core.o)
                0x0080ab28                OSEventNameGet
                0x0080ac58                OSEventNameSet
                0x0080ad9c                OSEventPendMulti
                0x0080b450                OSInit
                0x0080b4a4                OSIntEnter
                0x0080b520                OSIntExit
                0x0080b620                OSSchedLock
                0x0080b6ac                OSSchedUnlock
                0x0080b790                OSStart
                0x0080b800                OSStatInit
                0x0080b8ac                OSTimeTick
                0x0080baec                OSVersion
                0x0080bb0c                OS_Dummy
                0x0080bb28                OS_EventTaskRdy
                0x0080bcbc                OS_EventTaskWait
                0x0080bdcc                OS_EventTaskWaitMulti
                0x0080bf20                OS_EventTaskRemove
                0x0080bfd8                OS_EventTaskRemoveMulti
                0x0080c0dc                OS_EventWaitListInit
                0x0080c4a8                OS_MemClr
                0x0080c4fc                OS_MemCopy
                0x0080c568                OS_Sched
                0x0080c6ac                OS_StrCopy
                0x0080c72c                OS_StrLen
                0x0080c784                OS_TaskIdle
                0x0080c7e0                OS_TaskStat
                0x0080c8a8                OS_TaskStatStkChk
                0x0080c970                OS_TCBInit
 .text          0x0080cc50      0x18c ../vga_bsp//libucosii_bsp.a(os_dbg.o)
                0x0080cc50                OSDebugInit
 .text          0x0080cddc     0x193c ../vga_bsp//libucosii_bsp.a(os_flag.o)
                0x0080cddc                OSFlagAccept
                0x0080d110                OSFlagCreate
                0x0080d24c                OSFlagDel
                0x0080d4f4                OSFlagNameGet
                0x0080d638                OSFlagNameSet
                0x0080d78c                OSFlagPend
                0x0080ddd0                OSFlagPendGetFlagsRdy
                0x0080de38                OSFlagPost
                0x0080e1e0                OSFlagQuery
                0x0080e478                OS_FlagInit
                0x0080e66c                OS_FlagUnlink
 .text          0x0080e718      0x808 ../vga_bsp//libucosii_bsp.a(os_mem.o)
                0x0080e718                OSMemCreate
                0x0080e934                OSMemGet
                0x0080ea38                OSMemNameGet
                0x0080eb44                OSMemNameSet
                0x0080ec64                OSMemPut
                0x0080ed54                OSMemQuery
                0x0080ee50                OS_MemInit
 .text          0x0080ef20     0x1334 ../vga_bsp//libucosii_bsp.a(os_q.o)
                0x0080ef20                OSQAccept
                0x0080f074                OSQCreate
                0x0080f288                OSQDel
                0x0080f588                OSQFlush
                0x0080f650                OSQPend
                0x0080f970                OSQPendAbort
                0x0080faec                OSQPost
                0x0080fc6c                OSQPostFront
                0x0080fdf4                OSQPostOpt
                0x00810028                OSQQuery
                0x008101a8                OS_QInit
 .text          0x00810254      0xbc8 ../vga_bsp//libucosii_bsp.a(os_sem.o)
                0x00810254                OSSemAccept
                0x00810314                OSSemCreate
                0x00810428                OSSemDel
                0x008106c8                OSSemPend
                0x00810944                OSSemPendAbort
                0x00810ac0                OSSemPost
                0x00810be8                OSSemQuery
                0x00810d18                OSSemSet
 .text          0x00810e1c     0x1a40 ../vga_bsp//libucosii_bsp.a(os_task.o)
                0x00810e1c                OSTaskChangePrio
                0x00811390                OSTaskCreate
                0x00811564                OSTaskCreateExt
                0x00811764                OSTaskDel
                0x00811b70                OSTaskDelReq
                0x00811ce0                OSTaskNameGet
                0x00811e98                OSTaskNameSet
                0x0081205c                OSTaskResume
                0x00812274                OSTaskStkChk
                0x00812470                OSTaskSuspend
                0x0081269c                OSTaskQuery
                0x008127e0                OS_TaskStkClr
 .text          0x0081285c      0x598 ../vga_bsp//libucosii_bsp.a(os_time.o)
                0x0081285c                OSTimeDly
                0x008129a8                OSTimeDlyHMSM
                0x00812b1c                OSTimeDlyResume
                0x00812d2c                OSTimeGet
                0x00812d90                OSTimeSet
 .text          0x00812df4      0x2e4 ../vga_bsp//libucosii_bsp.a(alt_sys_init.o)
                0x00812df4                alt_irq_init
                0x00812e28                alt_sys_init
 .text          0x008130d8      0x148 ../vga_bsp//libucosii_bsp.a(altera_avalon_jtag_uart_fd.o)
                0x008130d8                altera_avalon_jtag_uart_read_fd
                0x00813130                altera_avalon_jtag_uart_write_fd
                0x00813188                altera_avalon_jtag_uart_close_fd
                0x008131d0                altera_avalon_jtag_uart_ioctl_fd
 .text          0x00813220      0x584 ../vga_bsp//libucosii_bsp.a(altera_avalon_jtag_uart_init.o)
                0x00813220                altera_avalon_jtag_uart_init
                0x00813730                altera_avalon_jtag_uart_close
 .text          0x008137a4       0xf4 ../vga_bsp//libucosii_bsp.a(altera_avalon_jtag_uart_ioctl.o)
                0x008137a4                altera_avalon_jtag_uart_ioctl
 .text          0x00813898      0x2c0 ../vga_bsp//libucosii_bsp.a(altera_avalon_jtag_uart_read.o)
                0x00813898                altera_avalon_jtag_uart_read
 .text          0x00813b58      0x2dc ../vga_bsp//libucosii_bsp.a(altera_avalon_jtag_uart_write.o)
                0x00813b58                altera_avalon_jtag_uart_write
 .text          0x00813e34      0x100 ../vga_bsp//libucosii_bsp.a(altera_avalon_timer_sc.o)
                0x00813ea4                alt_avalon_timer_sc_init
 .text          0x00813f34      0x530 ../vga_bsp//libucosii_bsp.a(altera_up_avalon_character_lcd.o)
                0x00813f34                get_DDRAM_addr
                0x00813fb0                alt_up_character_lcd_send_cmd
                0x00813fe4                alt_up_character_lcd_init
                0x00814018                alt_up_character_lcd_open_dev
                0x00814058                alt_up_character_lcd_write
                0x008140d0                alt_up_character_lcd_string
                0x00814148                alt_up_character_lcd_write_fd
                0x00814194                alt_up_character_lcd_set_cursor_pos
                0x0081420c                alt_up_character_lcd_shift_cursor
                0x008142bc                alt_up_character_lcd_shift_display
                0x0081436c                alt_up_character_lcd_erase_pos
                0x008143fc                alt_up_character_lcd_cursor_off
                0x00814430                alt_up_character_lcd_cursor_blink_on
 .text          0x00814464     0x156c ../vga_bsp//libucosii_bsp.a(altera_up_avalon_video_pixel_buffer_dma.o)
                0x00814464                alt_up_pixel_buffer_dma_open_dev
                0x008144a4                alt_up_pixel_buffer_dma_draw
                0x00814644                alt_up_pixel_buffer_dma_change_back_buffer_address
                0x0081469c                alt_up_pixel_buffer_dma_swap_buffers
                0x008146f4                alt_up_pixel_buffer_dma_check_swap_buffers_status
                0x00814728                alt_up_pixel_buffer_dma_clear_screen
                0x0081488c                alt_up_pixel_buffer_dma_draw_box
                0x00814d80                alt_up_pixel_buffer_dma_draw_hline
                0x008150d0                alt_up_pixel_buffer_dma_draw_vline
                0x008154a0                alt_up_pixel_buffer_dma_draw_rectangle
                0x00815564                helper_plot_pixel
                0x00815634                alt_up_pixel_buffer_dma_draw_line
 .text          0x008159d0     0x4428 ../vga_bsp//libucosii_bsp.a(altera_up_sd_card_avalon_interface.o)
                0x008159d0                Write_Sector_Data
                0x00815a98                Save_Modified_Sector
                0x00815ae8                Read_Sector_Data
                0x00815be4                get_cluster_flag
                0x00815c9c                mark_cluster
                0x00815d80                Check_for_Master_Boot_Record
                0x00815f30                Read_File_Record_At_Offset
                0x008161b4                Write_File_Record_At_Offset
                0x0081646c                Check_for_DOS_FAT
                0x00816ab4                Look_for_FAT16
                0x00816bac                filename_to_upper_case
                0x00816c7c                check_file_name_for_FAT16_compliance
                0x00816f0c                get_dir_divider_location
                0x00816fcc                match_file_record_to_name_ext
                0x008172b8                get_home_directory_cluster_for_file
                0x008177cc                find_file_in_directory
                0x00817c30                find_first_empty_cluster
                0x00817dd4                find_first_empty_record_in_a_subdirectory
                0x00818020                find_first_empty_record_in_root_directory
                0x0081814c                convert_filename_to_name_extension
                0x00818304                create_file
                0x008185d8                copy_file_record_name_to_string
                0x0081872c                alt_up_sd_card_open_dev
                0x008187f0                alt_up_sd_card_is_Present
                0x008188b8                alt_up_sd_card_is_FAT16
                0x0081892c                alt_up_sd_card_find_first
                0x00818a00                alt_up_sd_card_find_next
                0x00818db0                alt_up_sd_card_fopen
                0x00819158                alt_up_sd_card_set_attributes
                0x008191e8                alt_up_sd_card_get_attributes
                0x00819274                alt_up_sd_card_read
                0x00819608                alt_up_sd_card_write
                0x00819c2c                alt_up_sd_card_fclose
 .text          0x00819df8      0x154 ../vga_bsp//libucosii_bsp.a(alt_alarm_start.o)
                0x00819df8                alt_alarm_start
 .text          0x00819f4c       0x44 ../vga_bsp//libucosii_bsp.a(alt_dcache_flush_all.o)
                0x00819f4c                alt_dcache_flush_all
 .text          0x00819f90      0x114 ../vga_bsp//libucosii_bsp.a(alt_dev_llist_insert.o)
                0x00819f90                alt_dev_llist_insert
 .text          0x0081a0a4       0x64 ../vga_bsp//libucosii_bsp.a(alt_do_ctors.o)
                0x0081a0a4                _do_ctors
 .text          0x0081a108       0x64 ../vga_bsp//libucosii_bsp.a(alt_do_dtors.o)
                0x0081a108                _do_dtors
 .text          0x0081a16c       0x94 ../vga_bsp//libucosii_bsp.a(alt_find_dev.o)
                0x0081a16c                alt_find_dev
 .text          0x0081a200       0x30 ../vga_bsp//libucosii_bsp.a(alt_icache_flush_all.o)
                0x0081a200                alt_icache_flush_all
 .text          0x0081a230      0x1d4 ../vga_bsp//libucosii_bsp.a(alt_iic.o)
                0x0081a230                alt_ic_isr_register
                0x0081a280                alt_ic_irq_enable
                0x0081a31c                alt_ic_irq_disable
                0x0081a3bc                alt_ic_irq_enabled
 .text          0x0081a404       0xf8 ../vga_bsp//libucosii_bsp.a(alt_iic_isr_register.o)
                0x0081a404                alt_iic_isr_register
 .text          0x0081a4fc      0x13c ../vga_bsp//libucosii_bsp.a(alt_io_redirect.o)
                0x0081a5c0                alt_io_redirect
 .text          0x0081a638        0x0 ../vga_bsp//libucosii_bsp.a(alt_irq_entry.o)
 .text          0x0081a638        0x0 ../vga_bsp//libucosii_bsp.a(alt_irq_handler.o)
 .text          0x0081a638        0x0 ../vga_bsp//libucosii_bsp.a(alt_irq_vars.o)
 .text          0x0081a638      0x2c4 ../vga_bsp//libucosii_bsp.a(alt_open.o)
                0x0081a714                open
 .text          0x0081a8fc      0x1a8 ../vga_bsp//libucosii_bsp.a(alt_tick.o)
                0x0081a8fc                alt_alarm_stop
                0x0081a994                alt_tick
 .text          0x0081aaa4       0x20 ../vga_bsp//libucosii_bsp.a(altera_nios2_qsys_irq.o)
                0x0081aaa4                altera_nios2_qsys_irq_init
 .text          0x0081aac4       0xd0 ../vga_bsp//libucosii_bsp.a(os_cpu_a.o)
                0x0081aac4                OSCtxSw
                0x0081aac4                OSIntCtxSw
                0x0081ab50                OSStartHighRdy
                0x0081ab70                OSStartTsk
 .text          0x0081ab94      0x418 ../vga_bsp//libucosii_bsp.a(os_cpu_c.o)
                0x0081ab94                OSTaskStkInit
                0x0081aea4                OSTaskCreateHook
                0x0081aec4                OSTaskDelHook
                0x0081aee4                OSTaskSwHook
                0x0081af00                OSTaskStatHook
                0x0081af1c                OSTimeTickHook
                0x0081af38                OSInitHookBegin
                0x0081af54                OSInitHookEnd
                0x0081af70                OSTaskIdleHook
                0x0081af8c                OSTCBInitHook
 .text          0x0081afac        0x0 ../vga_bsp//libucosii_bsp.a(alt_exception_entry.o)
 .text          0x0081afac      0x120 ../vga_bsp//libucosii_bsp.a(alt_find_file.o)
                0x0081afac                alt_find_file
 .text          0x0081b0cc       0xf4 ../vga_bsp//libucosii_bsp.a(alt_get_fd.o)
                0x0081b0cc                alt_get_fd
 .text          0x0081b1c0       0x90 ../vga_bsp//libucosii_bsp.a(alt_icache_flush.o)
                0x0081b1c0                alt_icache_flush
 .text          0x0081b250       0x14 /OPT/altera/12.1/nios2eds/bin/gnu/H-i686-pc-linux-gnu/bin/../lib/gcc/nios2-elf/4.1.2/../../../../nios2-elf/lib/libc.a(lib_a-atexit.o)
                0x0081b250                atexit
 .text          0x0081b264       0x38 /OPT/altera/12.1/nios2eds/bin/gnu/H-i686-pc-linux-gnu/bin/../lib/gcc/nios2-elf/4.1.2/../../../../nios2-elf/lib/libc.a(lib_a-exit.o)
                0x0081b264                exit
 .text          0x0081b29c       0x74 /OPT/altera/12.1/nios2eds/bin/gnu/H-i686-pc-linux-gnu/bin/../lib/gcc/nios2-elf/4.1.2/../../../../nios2-elf/lib/libc.a(lib_a-memcmp.o)
                0x0081b29c                memcmp
 .text          0x0081b310      0x134 /OPT/altera/12.1/nios2eds/bin/gnu/H-i686-pc-linux-gnu/bin/../lib/gcc/nios2-elf/4.1.2/../../../../nios2-elf/lib/libc.a(lib_a-__atexit.o)
                0x0081b310                __register_exitproc
 .text          0x0081b444      0x1b4 /OPT/altera/12.1/nios2eds/bin/gnu/H-i686-pc-linux-gnu/bin/../lib/gcc/nios2-elf/4.1.2/../../../../nios2-elf/lib/libc.a(lib_a-__call_atexit.o)
                0x0081b448                __call_exitprocs
 .text          0x0081b5f8       0x6c ../vga_bsp//libucosii_bsp.a(alt_exit.o)
                0x0081b638                _exit
 *(.gnu.warning.*)
 *(.fini)
                0x0081b664                PROVIDE (__etext, ABSOLUTE (.))
                0x0081b664                PROVIDE (_etext, ABSOLUTE (.))
                0x0081b664                PROVIDE (etext, ABSOLUTE (.))
 *(.eh_frame_hdr)
                0x0081b664                . = ALIGN (0x4)
                0x0081b664                PROVIDE (__preinit_array_start, ABSOLUTE (.))
 *(.preinit_array)
                0x0081b664                PROVIDE (__preinit_array_end, ABSOLUTE (.))
                0x0081b664                PROVIDE (__init_array_start, ABSOLUTE (.))
 *(.init_array)
                0x0081b664                PROVIDE (__init_array_end, ABSOLUTE (.))
                0x0081b664                PROVIDE (__fini_array_start, ABSOLUTE (.))
 *(.fini_array)
                0x0081b664                PROVIDE (__fini_array_end, ABSOLUTE (.))
 *(.eh_frame)
 *(.gcc_except_table)
 *(.dynamic)
                0x0081b664                PROVIDE (__CTOR_LIST__, ABSOLUTE (.))
 *(.ctors)
 *(SORT(.ctors.*))
 .ctors.65535   0x0081b664        0x4 /OPT/altera/12.1/nios2eds/bin/gnu/H-i686-pc-linux-gnu/bin/../lib/gcc/nios2-elf/4.1.2/../../../../nios2-elf/lib/libc.a(lib_a-__call_atexit.o)
                0x0081b668                PROVIDE (__CTOR_END__, ABSOLUTE (.))
                0x0081b668                PROVIDE (__DTOR_LIST__, ABSOLUTE (.))
 *(.dtors)
 *(SORT(.dtors.*))
                0x0081b668                PROVIDE (__DTOR_END__, ABSOLUTE (.))
 *(.jcr)
                0x0081b668                . = ALIGN (0x4)

.rodata         0x0081b668      0x5e4
                0x0081b668                PROVIDE (__ram_rodata_start, ABSOLUTE (.))
                0x0081b668                . = ALIGN (0x4)
 *(.rodata .rodata.* .gnu.linkonce.r.*)
 .rodata        0x0081b668      0x118 obj/default/hello_ucosii.o
 .rodata.str1.4
                0x0081b780        0x2 /OPT/altera/12.1/nios2eds/bin/gnu/H-i686-pc-linux-gnu/bin/../lib/gcc/nios2-elf/4.1.2/../../../../nios2-elf/lib/libc.a(lib_a-puts.o)
                                  0x4 (size before relaxing)
 *fill*         0x0081b782        0x2 00
 .rodata.str1.4
                0x0081b784       0x5e /OPT/altera/12.1/nios2eds/bin/gnu/H-i686-pc-linux-gnu/bin/../lib/gcc/nios2-elf/4.1.2/../../../../nios2-elf/lib/libc.a(lib_a-vfprintf.o)
                                 0x60 (size before relaxing)
 .rodata        0x0081b7e2       0x20 /OPT/altera/12.1/nios2eds/bin/gnu/H-i686-pc-linux-gnu/bin/../lib/gcc/nios2-elf/4.1.2/../../../../nios2-elf/lib/libc.a(lib_a-vfprintf.o)
 *fill*         0x0081b802        0x2 00
 .rodata.str1.4
                0x0081b804       0x10 /OPT/altera/12.1/nios2eds/bin/gnu/H-i686-pc-linux-gnu/bin/../lib/gcc/nios2-elf/4.1.2/../../../../nios2-elf/lib/libc.a(lib_a-dtoa.o)
                                 0x14 (size before relaxing)
 .rodata.str1.4
                0x0081b814        0x2 /OPT/altera/12.1/nios2eds/bin/gnu/H-i686-pc-linux-gnu/bin/../lib/gcc/nios2-elf/4.1.2/../../../../nios2-elf/lib/libc.a(lib_a-impure.o)
                                  0x4 (size before relaxing)
 *fill*         0x0081b816        0x2 00
 .rodata.str1.4
                0x0081b818       0x10 /OPT/altera/12.1/nios2eds/bin/gnu/H-i686-pc-linux-gnu/bin/../lib/gcc/nios2-elf/4.1.2/../../../../nios2-elf/lib/libc.a(lib_a-locale.o)
                                 0x18 (size before relaxing)
 .rodata        0x0081b828       0x30 /OPT/altera/12.1/nios2eds/bin/gnu/H-i686-pc-linux-gnu/bin/../lib/gcc/nios2-elf/4.1.2/../../../../nios2-elf/lib/libc.a(lib_a-locale.o)
 .rodata        0x0081b858      0x124 /OPT/altera/12.1/nios2eds/bin/gnu/H-i686-pc-linux-gnu/bin/../lib/gcc/nios2-elf/4.1.2/../../../../nios2-elf/lib/libc.a(lib_a-mprec.o)
                0x0081b858                __mprec_tens
                0x0081b920                __mprec_bigtens
                0x0081b948                __mprec_tinytens
 .rodata        0x0081b97c       0x14 /OPT/altera/12.1/nios2eds/bin/gnu/H-i686-pc-linux-gnu/bin/../lib/gcc/nios2-elf/4.1.2/libgcc.a(_thenan_df.o)
                0x0081b97c                __thenan_df
 .rodata        0x0081b990      0x100 /OPT/altera/12.1/nios2eds/bin/gnu/H-i686-pc-linux-gnu/bin/../lib/gcc/nios2-elf/4.1.2/libgcc.a(_clz.o)
                0x0081b990                __clz_tab
 .rodata        0x0081ba90        0xc ../vga_bsp//libucosii_bsp.a(alt_dev.o)
 .rodata        0x0081ba9c       0x14 ../vga_bsp//libucosii_bsp.a(alt_main.o)
 .rodata        0x0081bab0      0x120 ../vga_bsp//libucosii_bsp.a(os_core.o)
                0x0081bab0                OSUnMapTbl
 .rodata        0x0081bbd0       0x78 ../vga_bsp//libucosii_bsp.a(alt_sys_init.o)
 .rodata        0x0081bc48        0x4 ../vga_bsp//libucosii_bsp.a(os_cpu_c.o)
 *(.rodata1)
                0x0081bc4c                . = ALIGN (0x4)
                0x0081bc4c                PROVIDE (__ram_rodata_end, ABSOLUTE (.))
                0x0081b668                PROVIDE (__flash_rodata_start, LOADADDR (.rodata))

.rwdata         0x0081bc4c     0x1b90 load address 0x0081d7dc
                0x0081bc4c                PROVIDE (__ram_rwdata_start, ABSOLUTE (.))
                0x0081bc4c                . = ALIGN (0x4)
 *(.got.plt)
 *(.got)
 *(.data1)
 *(.data .data.* .gnu.linkonce.d.*)
 .data          0x0081bc4c        0x0 ../vga_bsp//obj/HAL/src/crt0.o
 .data          0x0081bc4c        0x0 obj/default/hello_ucosii.o
 .data          0x0081bc4c        0x0 /OPT/altera/12.1/nios2eds/bin/gnu/H-i686-pc-linux-gnu/bin/../lib/gcc/nios2-elf/4.1.2/../../../../nios2-elf/lib/libc.a(lib_a-malloc.o)
 .data          0x0081bc4c      0x408 /OPT/altera/12.1/nios2eds/bin/gnu/H-i686-pc-linux-gnu/bin/../lib/gcc/nios2-elf/4.1.2/../../../../nios2-elf/lib/libc.a(lib_a-mallocr.o)
                0x0081bc4c                __malloc_av_
 .data          0x0081c054        0x0 /OPT/altera/12.1/nios2eds/bin/gnu/H-i686-pc-linux-gnu/bin/../lib/gcc/nios2-elf/4.1.2/../../../../nios2-elf/lib/libc.a(lib_a-printf.o)
 .data          0x0081c054        0x0 /OPT/altera/12.1/nios2eds/bin/gnu/H-i686-pc-linux-gnu/bin/../lib/gcc/nios2-elf/4.1.2/../../../../nios2-elf/lib/libc.a(lib_a-puts.o)
 .data          0x0081c054        0x0 /OPT/altera/12.1/nios2eds/bin/gnu/H-i686-pc-linux-gnu/bin/../lib/gcc/nios2-elf/4.1.2/../../../../nios2-elf/lib/libc.a(lib_a-sbrkr.o)
 .data          0x0081c054        0x0 /OPT/altera/12.1/nios2eds/bin/gnu/H-i686-pc-linux-gnu/bin/../lib/gcc/nios2-elf/4.1.2/../../../../nios2-elf/lib/libc.a(lib_a-strlen.o)
 .data          0x0081c054        0x0 /OPT/altera/12.1/nios2eds/bin/gnu/H-i686-pc-linux-gnu/bin/../lib/gcc/nios2-elf/4.1.2/../../../../nios2-elf/lib/libc.a(lib_a-vfprintf.o)
 .data          0x0081c054        0x0 /OPT/altera/12.1/nios2eds/bin/gnu/H-i686-pc-linux-gnu/bin/../lib/gcc/nios2-elf/4.1.2/../../../../nios2-elf/lib/libc.a(lib_a-wsetup.o)
 .data          0x0081c054        0x0 /OPT/altera/12.1/nios2eds/bin/gnu/H-i686-pc-linux-gnu/bin/../lib/gcc/nios2-elf/4.1.2/../../../../nios2-elf/lib/libc.a(lib_a-dtoa.o)
 .data          0x0081c054        0x0 /OPT/altera/12.1/nios2eds/bin/gnu/H-i686-pc-linux-gnu/bin/../lib/gcc/nios2-elf/4.1.2/../../../../nios2-elf/lib/libc.a(lib_a-fflush.o)
 .data          0x0081c054        0x0 /OPT/altera/12.1/nios2eds/bin/gnu/H-i686-pc-linux-gnu/bin/../lib/gcc/nios2-elf/4.1.2/../../../../nios2-elf/lib/libc.a(lib_a-findfp.o)
 .data          0x0081c054        0x0 /OPT/altera/12.1/nios2eds/bin/gnu/H-i686-pc-linux-gnu/bin/../lib/gcc/nios2-elf/4.1.2/../../../../nios2-elf/lib/libc.a(lib_a-freer.o)
 .data          0x0081c054        0x0 /OPT/altera/12.1/nios2eds/bin/gnu/H-i686-pc-linux-gnu/bin/../lib/gcc/nios2-elf/4.1.2/../../../../nios2-elf/lib/libc.a(lib_a-fvwrite.o)
 .data          0x0081c054        0x0 /OPT/altera/12.1/nios2eds/bin/gnu/H-i686-pc-linux-gnu/bin/../lib/gcc/nios2-elf/4.1.2/../../../../nios2-elf/lib/libc.a(lib_a-fwalk.o)
 .data          0x0081c054      0x400 /OPT/altera/12.1/nios2eds/bin/gnu/H-i686-pc-linux-gnu/bin/../lib/gcc/nios2-elf/4.1.2/../../../../nios2-elf/lib/libc.a(lib_a-impure.o)
 .data          0x0081c454        0x0 /OPT/altera/12.1/nios2eds/bin/gnu/H-i686-pc-linux-gnu/bin/../lib/gcc/nios2-elf/4.1.2/../../../../nios2-elf/lib/libc.a(lib_a-int_errno.o)
 .data          0x0081c454        0xc /OPT/altera/12.1/nios2eds/bin/gnu/H-i686-pc-linux-gnu/bin/../lib/gcc/nios2-elf/4.1.2/../../../../nios2-elf/lib/libc.a(lib_a-locale.o)
                0x0081c454                __lc_ctype
 .data          0x0081c460        0x0 /OPT/altera/12.1/nios2eds/bin/gnu/H-i686-pc-linux-gnu/bin/../lib/gcc/nios2-elf/4.1.2/../../../../nios2-elf/lib/libc.a(lib_a-makebuf.o)
 .data          0x0081c460        0x0 /OPT/altera/12.1/nios2eds/bin/gnu/H-i686-pc-linux-gnu/bin/../lib/gcc/nios2-elf/4.1.2/../../../../nios2-elf/lib/libc.a(lib_a-memchr.o)
 .data          0x0081c460        0x0 /OPT/altera/12.1/nios2eds/bin/gnu/H-i686-pc-linux-gnu/bin/../lib/gcc/nios2-elf/4.1.2/../../../../nios2-elf/lib/libc.a(lib_a-memcpy.o)
 .data          0x0081c460        0x0 /OPT/altera/12.1/nios2eds/bin/gnu/H-i686-pc-linux-gnu/bin/../lib/gcc/nios2-elf/4.1.2/../../../../nios2-elf/lib/libc.a(lib_a-memmove.o)
 .data          0x0081c460        0x0 /OPT/altera/12.1/nios2eds/bin/gnu/H-i686-pc-linux-gnu/bin/../lib/gcc/nios2-elf/4.1.2/../../../../nios2-elf/lib/libc.a(lib_a-memset.o)
 .data          0x0081c460        0x0 /OPT/altera/12.1/nios2eds/bin/gnu/H-i686-pc-linux-gnu/bin/../lib/gcc/nios2-elf/4.1.2/../../../../nios2-elf/lib/libc.a(lib_a-mprec.o)
 .data          0x0081c460        0x0 /OPT/altera/12.1/nios2eds/bin/gnu/H-i686-pc-linux-gnu/bin/../lib/gcc/nios2-elf/4.1.2/../../../../nios2-elf/lib/libc.a(lib_a-reallocr.o)
 .data          0x0081c460        0x0 /OPT/altera/12.1/nios2eds/bin/gnu/H-i686-pc-linux-gnu/bin/../lib/gcc/nios2-elf/4.1.2/../../../../nios2-elf/lib/libc.a(lib_a-s_isinfd.o)
 .data          0x0081c460        0x0 /OPT/altera/12.1/nios2eds/bin/gnu/H-i686-pc-linux-gnu/bin/../lib/gcc/nios2-elf/4.1.2/../../../../nios2-elf/lib/libc.a(lib_a-s_isnand.o)
 .data          0x0081c460        0x0 /OPT/altera/12.1/nios2eds/bin/gnu/H-i686-pc-linux-gnu/bin/../lib/gcc/nios2-elf/4.1.2/../../../../nios2-elf/lib/libc.a(lib_a-stdio.o)
 .data          0x0081c460        0x0 /OPT/altera/12.1/nios2eds/bin/gnu/H-i686-pc-linux-gnu/bin/../lib/gcc/nios2-elf/4.1.2/../../../../nios2-elf/lib/libc.a(lib_a-strcmp.o)
 .data          0x0081c460        0x0 /OPT/altera/12.1/nios2eds/bin/gnu/H-i686-pc-linux-gnu/bin/../lib/gcc/nios2-elf/4.1.2/../../../../nios2-elf/lib/libc.a(lib_a-writer.o)
 .data          0x0081c460        0x0 /OPT/altera/12.1/nios2eds/bin/gnu/H-i686-pc-linux-gnu/bin/../lib/gcc/nios2-elf/4.1.2/../../../../nios2-elf/lib/libc.a(lib_a-callocr.o)
 .data          0x0081c460        0x0 /OPT/altera/12.1/nios2eds/bin/gnu/H-i686-pc-linux-gnu/bin/../lib/gcc/nios2-elf/4.1.2/../../../../nios2-elf/lib/libc.a(lib_a-closer.o)
 .data          0x0081c460        0x0 /OPT/altera/12.1/nios2eds/bin/gnu/H-i686-pc-linux-gnu/bin/../lib/gcc/nios2-elf/4.1.2/../../../../nios2-elf/lib/libc.a(lib_a-fclose.o)
 .data          0x0081c460        0x0 /OPT/altera/12.1/nios2eds/bin/gnu/H-i686-pc-linux-gnu/bin/../lib/gcc/nios2-elf/4.1.2/../../../../nios2-elf/lib/libc.a(lib_a-fstatr.o)
 .data          0x0081c460        0x0 /OPT/altera/12.1/nios2eds/bin/gnu/H-i686-pc-linux-gnu/bin/../lib/gcc/nios2-elf/4.1.2/../../../../nios2-elf/lib/libc.a(lib_a-isattyr.o)
 .data          0x0081c460        0x0 /OPT/altera/12.1/nios2eds/bin/gnu/H-i686-pc-linux-gnu/bin/../lib/gcc/nios2-elf/4.1.2/../../../../nios2-elf/lib/libc.a(lib_a-lseekr.o)
 .data          0x0081c460        0x0 /OPT/altera/12.1/nios2eds/bin/gnu/H-i686-pc-linux-gnu/bin/../lib/gcc/nios2-elf/4.1.2/../../../../nios2-elf/lib/libc.a(lib_a-readr.o)
 .data          0x0081c460        0x0 /OPT/altera/12.1/nios2eds/bin/gnu/H-i686-pc-linux-gnu/bin/../lib/gcc/nios2-elf/4.1.2/libgcc.a(_udivdi3.o)
 .data          0x0081c460        0x0 /OPT/altera/12.1/nios2eds/bin/gnu/H-i686-pc-linux-gnu/bin/../lib/gcc/nios2-elf/4.1.2/libgcc.a(_umoddi3.o)
 .data          0x0081c460        0x0 /OPT/altera/12.1/nios2eds/bin/gnu/H-i686-pc-linux-gnu/bin/../lib/gcc/nios2-elf/4.1.2/libgcc.a(_addsub_df.o)
 .data          0x0081c460        0x0 /OPT/altera/12.1/nios2eds/bin/gnu/H-i686-pc-linux-gnu/bin/../lib/gcc/nios2-elf/4.1.2/libgcc.a(_mul_df.o)
 .data          0x0081c460        0x0 /OPT/altera/12.1/nios2eds/bin/gnu/H-i686-pc-linux-gnu/bin/../lib/gcc/nios2-elf/4.1.2/libgcc.a(_div_df.o)
 .data          0x0081c460        0x0 /OPT/altera/12.1/nios2eds/bin/gnu/H-i686-pc-linux-gnu/bin/../lib/gcc/nios2-elf/4.1.2/libgcc.a(_eq_df.o)
 .data          0x0081c460        0x0 /OPT/altera/12.1/nios2eds/bin/gnu/H-i686-pc-linux-gnu/bin/../lib/gcc/nios2-elf/4.1.2/libgcc.a(_ne_df.o)
 .data          0x0081c460        0x0 /OPT/altera/12.1/nios2eds/bin/gnu/H-i686-pc-linux-gnu/bin/../lib/gcc/nios2-elf/4.1.2/libgcc.a(_gt_df.o)
 .data          0x0081c460        0x0 /OPT/altera/12.1/nios2eds/bin/gnu/H-i686-pc-linux-gnu/bin/../lib/gcc/nios2-elf/4.1.2/libgcc.a(_ge_df.o)
 .data          0x0081c460        0x0 /OPT/altera/12.1/nios2eds/bin/gnu/H-i686-pc-linux-gnu/bin/../lib/gcc/nios2-elf/4.1.2/libgcc.a(_lt_df.o)
 .data          0x0081c460        0x0 /OPT/altera/12.1/nios2eds/bin/gnu/H-i686-pc-linux-gnu/bin/../lib/gcc/nios2-elf/4.1.2/libgcc.a(_si_to_df.o)
 .data          0x0081c460        0x0 /OPT/altera/12.1/nios2eds/bin/gnu/H-i686-pc-linux-gnu/bin/../lib/gcc/nios2-elf/4.1.2/libgcc.a(_df_to_si.o)
 .data          0x0081c460        0x0 /OPT/altera/12.1/nios2eds/bin/gnu/H-i686-pc-linux-gnu/bin/../lib/gcc/nios2-elf/4.1.2/libgcc.a(_thenan_df.o)
 .data          0x0081c460        0x0 /OPT/altera/12.1/nios2eds/bin/gnu/H-i686-pc-linux-gnu/bin/../lib/gcc/nios2-elf/4.1.2/libgcc.a(_usi_to_df.o)
 .data          0x0081c460        0x0 /OPT/altera/12.1/nios2eds/bin/gnu/H-i686-pc-linux-gnu/bin/../lib/gcc/nios2-elf/4.1.2/libgcc.a(lib2-divmod.o)
 .data          0x0081c460        0x0 /OPT/altera/12.1/nios2eds/bin/gnu/H-i686-pc-linux-gnu/bin/../lib/gcc/nios2-elf/4.1.2/libgcc.a(_muldi3.o)
 .data          0x0081c460        0x0 /OPT/altera/12.1/nios2eds/bin/gnu/H-i686-pc-linux-gnu/bin/../lib/gcc/nios2-elf/4.1.2/libgcc.a(_clz.o)
 .data          0x0081c460        0x0 /OPT/altera/12.1/nios2eds/bin/gnu/H-i686-pc-linux-gnu/bin/../lib/gcc/nios2-elf/4.1.2/libgcc.a(_clzsi2.o)
 .data          0x0081c460        0x0 /OPT/altera/12.1/nios2eds/bin/gnu/H-i686-pc-linux-gnu/bin/../lib/gcc/nios2-elf/4.1.2/libgcc.a(_pack_df.o)
 .data          0x0081c460        0x0 /OPT/altera/12.1/nios2eds/bin/gnu/H-i686-pc-linux-gnu/bin/../lib/gcc/nios2-elf/4.1.2/libgcc.a(_unpack_df.o)
 .data          0x0081c460        0x0 /OPT/altera/12.1/nios2eds/bin/gnu/H-i686-pc-linux-gnu/bin/../lib/gcc/nios2-elf/4.1.2/libgcc.a(_fpcmp_parts_df.o)
 .data          0x0081c460        0x0 ../vga_bsp//libucosii_bsp.a(alt_close.o)
 .data          0x0081c460      0x1a8 ../vga_bsp//libucosii_bsp.a(alt_dev.o)
                0x0081c460                alt_dev_null
                0x0081c488                alt_fd_list
 .data          0x0081c608        0x0 ../vga_bsp//libucosii_bsp.a(alt_errno.o)
 .data          0x0081c608        0x0 ../vga_bsp//libucosii_bsp.a(alt_fstat.o)
 .data          0x0081c608        0x0 ../vga_bsp//libucosii_bsp.a(alt_isatty.o)
 .data          0x0081c608        0x0 ../vga_bsp//libucosii_bsp.a(alt_load.o)
 .data          0x0081c608        0x0 ../vga_bsp//libucosii_bsp.a(alt_lseek.o)
 .data          0x0081c608        0x0 ../vga_bsp//libucosii_bsp.a(alt_main.o)
 .data          0x0081c608        0x0 ../vga_bsp//libucosii_bsp.a(alt_read.o)
 .data          0x0081c608        0x0 ../vga_bsp//libucosii_bsp.a(alt_release_fd.o)
 .data          0x0081c608        0x0 ../vga_bsp//libucosii_bsp.a(alt_sbrk.o)
 .data          0x0081c608        0x0 ../vga_bsp//libucosii_bsp.a(alt_write.o)
 .data          0x0081c608        0x0 ../vga_bsp//libucosii_bsp.a(alt_env_lock.o)
 .data          0x0081c608        0x0 ../vga_bsp//libucosii_bsp.a(alt_malloc_lock.o)
 .data          0x0081c608        0x0 ../vga_bsp//libucosii_bsp.a(os_core.o)
 .data          0x0081c608        0x0 ../vga_bsp//libucosii_bsp.a(os_dbg.o)
 .data          0x0081c608        0x0 ../vga_bsp//libucosii_bsp.a(os_flag.o)
 .data          0x0081c608        0x0 ../vga_bsp//libucosii_bsp.a(os_mem.o)
 .data          0x0081c608        0x0 ../vga_bsp//libucosii_bsp.a(os_q.o)
 .data          0x0081c608        0x0 ../vga_bsp//libucosii_bsp.a(os_sem.o)
 .data          0x0081c608        0x0 ../vga_bsp//libucosii_bsp.a(os_task.o)
 .data          0x0081c608        0x0 ../vga_bsp//libucosii_bsp.a(os_time.o)
 .data          0x0081c608     0x1118 ../vga_bsp//libucosii_bsp.a(alt_sys_init.o)
 .data          0x0081d720        0x0 ../vga_bsp//libucosii_bsp.a(altera_avalon_jtag_uart_fd.o)
 .data          0x0081d720        0x0 ../vga_bsp//libucosii_bsp.a(altera_avalon_jtag_uart_init.o)
 .data          0x0081d720        0x0 ../vga_bsp//libucosii_bsp.a(altera_avalon_jtag_uart_ioctl.o)
 .data          0x0081d720        0x0 ../vga_bsp//libucosii_bsp.a(altera_avalon_jtag_uart_read.o)
 .data          0x0081d720        0x0 ../vga_bsp//libucosii_bsp.a(altera_avalon_jtag_uart_write.o)
 .data          0x0081d720        0x0 ../vga_bsp//libucosii_bsp.a(altera_avalon_timer_sc.o)
 .data          0x0081d720        0x0 ../vga_bsp//libucosii_bsp.a(altera_up_avalon_character_lcd.o)
 .data          0x0081d720        0x0 ../vga_bsp//libucosii_bsp.a(altera_up_avalon_video_pixel_buffer_dma.o)
 .data          0x0081d720        0x0 ../vga_bsp//libucosii_bsp.a(altera_up_sd_card_avalon_interface.o)
 .data          0x0081d720        0x0 ../vga_bsp//libucosii_bsp.a(alt_alarm_start.o)
 .data          0x0081d720        0x0 ../vga_bsp//libucosii_bsp.a(alt_dcache_flush_all.o)
 .data          0x0081d720        0x0 ../vga_bsp//libucosii_bsp.a(alt_dev_llist_insert.o)
 .data          0x0081d720        0x0 ../vga_bsp//libucosii_bsp.a(alt_do_ctors.o)
 .data          0x0081d720        0x0 ../vga_bsp//libucosii_bsp.a(alt_do_dtors.o)
 .data          0x0081d720        0x0 ../vga_bsp//libucosii_bsp.a(alt_find_dev.o)
 .data          0x0081d720        0x0 ../vga_bsp//libucosii_bsp.a(alt_icache_flush_all.o)
 .data          0x0081d720        0x0 ../vga_bsp//libucosii_bsp.a(alt_iic.o)
 .data          0x0081d720        0x0 ../vga_bsp//libucosii_bsp.a(alt_iic_isr_register.o)
 .data          0x0081d720        0x0 ../vga_bsp//libucosii_bsp.a(alt_io_redirect.o)
 .data          0x0081d720        0x0 ../vga_bsp//libucosii_bsp.a(alt_irq_entry.o)
 .data          0x0081d720        0x0 ../vga_bsp//libucosii_bsp.a(alt_irq_handler.o)
 .data          0x0081d720        0x0 ../vga_bsp//libucosii_bsp.a(alt_irq_vars.o)
 .data          0x0081d720        0x0 ../vga_bsp//libucosii_bsp.a(alt_open.o)
 .data          0x0081d720        0x0 ../vga_bsp//libucosii_bsp.a(alt_tick.o)
 .data          0x0081d720        0x0 ../vga_bsp//libucosii_bsp.a(altera_nios2_qsys_irq.o)
 .data          0x0081d720        0x0 ../vga_bsp//libucosii_bsp.a(os_cpu_a.o)
 .data          0x0081d720        0x0 ../vga_bsp//libucosii_bsp.a(os_cpu_c.o)
 .data          0x0081d720        0x0 ../vga_bsp//libucosii_bsp.a(alt_exception_entry.o)
 .data          0x0081d720        0x0 ../vga_bsp//libucosii_bsp.a(alt_find_file.o)
 .data          0x0081d720        0x0 ../vga_bsp//libucosii_bsp.a(alt_get_fd.o)
 .data          0x0081d720        0x0 ../vga_bsp//libucosii_bsp.a(alt_icache_flush.o)
 .data          0x0081d720        0x0 /OPT/altera/12.1/nios2eds/bin/gnu/H-i686-pc-linux-gnu/bin/../lib/gcc/nios2-elf/4.1.2/../../../../nios2-elf/lib/libc.a(lib_a-atexit.o)
 .data          0x0081d720        0x0 /OPT/altera/12.1/nios2eds/bin/gnu/H-i686-pc-linux-gnu/bin/../lib/gcc/nios2-elf/4.1.2/../../../../nios2-elf/lib/libc.a(lib_a-exit.o)
 .data          0x0081d720        0x0 /OPT/altera/12.1/nios2eds/bin/gnu/H-i686-pc-linux-gnu/bin/../lib/gcc/nios2-elf/4.1.2/../../../../nios2-elf/lib/libc.a(lib_a-memcmp.o)
 .data          0x0081d720        0x0 /OPT/altera/12.1/nios2eds/bin/gnu/H-i686-pc-linux-gnu/bin/../lib/gcc/nios2-elf/4.1.2/../../../../nios2-elf/lib/libc.a(lib_a-__atexit.o)
 .data          0x0081d720        0x0 /OPT/altera/12.1/nios2eds/bin/gnu/H-i686-pc-linux-gnu/bin/../lib/gcc/nios2-elf/4.1.2/../../../../nios2-elf/lib/libc.a(lib_a-__call_atexit.o)
 .data          0x0081d720        0x0 ../vga_bsp//libucosii_bsp.a(alt_exit.o)
                0x00825720                _gp = ABSOLUTE ((. + 0x8000))
                0x00825720                PROVIDE (gp, _gp)
 *(.rwdata .rwdata.*)
 *(.sdata .sdata.* .gnu.linkonce.s.*)
 .sdata         0x0081d720        0x8 /OPT/altera/12.1/nios2eds/bin/gnu/H-i686-pc-linux-gnu/bin/../lib/gcc/nios2-elf/4.1.2/../../../../nios2-elf/lib/libc.a(lib_a-mallocr.o)
                0x0081d720                __malloc_trim_threshold
                0x0081d724                __malloc_sbrk_base
 .sdata         0x0081d728        0x8 /OPT/altera/12.1/nios2eds/bin/gnu/H-i686-pc-linux-gnu/bin/../lib/gcc/nios2-elf/4.1.2/../../../../nios2-elf/lib/libc.a(lib_a-impure.o)
                0x0081d728                _impure_ptr
                0x0081d72c                _global_impure_ptr
 .sdata         0x0081d730        0x8 /OPT/altera/12.1/nios2eds/bin/gnu/H-i686-pc-linux-gnu/bin/../lib/gcc/nios2-elf/4.1.2/../../../../nios2-elf/lib/libc.a(lib_a-locale.o)
                0x0081d730                __mb_cur_max
 .sdata         0x0081d738       0x14 ../vga_bsp//libucosii_bsp.a(alt_dev.o)
                0x0081d738                alt_fs_list
                0x0081d740                alt_dev_list
                0x0081d748                alt_max_fd
 .sdata         0x0081d74c        0x4 ../vga_bsp//libucosii_bsp.a(alt_errno.o)
                0x0081d74c                alt_errno
 .sdata         0x0081d750        0x4 ../vga_bsp//libucosii_bsp.a(alt_sbrk.o)
 .sdata         0x0081d754        0x4 ../vga_bsp//libucosii_bsp.a(alt_env_lock.o)
 .sdata         0x0081d758        0x4 ../vga_bsp//libucosii_bsp.a(alt_malloc_lock.o)
 .sdata         0x0081d75c       0x74 ../vga_bsp//libucosii_bsp.a(os_dbg.o)
                0x0081d75c                OSDebugEn
                0x0081d760                OSEndiannessTest
                0x0081d764                OSEventEn
                0x0081d766                OSEventMax
                0x0081d768                OSEventNameSize
                0x0081d76a                OSEventSize
                0x0081d76c                OSEventTblSize
                0x0081d76e                OSEventMultiEn
                0x0081d770                OSFlagEn
                0x0081d772                OSFlagGrpSize
                0x0081d774                OSFlagNodeSize
                0x0081d776                OSFlagWidth
                0x0081d778                OSFlagMax
                0x0081d77a                OSFlagNameSize
                0x0081d77c                OSLowestPrio
                0x0081d77e                OSMboxEn
                0x0081d780                OSMemEn
                0x0081d782                OSMemMax
                0x0081d784                OSMemNameSize
                0x0081d786                OSMemSize
                0x0081d788                OSMemTblSize
                0x0081d78a                OSMutexEn
                0x0081d78c                OSPtrSize
                0x0081d78e                OSQEn
                0x0081d790                OSQMax
                0x0081d792                OSQSize
                0x0081d794                OSRdyTblSize
                0x0081d796                OSSemEn
                0x0081d798                OSStkWidth
                0x0081d79a                OSTaskCreateEn
                0x0081d79c                OSTaskCreateExtEn
                0x0081d79e                OSTaskDelEn
                0x0081d7a0                OSTaskIdleStkSize
                0x0081d7a2                OSTaskProfileEn
                0x0081d7a4                OSTaskMax
                0x0081d7a6                OSTaskNameSize
                0x0081d7a8                OSTaskStatEn
                0x0081d7aa                OSTaskStatStkSize
                0x0081d7ac                OSTaskStatStkChkEn
                0x0081d7ae                OSTaskSwHookEn
                0x0081d7b0                OSTCBPrioTblMax
                0x0081d7b2                OSTCBSize
                0x0081d7b4                OSTicksPerSec
                0x0081d7b6                OSTimeTickHookEn
                0x0081d7b8                OSVersionNbr
                0x0081d7ba                OSTmrEn
                0x0081d7bc                OSTmrCfgMax
                0x0081d7be                OSTmrCfgNameSize
                0x0081d7c0                OSTmrCfgWheelSize
                0x0081d7c2                OSTmrCfgTicksPerSec
                0x0081d7c4                OSTmrSize
                0x0081d7c6                OSTmrTblSize
                0x0081d7c8                OSTmrWheelSize
                0x0081d7ca                OSTmrWheelTblSize
                0x0081d7cc                OSDataSize
 .sdata         0x0081d7d0        0x4 ../vga_bsp//libucosii_bsp.a(alt_irq_vars.o)
                0x0081d7d0                alt_priority_mask
 .sdata         0x0081d7d4        0x8 ../vga_bsp//libucosii_bsp.a(alt_tick.o)
                0x0081d7d4                alt_alarm_list
 *(.sdata2 .sdata2.* .gnu.linkonce.s2.*)
                0x0081d7dc                . = ALIGN (0x4)
                0x0081d7dc                _edata = ABSOLUTE (.)
                0x0081d7dc                PROVIDE (edata, ABSOLUTE (.))
                0x0081d7dc                PROVIDE (__ram_rwdata_end, ABSOLUTE (.))
                0x0081d7dc                PROVIDE (__flash_rwdata_start, LOADADDR (.rwdata))

.bss            0x0081f36c     0x7b10
                0x0081f36c                __bss_start = ABSOLUTE (.)
                0x0081f36c                PROVIDE (__sbss_start, ABSOLUTE (.))
                0x0081f36c                PROVIDE (___sbss_start, ABSOLUTE (.))
 *(.dynsbss)
 *(.sbss .sbss.* .gnu.linkonce.sb.*)
 .sbss          0x0081f36c        0xc /OPT/altera/12.1/nios2eds/bin/gnu/H-i686-pc-linux-gnu/bin/../lib/gcc/nios2-elf/4.1.2/../../../../nios2-elf/lib/libc.a(lib_a-mallocr.o)
                0x0081f36c                __malloc_top_pad
                0x0081f370                __malloc_max_sbrked_mem
                0x0081f374                __malloc_max_total_mem
 .sbss          0x0081f378        0x4 /OPT/altera/12.1/nios2eds/bin/gnu/H-i686-pc-linux-gnu/bin/../lib/gcc/nios2-elf/4.1.2/../../../../nios2-elf/lib/libc.a(lib_a-int_errno.o)
                0x0081f378                errno
 .sbss          0x0081f37c        0xc /OPT/altera/12.1/nios2eds/bin/gnu/H-i686-pc-linux-gnu/bin/../lib/gcc/nios2-elf/4.1.2/../../../../nios2-elf/lib/libc.a(lib_a-locale.o)
                0x0081f37c                __nlocale_changed
                0x0081f380                __mlocale_changed
                0x0081f384                _PathLocale
 .sbss          0x0081f388        0x4 ../vga_bsp//libucosii_bsp.a(alt_dev.o)
                0x0081f388                alt_fd_list_lock
 .sbss          0x0081f38c        0xc ../vga_bsp//libucosii_bsp.a(alt_main.o)
                0x0081f38c                alt_argc
                0x0081f390                alt_argv
                0x0081f394                alt_envp
 .sbss          0x0081f398        0x8 ../vga_bsp//libucosii_bsp.a(alt_env_lock.o)
                0x0081f39c                alt_envsem
 .sbss          0x0081f3a0        0x8 ../vga_bsp//libucosii_bsp.a(alt_malloc_lock.o)
                0x0081f3a4                alt_heapsem
 .sbss          0x0081f3a8       0x50 ../vga_bsp//libucosii_bsp.a(os_core.o)
                0x0081f3a8                OSLockNesting
                0x0081f3a9                OSRunning
                0x0081f3ac                OSIdleCtr
                0x0081f3b0                OSPrioHighRdy
                0x0081f3b1                OSPrioCur
                0x0081f3b4                OSTCBList
                0x0081f3b8                OSTickStepState
                0x0081f3bc                OSCtxSwCtr
                0x0081f3c0                OSIdleCtrMax
                0x0081f3c4                OSTCBFreeList
                0x0081f3c8                OSCPUUsage
                0x0081f3c9                OSTaskCtr
                0x0081f3cc                OSMemFreeList
                0x0081f3d0                OSTCBHighRdy
                0x0081f3d4                OSQFreeList
                0x0081f3d8                OSRdyGrp
                0x0081f3d9                OSRdyTbl
                0x0081f3dc                OSEventFreeList
                0x0081f3e0                OSIntNesting
                0x0081f3e4                OSTCBCur
                0x0081f3e8                OSTime
                0x0081f3ec                OSFlagFreeList
                0x0081f3f0                OSStatRdy
                0x0081f3f4                OSIdleCtrRun
 .sbss          0x0081f3f8       0x34 ../vga_bsp//libucosii_bsp.a(altera_up_sd_card_avalon_interface.o)
                0x0081f3f8                initialized
                0x0081f3fc                is_sd_card_formated_as_FAT16
                0x0081f400                aux_status_register
                0x0081f404                status_register
                0x0081f408                CSD_register_w0
                0x0081f40c                command_register
                0x0081f410                command_argument_register
                0x0081f414                buffer_memory
                0x0081f418                fat_partition_offset_in_512_byte_sectors
                0x0081f41c                fat_partition_size_in_512_byte_sectors
                0x0081f420                device_pointer
                0x0081f424                current_sector_modified
                0x0081f428                current_sector_index
 .sbss          0x0081f42c        0x4 ../vga_bsp//libucosii_bsp.a(alt_irq_vars.o)
                0x0081f42c                alt_irq_active
 .sbss          0x0081f430        0x8 ../vga_bsp//libucosii_bsp.a(alt_tick.o)
                0x0081f430                _alt_tick_rate
                0x0081f434                _alt_nticks
 *(.sbss2 .sbss2.* .gnu.linkonce.sb2.*)
 *(.scommon)
                0x0081f438                PROVIDE (__sbss_end, ABSOLUTE (.))
                0x0081f438                PROVIDE (___sbss_end, ABSOLUTE (.))
 *(.dynbss)
 *(.bss .bss.* .gnu.linkonce.b.*)
 .bss           0x0081f438        0x0 ../vga_bsp//obj/HAL/src/crt0.o
 .bss           0x0081f438        0x0 obj/default/hello_ucosii.o
 .bss           0x0081f438        0x0 /OPT/altera/12.1/nios2eds/bin/gnu/H-i686-pc-linux-gnu/bin/../lib/gcc/nios2-elf/4.1.2/../../../../nios2-elf/lib/libc.a(lib_a-malloc.o)
 .bss           0x0081f438       0x28 /OPT/altera/12.1/nios2eds/bin/gnu/H-i686-pc-linux-gnu/bin/../lib/gcc/nios2-elf/4.1.2/../../../../nios2-elf/lib/libc.a(lib_a-mallocr.o)
                0x0081f438                __malloc_current_mallinfo
 .bss           0x0081f460        0x0 /OPT/altera/12.1/nios2eds/bin/gnu/H-i686-pc-linux-gnu/bin/../lib/gcc/nios2-elf/4.1.2/../../../../nios2-elf/lib/libc.a(lib_a-printf.o)
 .bss           0x0081f460        0x0 /OPT/altera/12.1/nios2eds/bin/gnu/H-i686-pc-linux-gnu/bin/../lib/gcc/nios2-elf/4.1.2/../../../../nios2-elf/lib/libc.a(lib_a-puts.o)
 .bss           0x0081f460        0x0 /OPT/altera/12.1/nios2eds/bin/gnu/H-i686-pc-linux-gnu/bin/../lib/gcc/nios2-elf/4.1.2/../../../../nios2-elf/lib/libc.a(lib_a-sbrkr.o)
 .bss           0x0081f460        0x0 /OPT/altera/12.1/nios2eds/bin/gnu/H-i686-pc-linux-gnu/bin/../lib/gcc/nios2-elf/4.1.2/../../../../nios2-elf/lib/libc.a(lib_a-strlen.o)
 .bss           0x0081f460        0x0 /OPT/altera/12.1/nios2eds/bin/gnu/H-i686-pc-linux-gnu/bin/../lib/gcc/nios2-elf/4.1.2/../../../../nios2-elf/lib/libc.a(lib_a-vfprintf.o)
 .bss           0x0081f460        0x0 /OPT/altera/12.1/nios2eds/bin/gnu/H-i686-pc-linux-gnu/bin/../lib/gcc/nios2-elf/4.1.2/../../../../nios2-elf/lib/libc.a(lib_a-wsetup.o)
 .bss           0x0081f460        0x0 /OPT/altera/12.1/nios2eds/bin/gnu/H-i686-pc-linux-gnu/bin/../lib/gcc/nios2-elf/4.1.2/../../../../nios2-elf/lib/libc.a(lib_a-dtoa.o)
 .bss           0x0081f460        0x0 /OPT/altera/12.1/nios2eds/bin/gnu/H-i686-pc-linux-gnu/bin/../lib/gcc/nios2-elf/4.1.2/../../../../nios2-elf/lib/libc.a(lib_a-fflush.o)
 .bss           0x0081f460        0x0 /OPT/altera/12.1/nios2eds/bin/gnu/H-i686-pc-linux-gnu/bin/../lib/gcc/nios2-elf/4.1.2/../../../../nios2-elf/lib/libc.a(lib_a-findfp.o)
 .bss           0x0081f460        0x0 /OPT/altera/12.1/nios2eds/bin/gnu/H-i686-pc-linux-gnu/bin/../lib/gcc/nios2-elf/4.1.2/../../../../nios2-elf/lib/libc.a(lib_a-freer.o)
 .bss           0x0081f460        0x0 /OPT/altera/12.1/nios2eds/bin/gnu/H-i686-pc-linux-gnu/bin/../lib/gcc/nios2-elf/4.1.2/../../../../nios2-elf/lib/libc.a(lib_a-fvwrite.o)
 .bss           0x0081f460        0x0 /OPT/altera/12.1/nios2eds/bin/gnu/H-i686-pc-linux-gnu/bin/../lib/gcc/nios2-elf/4.1.2/../../../../nios2-elf/lib/libc.a(lib_a-fwalk.o)
 .bss           0x0081f460        0x0 /OPT/altera/12.1/nios2eds/bin/gnu/H-i686-pc-linux-gnu/bin/../lib/gcc/nios2-elf/4.1.2/../../../../nios2-elf/lib/libc.a(lib_a-impure.o)
 .bss           0x0081f460        0x0 /OPT/altera/12.1/nios2eds/bin/gnu/H-i686-pc-linux-gnu/bin/../lib/gcc/nios2-elf/4.1.2/../../../../nios2-elf/lib/libc.a(lib_a-int_errno.o)
 .bss           0x0081f460        0x0 /OPT/altera/12.1/nios2eds/bin/gnu/H-i686-pc-linux-gnu/bin/../lib/gcc/nios2-elf/4.1.2/../../../../nios2-elf/lib/libc.a(lib_a-locale.o)
 .bss           0x0081f460        0x0 /OPT/altera/12.1/nios2eds/bin/gnu/H-i686-pc-linux-gnu/bin/../lib/gcc/nios2-elf/4.1.2/../../../../nios2-elf/lib/libc.a(lib_a-makebuf.o)
 .bss           0x0081f460        0x0 /OPT/altera/12.1/nios2eds/bin/gnu/H-i686-pc-linux-gnu/bin/../lib/gcc/nios2-elf/4.1.2/../../../../nios2-elf/lib/libc.a(lib_a-memchr.o)
 .bss           0x0081f460        0x0 /OPT/altera/12.1/nios2eds/bin/gnu/H-i686-pc-linux-gnu/bin/../lib/gcc/nios2-elf/4.1.2/../../../../nios2-elf/lib/libc.a(lib_a-memcpy.o)
 .bss           0x0081f460        0x0 /OPT/altera/12.1/nios2eds/bin/gnu/H-i686-pc-linux-gnu/bin/../lib/gcc/nios2-elf/4.1.2/../../../../nios2-elf/lib/libc.a(lib_a-memmove.o)
 .bss           0x0081f460        0x0 /OPT/altera/12.1/nios2eds/bin/gnu/H-i686-pc-linux-gnu/bin/../lib/gcc/nios2-elf/4.1.2/../../../../nios2-elf/lib/libc.a(lib_a-memset.o)
 .bss           0x0081f460        0x0 /OPT/altera/12.1/nios2eds/bin/gnu/H-i686-pc-linux-gnu/bin/../lib/gcc/nios2-elf/4.1.2/../../../../nios2-elf/lib/libc.a(lib_a-mprec.o)
 .bss           0x0081f460        0x0 /OPT/altera/12.1/nios2eds/bin/gnu/H-i686-pc-linux-gnu/bin/../lib/gcc/nios2-elf/4.1.2/../../../../nios2-elf/lib/libc.a(lib_a-reallocr.o)
 .bss           0x0081f460        0x0 /OPT/altera/12.1/nios2eds/bin/gnu/H-i686-pc-linux-gnu/bin/../lib/gcc/nios2-elf/4.1.2/../../../../nios2-elf/lib/libc.a(lib_a-s_isinfd.o)
 .bss           0x0081f460        0x0 /OPT/altera/12.1/nios2eds/bin/gnu/H-i686-pc-linux-gnu/bin/../lib/gcc/nios2-elf/4.1.2/../../../../nios2-elf/lib/libc.a(lib_a-s_isnand.o)
 .bss           0x0081f460        0x0 /OPT/altera/12.1/nios2eds/bin/gnu/H-i686-pc-linux-gnu/bin/../lib/gcc/nios2-elf/4.1.2/../../../../nios2-elf/lib/libc.a(lib_a-stdio.o)
 .bss           0x0081f460        0x0 /OPT/altera/12.1/nios2eds/bin/gnu/H-i686-pc-linux-gnu/bin/../lib/gcc/nios2-elf/4.1.2/../../../../nios2-elf/lib/libc.a(lib_a-strcmp.o)
 .bss           0x0081f460        0x0 /OPT/altera/12.1/nios2eds/bin/gnu/H-i686-pc-linux-gnu/bin/../lib/gcc/nios2-elf/4.1.2/../../../../nios2-elf/lib/libc.a(lib_a-writer.o)
 .bss           0x0081f460        0x0 /OPT/altera/12.1/nios2eds/bin/gnu/H-i686-pc-linux-gnu/bin/../lib/gcc/nios2-elf/4.1.2/../../../../nios2-elf/lib/libc.a(lib_a-callocr.o)
 .bss           0x0081f460        0x0 /OPT/altera/12.1/nios2eds/bin/gnu/H-i686-pc-linux-gnu/bin/../lib/gcc/nios2-elf/4.1.2/../../../../nios2-elf/lib/libc.a(lib_a-closer.o)
 .bss           0x0081f460        0x0 /OPT/altera/12.1/nios2eds/bin/gnu/H-i686-pc-linux-gnu/bin/../lib/gcc/nios2-elf/4.1.2/../../../../nios2-elf/lib/libc.a(lib_a-fclose.o)
 .bss           0x0081f460        0x0 /OPT/altera/12.1/nios2eds/bin/gnu/H-i686-pc-linux-gnu/bin/../lib/gcc/nios2-elf/4.1.2/../../../../nios2-elf/lib/libc.a(lib_a-fstatr.o)
 .bss           0x0081f460        0x0 /OPT/altera/12.1/nios2eds/bin/gnu/H-i686-pc-linux-gnu/bin/../lib/gcc/nios2-elf/4.1.2/../../../../nios2-elf/lib/libc.a(lib_a-isattyr.o)
 .bss           0x0081f460        0x0 /OPT/altera/12.1/nios2eds/bin/gnu/H-i686-pc-linux-gnu/bin/../lib/gcc/nios2-elf/4.1.2/../../../../nios2-elf/lib/libc.a(lib_a-lseekr.o)
 .bss           0x0081f460        0x0 /OPT/altera/12.1/nios2eds/bin/gnu/H-i686-pc-linux-gnu/bin/../lib/gcc/nios2-elf/4.1.2/../../../../nios2-elf/lib/libc.a(lib_a-readr.o)
 .bss           0x0081f460        0x0 /OPT/altera/12.1/nios2eds/bin/gnu/H-i686-pc-linux-gnu/bin/../lib/gcc/nios2-elf/4.1.2/libgcc.a(_udivdi3.o)
 .bss           0x0081f460        0x0 /OPT/altera/12.1/nios2eds/bin/gnu/H-i686-pc-linux-gnu/bin/../lib/gcc/nios2-elf/4.1.2/libgcc.a(_umoddi3.o)
 .bss           0x0081f460        0x0 /OPT/altera/12.1/nios2eds/bin/gnu/H-i686-pc-linux-gnu/bin/../lib/gcc/nios2-elf/4.1.2/libgcc.a(_addsub_df.o)
 .bss           0x0081f460        0x0 /OPT/altera/12.1/nios2eds/bin/gnu/H-i686-pc-linux-gnu/bin/../lib/gcc/nios2-elf/4.1.2/libgcc.a(_mul_df.o)
 .bss           0x0081f460        0x0 /OPT/altera/12.1/nios2eds/bin/gnu/H-i686-pc-linux-gnu/bin/../lib/gcc/nios2-elf/4.1.2/libgcc.a(_div_df.o)
 .bss           0x0081f460        0x0 /OPT/altera/12.1/nios2eds/bin/gnu/H-i686-pc-linux-gnu/bin/../lib/gcc/nios2-elf/4.1.2/libgcc.a(_eq_df.o)
 .bss           0x0081f460        0x0 /OPT/altera/12.1/nios2eds/bin/gnu/H-i686-pc-linux-gnu/bin/../lib/gcc/nios2-elf/4.1.2/libgcc.a(_ne_df.o)
 .bss           0x0081f460        0x0 /OPT/altera/12.1/nios2eds/bin/gnu/H-i686-pc-linux-gnu/bin/../lib/gcc/nios2-elf/4.1.2/libgcc.a(_gt_df.o)
 .bss           0x0081f460        0x0 /OPT/altera/12.1/nios2eds/bin/gnu/H-i686-pc-linux-gnu/bin/../lib/gcc/nios2-elf/4.1.2/libgcc.a(_ge_df.o)
 .bss           0x0081f460        0x0 /OPT/altera/12.1/nios2eds/bin/gnu/H-i686-pc-linux-gnu/bin/../lib/gcc/nios2-elf/4.1.2/libgcc.a(_lt_df.o)
 .bss           0x0081f460        0x0 /OPT/altera/12.1/nios2eds/bin/gnu/H-i686-pc-linux-gnu/bin/../lib/gcc/nios2-elf/4.1.2/libgcc.a(_si_to_df.o)
 .bss           0x0081f460        0x0 /OPT/altera/12.1/nios2eds/bin/gnu/H-i686-pc-linux-gnu/bin/../lib/gcc/nios2-elf/4.1.2/libgcc.a(_df_to_si.o)
 .bss           0x0081f460        0x0 /OPT/altera/12.1/nios2eds/bin/gnu/H-i686-pc-linux-gnu/bin/../lib/gcc/nios2-elf/4.1.2/libgcc.a(_thenan_df.o)
 .bss           0x0081f460        0x0 /OPT/altera/12.1/nios2eds/bin/gnu/H-i686-pc-linux-gnu/bin/../lib/gcc/nios2-elf/4.1.2/libgcc.a(_usi_to_df.o)
 .bss           0x0081f460        0x0 /OPT/altera/12.1/nios2eds/bin/gnu/H-i686-pc-linux-gnu/bin/../lib/gcc/nios2-elf/4.1.2/libgcc.a(lib2-divmod.o)
 .bss           0x0081f460        0x0 /OPT/altera/12.1/nios2eds/bin/gnu/H-i686-pc-linux-gnu/bin/../lib/gcc/nios2-elf/4.1.2/libgcc.a(_muldi3.o)
 .bss           0x0081f460        0x0 /OPT/altera/12.1/nios2eds/bin/gnu/H-i686-pc-linux-gnu/bin/../lib/gcc/nios2-elf/4.1.2/libgcc.a(_clz.o)
 .bss           0x0081f460        0x0 /OPT/altera/12.1/nios2eds/bin/gnu/H-i686-pc-linux-gnu/bin/../lib/gcc/nios2-elf/4.1.2/libgcc.a(_clzsi2.o)
 .bss           0x0081f460        0x0 /OPT/altera/12.1/nios2eds/bin/gnu/H-i686-pc-linux-gnu/bin/../lib/gcc/nios2-elf/4.1.2/libgcc.a(_pack_df.o)
 .bss           0x0081f460        0x0 /OPT/altera/12.1/nios2eds/bin/gnu/H-i686-pc-linux-gnu/bin/../lib/gcc/nios2-elf/4.1.2/libgcc.a(_unpack_df.o)
 .bss           0x0081f460        0x0 /OPT/altera/12.1/nios2eds/bin/gnu/H-i686-pc-linux-gnu/bin/../lib/gcc/nios2-elf/4.1.2/libgcc.a(_fpcmp_parts_df.o)
 .bss           0x0081f460        0x0 ../vga_bsp//libucosii_bsp.a(alt_close.o)
 .bss           0x0081f460        0x0 ../vga_bsp//libucosii_bsp.a(alt_dev.o)
 .bss           0x0081f460        0x0 ../vga_bsp//libucosii_bsp.a(alt_errno.o)
 .bss           0x0081f460        0x0 ../vga_bsp//libucosii_bsp.a(alt_fstat.o)
 .bss           0x0081f460        0x0 ../vga_bsp//libucosii_bsp.a(alt_isatty.o)
 .bss           0x0081f460        0x0 ../vga_bsp//libucosii_bsp.a(alt_load.o)
 .bss           0x0081f460        0x0 ../vga_bsp//libucosii_bsp.a(alt_lseek.o)
 .bss           0x0081f460        0x0 ../vga_bsp//libucosii_bsp.a(alt_main.o)
 .bss           0x0081f460        0x0 ../vga_bsp//libucosii_bsp.a(alt_read.o)
 .bss           0x0081f460        0x0 ../vga_bsp//libucosii_bsp.a(alt_release_fd.o)
 .bss           0x0081f460        0x0 ../vga_bsp//libucosii_bsp.a(alt_sbrk.o)
 .bss           0x0081f460        0x0 ../vga_bsp//libucosii_bsp.a(alt_write.o)
 .bss           0x0081f460        0x0 ../vga_bsp//libucosii_bsp.a(alt_env_lock.o)
 .bss           0x0081f460        0x0 ../vga_bsp//libucosii_bsp.a(alt_malloc_lock.o)
 .bss           0x0081f460        0x0 ../vga_bsp//libucosii_bsp.a(os_core.o)
 .bss           0x0081f460        0x0 ../vga_bsp//libucosii_bsp.a(os_dbg.o)
 .bss           0x0081f460        0x0 ../vga_bsp//libucosii_bsp.a(os_flag.o)
 .bss           0x0081f460        0x0 ../vga_bsp//libucosii_bsp.a(os_mem.o)
 .bss           0x0081f460        0x0 ../vga_bsp//libucosii_bsp.a(os_q.o)
 .bss           0x0081f460        0x0 ../vga_bsp//libucosii_bsp.a(os_sem.o)
 .bss           0x0081f460        0x0 ../vga_bsp//libucosii_bsp.a(os_task.o)
 .bss           0x0081f460        0x0 ../vga_bsp//libucosii_bsp.a(os_time.o)
 .bss           0x0081f460        0x0 ../vga_bsp//libucosii_bsp.a(alt_sys_init.o)
 .bss           0x0081f460        0x0 ../vga_bsp//libucosii_bsp.a(altera_avalon_jtag_uart_fd.o)
 .bss           0x0081f460        0x0 ../vga_bsp//libucosii_bsp.a(altera_avalon_jtag_uart_init.o)
 .bss           0x0081f460        0x0 ../vga_bsp//libucosii_bsp.a(altera_avalon_jtag_uart_ioctl.o)
 .bss           0x0081f460        0x0 ../vga_bsp//libucosii_bsp.a(altera_avalon_jtag_uart_read.o)
 .bss           0x0081f460        0x0 ../vga_bsp//libucosii_bsp.a(altera_avalon_jtag_uart_write.o)
 .bss           0x0081f460        0x0 ../vga_bsp//libucosii_bsp.a(altera_avalon_timer_sc.o)
 .bss           0x0081f460        0x0 ../vga_bsp//libucosii_bsp.a(altera_up_avalon_character_lcd.o)
 .bss           0x0081f460        0x0 ../vga_bsp//libucosii_bsp.a(altera_up_avalon_video_pixel_buffer_dma.o)
 .bss           0x0081f460        0x0 ../vga_bsp//libucosii_bsp.a(altera_up_sd_card_avalon_interface.o)
 .bss           0x0081f460        0x0 ../vga_bsp//libucosii_bsp.a(alt_alarm_start.o)
 .bss           0x0081f460        0x0 ../vga_bsp//libucosii_bsp.a(alt_dcache_flush_all.o)
 .bss           0x0081f460        0x0 ../vga_bsp//libucosii_bsp.a(alt_dev_llist_insert.o)
 .bss           0x0081f460        0x0 ../vga_bsp//libucosii_bsp.a(alt_do_ctors.o)
 .bss           0x0081f460        0x0 ../vga_bsp//libucosii_bsp.a(alt_do_dtors.o)
 .bss           0x0081f460        0x0 ../vga_bsp//libucosii_bsp.a(alt_find_dev.o)
 .bss           0x0081f460        0x0 ../vga_bsp//libucosii_bsp.a(alt_icache_flush_all.o)
 .bss           0x0081f460        0x0 ../vga_bsp//libucosii_bsp.a(alt_iic.o)
 .bss           0x0081f460        0x0 ../vga_bsp//libucosii_bsp.a(alt_iic_isr_register.o)
 .bss           0x0081f460        0x0 ../vga_bsp//libucosii_bsp.a(alt_io_redirect.o)
 .bss           0x0081f460        0x0 ../vga_bsp//libucosii_bsp.a(alt_irq_entry.o)
 .bss           0x0081f460        0x0 ../vga_bsp//libucosii_bsp.a(alt_irq_handler.o)
 .bss           0x0081f460        0x0 ../vga_bsp//libucosii_bsp.a(alt_irq_vars.o)
 .bss           0x0081f460        0x0 ../vga_bsp//libucosii_bsp.a(alt_open.o)
 .bss           0x0081f460        0x0 ../vga_bsp//libucosii_bsp.a(alt_tick.o)
 .bss           0x0081f460        0x0 ../vga_bsp//libucosii_bsp.a(altera_nios2_qsys_irq.o)
 .bss           0x0081f460        0x0 ../vga_bsp//libucosii_bsp.a(os_cpu_a.o)
 .bss           0x0081f460        0x0 ../vga_bsp//libucosii_bsp.a(os_cpu_c.o)
 .bss           0x0081f460        0x0 ../vga_bsp//libucosii_bsp.a(alt_exception_entry.o)
 .bss           0x0081f460        0x0 ../vga_bsp//libucosii_bsp.a(alt_find_file.o)
 .bss           0x0081f460        0x0 ../vga_bsp//libucosii_bsp.a(alt_get_fd.o)
 .bss           0x0081f460        0x0 ../vga_bsp//libucosii_bsp.a(alt_icache_flush.o)
 .bss           0x0081f460        0x0 /OPT/altera/12.1/nios2eds/bin/gnu/H-i686-pc-linux-gnu/bin/../lib/gcc/nios2-elf/4.1.2/../../../../nios2-elf/lib/libc.a(lib_a-atexit.o)
 .bss           0x0081f460        0x0 /OPT/altera/12.1/nios2eds/bin/gnu/H-i686-pc-linux-gnu/bin/../lib/gcc/nios2-elf/4.1.2/../../../../nios2-elf/lib/libc.a(lib_a-exit.o)
 .bss           0x0081f460        0x0 /OPT/altera/12.1/nios2eds/bin/gnu/H-i686-pc-linux-gnu/bin/../lib/gcc/nios2-elf/4.1.2/../../../../nios2-elf/lib/libc.a(lib_a-memcmp.o)
 .bss           0x0081f460        0x0 /OPT/altera/12.1/nios2eds/bin/gnu/H-i686-pc-linux-gnu/bin/../lib/gcc/nios2-elf/4.1.2/../../../../nios2-elf/lib/libc.a(lib_a-__atexit.o)
 .bss           0x0081f460        0x0 /OPT/altera/12.1/nios2eds/bin/gnu/H-i686-pc-linux-gnu/bin/../lib/gcc/nios2-elf/4.1.2/../../../../nios2-elf/lib/libc.a(lib_a-__call_atexit.o)
 .bss           0x0081f460        0x0 ../vga_bsp//libucosii_bsp.a(alt_exit.o)
 *(COMMON)
 COMMON         0x0081f460     0x4000 obj/default/hello_ucosii.o
                0x0081f460                task1_stk
                0x00821460                task2_stk
 COMMON         0x00823460     0x3224 ../vga_bsp//libucosii_bsp.a(os_core.o)
                0x00823460                OSFlagTbl
                0x008237d0                OSMemTbl
                0x00824400                OSTaskStatStk
                0x00824c00                OSQTbl
                0x00824de0                OSTaskIdleStk
                0x008255e0                OSEventTbl
                0x00826120                OSTCBTbl
                0x00826630                OSTCBPrioTbl
 COMMON         0x00826684      0x568 ../vga_bsp//libucosii_bsp.a(altera_up_sd_card_avalon_interface.o)
                0x00826684                search_data
                0x00826698                boot_sector_data
                0x008266ec                active_files
 COMMON         0x00826bec      0x100 ../vga_bsp//libucosii_bsp.a(alt_irq_handler.o)
                0x00826bec                alt_irq
 COMMON         0x00826cec      0x190 /OPT/altera/12.1/nios2eds/bin/gnu/H-i686-pc-linux-gnu/bin/../lib/gcc/nios2-elf/4.1.2/../../../../nios2-elf/lib/libc.a(lib_a-atexit.o)
                0x00826cec                _atexit0
                0x00826e7c                . = ALIGN (0x4)
                0x00826e7c                __bss_end = ABSOLUTE (.)

.sdram_0        0x00826e7c        0x0
                0x00826e7c                PROVIDE (_alt_partition_sdram_0_start, ABSOLUTE (.))
 *(.sdram_0. sdram_0.*)
                0x00826e7c                . = ALIGN (0x4)
                0x00826e7c                PROVIDE (_alt_partition_sdram_0_end, ABSOLUTE (.))
                0x00826e7c                _end = ABSOLUTE (.)
                0x00826e7c                end = ABSOLUTE (.)
                0x00826e7c                __alt_stack_base = ABSOLUTE (.)
                0x00826e7c                PROVIDE (_alt_partition_sdram_0_load_addr, LOADADDR (.sdram_0))

.onchip_memory2_0
                0x010841bc        0x0 load address 0x00826e7c
                0x010841bc                PROVIDE (_alt_partition_onchip_memory2_0_start, ABSOLUTE (.))
 *(.onchip_memory2_0. onchip_memory2_0.*)
                0x010841bc                . = ALIGN (0x4)
                0x010841bc                PROVIDE (_alt_partition_onchip_memory2_0_end, ABSOLUTE (.))
                0x00826e7c                PROVIDE (_alt_partition_onchip_memory2_0_load_addr, LOADADDR (.onchip_memory2_0))

.stab
 *(.stab)

.stabstr
 *(.stabstr)

.stab.excl
 *(.stab.excl)

.stab.exclstr
 *(.stab.exclstr)

.stab.index
 *(.stab.index)

.stab.indexstr
 *(.stab.indexstr)

.comment        0x00000000       0x26
 *(.comment)
 .comment       0x00000000       0x26 obj/default/hello_ucosii.o
                                 0x27 (size before relaxing)
 .comment       0x00000000       0x27 /OPT/altera/12.1/nios2eds/bin/gnu/H-i686-pc-linux-gnu/bin/../lib/gcc/nios2-elf/4.1.2/../../../../nios2-elf/lib/libc.a(lib_a-malloc.o)
 .comment       0x00000000       0x27 /OPT/altera/12.1/nios2eds/bin/gnu/H-i686-pc-linux-gnu/bin/../lib/gcc/nios2-elf/4.1.2/../../../../nios2-elf/lib/libc.a(lib_a-mallocr.o)
 .comment       0x00000000       0x27 /OPT/altera/12.1/nios2eds/bin/gnu/H-i686-pc-linux-gnu/bin/../lib/gcc/nios2-elf/4.1.2/../../../../nios2-elf/lib/libc.a(lib_a-printf.o)
 .comment       0x00000000       0x27 /OPT/altera/12.1/nios2eds/bin/gnu/H-i686-pc-linux-gnu/bin/../lib/gcc/nios2-elf/4.1.2/../../../../nios2-elf/lib/libc.a(lib_a-puts.o)
 .comment       0x00000000       0x27 /OPT/altera/12.1/nios2eds/bin/gnu/H-i686-pc-linux-gnu/bin/../lib/gcc/nios2-elf/4.1.2/../../../../nios2-elf/lib/libc.a(lib_a-sbrkr.o)
 .comment       0x00000000       0x27 /OPT/altera/12.1/nios2eds/bin/gnu/H-i686-pc-linux-gnu/bin/../lib/gcc/nios2-elf/4.1.2/../../../../nios2-elf/lib/libc.a(lib_a-strlen.o)
 .comment       0x00000000       0x27 /OPT/altera/12.1/nios2eds/bin/gnu/H-i686-pc-linux-gnu/bin/../lib/gcc/nios2-elf/4.1.2/../../../../nios2-elf/lib/libc.a(lib_a-vfprintf.o)
 .comment       0x00000000       0x27 /OPT/altera/12.1/nios2eds/bin/gnu/H-i686-pc-linux-gnu/bin/../lib/gcc/nios2-elf/4.1.2/../../../../nios2-elf/lib/libc.a(lib_a-wsetup.o)
 .comment       0x00000000       0x27 /OPT/altera/12.1/nios2eds/bin/gnu/H-i686-pc-linux-gnu/bin/../lib/gcc/nios2-elf/4.1.2/../../../../nios2-elf/lib/libc.a(lib_a-dtoa.o)
 .comment       0x00000000       0x27 /OPT/altera/12.1/nios2eds/bin/gnu/H-i686-pc-linux-gnu/bin/../lib/gcc/nios2-elf/4.1.2/../../../../nios2-elf/lib/libc.a(lib_a-fflush.o)
 .comment       0x00000000       0x27 /OPT/altera/12.1/nios2eds/bin/gnu/H-i686-pc-linux-gnu/bin/../lib/gcc/nios2-elf/4.1.2/../../../../nios2-elf/lib/libc.a(lib_a-findfp.o)
 .comment       0x00000000       0x27 /OPT/altera/12.1/nios2eds/bin/gnu/H-i686-pc-linux-gnu/bin/../lib/gcc/nios2-elf/4.1.2/../../../../nios2-elf/lib/libc.a(lib_a-freer.o)
 .comment       0x00000000       0x27 /OPT/altera/12.1/nios2eds/bin/gnu/H-i686-pc-linux-gnu/bin/../lib/gcc/nios2-elf/4.1.2/../../../../nios2-elf/lib/libc.a(lib_a-fvwrite.o)
 .comment       0x00000000       0x27 /OPT/altera/12.1/nios2eds/bin/gnu/H-i686-pc-linux-gnu/bin/../lib/gcc/nios2-elf/4.1.2/../../../../nios2-elf/lib/libc.a(lib_a-fwalk.o)
 .comment       0x00000000       0x27 /OPT/altera/12.1/nios2eds/bin/gnu/H-i686-pc-linux-gnu/bin/../lib/gcc/nios2-elf/4.1.2/../../../../nios2-elf/lib/libc.a(lib_a-impure.o)
 .comment       0x00000000       0x27 /OPT/altera/12.1/nios2eds/bin/gnu/H-i686-pc-linux-gnu/bin/../lib/gcc/nios2-elf/4.1.2/../../../../nios2-elf/lib/libc.a(lib_a-int_errno.o)
 .comment       0x00000000       0x27 /OPT/altera/12.1/nios2eds/bin/gnu/H-i686-pc-linux-gnu/bin/../lib/gcc/nios2-elf/4.1.2/../../../../nios2-elf/lib/libc.a(lib_a-locale.o)
 .comment       0x00000000       0x27 /OPT/altera/12.1/nios2eds/bin/gnu/H-i686-pc-linux-gnu/bin/../lib/gcc/nios2-elf/4.1.2/../../../../nios2-elf/lib/libc.a(lib_a-makebuf.o)
 .comment       0x00000000       0x27 /OPT/altera/12.1/nios2eds/bin/gnu/H-i686-pc-linux-gnu/bin/../lib/gcc/nios2-elf/4.1.2/../../../../nios2-elf/lib/libc.a(lib_a-memchr.o)
 .comment       0x00000000       0x27 /OPT/altera/12.1/nios2eds/bin/gnu/H-i686-pc-linux-gnu/bin/../lib/gcc/nios2-elf/4.1.2/../../../../nios2-elf/lib/libc.a(lib_a-memcpy.o)
 .comment       0x00000000       0x27 /OPT/altera/12.1/nios2eds/bin/gnu/H-i686-pc-linux-gnu/bin/../lib/gcc/nios2-elf/4.1.2/../../../../nios2-elf/lib/libc.a(lib_a-memmove.o)
 .comment       0x00000000       0x27 /OPT/altera/12.1/nios2eds/bin/gnu/H-i686-pc-linux-gnu/bin/../lib/gcc/nios2-elf/4.1.2/../../../../nios2-elf/lib/libc.a(lib_a-memset.o)
 .comment       0x00000000       0x27 /OPT/altera/12.1/nios2eds/bin/gnu/H-i686-pc-linux-gnu/bin/../lib/gcc/nios2-elf/4.1.2/../../../../nios2-elf/lib/libc.a(lib_a-mprec.o)
 .comment       0x00000000       0x27 /OPT/altera/12.1/nios2eds/bin/gnu/H-i686-pc-linux-gnu/bin/../lib/gcc/nios2-elf/4.1.2/../../../../nios2-elf/lib/libc.a(lib_a-reallocr.o)
 .comment       0x00000000       0x27 /OPT/altera/12.1/nios2eds/bin/gnu/H-i686-pc-linux-gnu/bin/../lib/gcc/nios2-elf/4.1.2/../../../../nios2-elf/lib/libc.a(lib_a-s_isinfd.o)
 .comment       0x00000000       0x27 /OPT/altera/12.1/nios2eds/bin/gnu/H-i686-pc-linux-gnu/bin/../lib/gcc/nios2-elf/4.1.2/../../../../nios2-elf/lib/libc.a(lib_a-s_isnand.o)
 .comment       0x00000000       0x27 /OPT/altera/12.1/nios2eds/bin/gnu/H-i686-pc-linux-gnu/bin/../lib/gcc/nios2-elf/4.1.2/../../../../nios2-elf/lib/libc.a(lib_a-stdio.o)
 .comment       0x00000000       0x27 /OPT/altera/12.1/nios2eds/bin/gnu/H-i686-pc-linux-gnu/bin/../lib/gcc/nios2-elf/4.1.2/../../../../nios2-elf/lib/libc.a(lib_a-strcmp.o)
 .comment       0x00000000       0x27 /OPT/altera/12.1/nios2eds/bin/gnu/H-i686-pc-linux-gnu/bin/../lib/gcc/nios2-elf/4.1.2/../../../../nios2-elf/lib/libc.a(lib_a-writer.o)
 .comment       0x00000000       0x27 /OPT/altera/12.1/nios2eds/bin/gnu/H-i686-pc-linux-gnu/bin/../lib/gcc/nios2-elf/4.1.2/../../../../nios2-elf/lib/libc.a(lib_a-callocr.o)
 .comment       0x00000000       0x27 /OPT/altera/12.1/nios2eds/bin/gnu/H-i686-pc-linux-gnu/bin/../lib/gcc/nios2-elf/4.1.2/../../../../nios2-elf/lib/libc.a(lib_a-closer.o)
 .comment       0x00000000       0x27 /OPT/altera/12.1/nios2eds/bin/gnu/H-i686-pc-linux-gnu/bin/../lib/gcc/nios2-elf/4.1.2/../../../../nios2-elf/lib/libc.a(lib_a-fclose.o)
 .comment       0x00000000       0x27 /OPT/altera/12.1/nios2eds/bin/gnu/H-i686-pc-linux-gnu/bin/../lib/gcc/nios2-elf/4.1.2/../../../../nios2-elf/lib/libc.a(lib_a-fstatr.o)
 .comment       0x00000000       0x27 /OPT/altera/12.1/nios2eds/bin/gnu/H-i686-pc-linux-gnu/bin/../lib/gcc/nios2-elf/4.1.2/../../../../nios2-elf/lib/libc.a(lib_a-isattyr.o)
 .comment       0x00000000       0x27 /OPT/altera/12.1/nios2eds/bin/gnu/H-i686-pc-linux-gnu/bin/../lib/gcc/nios2-elf/4.1.2/../../../../nios2-elf/lib/libc.a(lib_a-lseekr.o)
 .comment       0x00000000       0x27 /OPT/altera/12.1/nios2eds/bin/gnu/H-i686-pc-linux-gnu/bin/../lib/gcc/nios2-elf/4.1.2/../../../../nios2-elf/lib/libc.a(lib_a-readr.o)
 .comment       0x00000000       0x27 /OPT/altera/12.1/nios2eds/bin/gnu/H-i686-pc-linux-gnu/bin/../lib/gcc/nios2-elf/4.1.2/libgcc.a(_udivdi3.o)
 .comment       0x00000000       0x27 /OPT/altera/12.1/nios2eds/bin/gnu/H-i686-pc-linux-gnu/bin/../lib/gcc/nios2-elf/4.1.2/libgcc.a(_umoddi3.o)
 .comment       0x00000000       0x27 /OPT/altera/12.1/nios2eds/bin/gnu/H-i686-pc-linux-gnu/bin/../lib/gcc/nios2-elf/4.1.2/libgcc.a(_addsub_df.o)
 .comment       0x00000000       0x27 /OPT/altera/12.1/nios2eds/bin/gnu/H-i686-pc-linux-gnu/bin/../lib/gcc/nios2-elf/4.1.2/libgcc.a(_mul_df.o)
 .comment       0x00000000       0x27 /OPT/altera/12.1/nios2eds/bin/gnu/H-i686-pc-linux-gnu/bin/../lib/gcc/nios2-elf/4.1.2/libgcc.a(_div_df.o)
 .comment       0x00000000       0x27 /OPT/altera/12.1/nios2eds/bin/gnu/H-i686-pc-linux-gnu/bin/../lib/gcc/nios2-elf/4.1.2/libgcc.a(_eq_df.o)
 .comment       0x00000000       0x27 /OPT/altera/12.1/nios2eds/bin/gnu/H-i686-pc-linux-gnu/bin/../lib/gcc/nios2-elf/4.1.2/libgcc.a(_ne_df.o)
 .comment       0x00000000       0x27 /OPT/altera/12.1/nios2eds/bin/gnu/H-i686-pc-linux-gnu/bin/../lib/gcc/nios2-elf/4.1.2/libgcc.a(_gt_df.o)
 .comment       0x00000000       0x27 /OPT/altera/12.1/nios2eds/bin/gnu/H-i686-pc-linux-gnu/bin/../lib/gcc/nios2-elf/4.1.2/libgcc.a(_ge_df.o)
 .comment       0x00000000       0x27 /OPT/altera/12.1/nios2eds/bin/gnu/H-i686-pc-linux-gnu/bin/../lib/gcc/nios2-elf/4.1.2/libgcc.a(_lt_df.o)
 .comment       0x00000000       0x27 /OPT/altera/12.1/nios2eds/bin/gnu/H-i686-pc-linux-gnu/bin/../lib/gcc/nios2-elf/4.1.2/libgcc.a(_si_to_df.o)
 .comment       0x00000000       0x27 /OPT/altera/12.1/nios2eds/bin/gnu/H-i686-pc-linux-gnu/bin/../lib/gcc/nios2-elf/4.1.2/libgcc.a(_df_to_si.o)
 .comment       0x00000000       0x27 /OPT/altera/12.1/nios2eds/bin/gnu/H-i686-pc-linux-gnu/bin/../lib/gcc/nios2-elf/4.1.2/libgcc.a(_thenan_df.o)
 .comment       0x00000000       0x27 /OPT/altera/12.1/nios2eds/bin/gnu/H-i686-pc-linux-gnu/bin/../lib/gcc/nios2-elf/4.1.2/libgcc.a(_usi_to_df.o)
 .comment       0x00000000       0x27 /OPT/altera/12.1/nios2eds/bin/gnu/H-i686-pc-linux-gnu/bin/../lib/gcc/nios2-elf/4.1.2/libgcc.a(lib2-divmod.o)
 .comment       0x00000000       0x27 /OPT/altera/12.1/nios2eds/bin/gnu/H-i686-pc-linux-gnu/bin/../lib/gcc/nios2-elf/4.1.2/libgcc.a(_muldi3.o)